 DPC_Model_sfun

 Timestamp is 551806b5 (Sun Mar 29 19:35:41 2015)

 Preferred load address is 0000000180000000

 Start         Length     Name                   Class
 0001:00000000 00054294H .text                   CODE
 0001:000542a0 00000092H .text$x                 CODE
 0002:00000000 000004d0H .idata$5                DATA
 0002:000004d0 00000008H .CRT$XCA                DATA
 0002:000004d8 00000008H .CRT$XCZ                DATA
 0002:000004e0 00000008H .CRT$XIA                DATA
 0002:000004e8 00000008H .CRT$XIAA               DATA
 0002:000004f0 00000008H .CRT$XIZ                DATA
 0002:00000500 00004b9cH .rdata                  DATA
 0002:000050a0 00000008H .rtc$IAA                DATA
 0002:000050a8 00000008H .rtc$IZZ                DATA
 0002:000050b0 00000008H .rtc$TAA                DATA
 0002:000050b8 00000008H .rtc$TZZ                DATA
 0002:000050c0 00004764H .xdata                  DATA
 0002:00009824 000000b4H .idata$2                DATA
 0002:000098d8 00000014H .idata$3                DATA
 0002:000098f0 000004d0H .idata$4                DATA
 0002:00009dc0 00000b3eH .idata$6                DATA
 0002:0000a900 00000054H .edata                  DATA
 0003:00000000 0000a86cH .data                   DATA
 0003:0000a880 00002518H .bss                    DATA
 0004:00000000 00003714H .pdata                  DATA

  Address         Publics by Value              Rva+Base               Lib:Object

 0000:00000000       ___safe_se_handler_count   0000000000000000     <absolute>
 0000:00000000       ___safe_se_handler_table   0000000000000000     <absolute>
 0000:00000000       __ImageBase                0000000180000000     <linker-defined>
 0001:00000000       sf_c1_DPC_Model_get_eml_resolved_functions_info 0000000180001000 f   c1_DPC_Model.obj
 0001:00004b80       sf_c1_DPC_Model_get_check_sum 0000000180005b80 f   c1_DPC_Model.obj
 0001:00004c00       sf_c1_DPC_Model_get_autoinheritance_info 0000000180005c00 f   c1_DPC_Model.obj
 0001:00005170       sf_c1_DPC_Model_third_party_uses_info 0000000180006170 f   c1_DPC_Model.obj
 0001:000051a0       sf_internal_get_sim_state_c1_DPC_Model 00000001800061a0 f   c1_DPC_Model.obj
 0001:00005590       sf_internal_set_sim_state_c1_DPC_Model 0000000180006590 f   c1_DPC_Model.obj
 0001:00005ae0       c1_DPC_Model_method_dispatcher 0000000180006ae0 f   c1_DPC_Model.obj
 0001:0000e8a0       sf_c2_DPC_Model_get_eml_resolved_functions_info 000000018000f8a0 f   c2_DPC_Model.obj
 0001:0000ff30       sf_c2_DPC_Model_get_check_sum 0000000180010f30 f   c2_DPC_Model.obj
 0001:0000ffb0       sf_c2_DPC_Model_get_autoinheritance_info 0000000180010fb0 f   c2_DPC_Model.obj
 0001:00010910       sf_c2_DPC_Model_third_party_uses_info 0000000180011910 f   c2_DPC_Model.obj
 0001:00010940       sf_internal_get_sim_state_c2_DPC_Model 0000000180011940 f   c2_DPC_Model.obj
 0001:00010f80       sf_internal_set_sim_state_c2_DPC_Model 0000000180011f80 f   c2_DPC_Model.obj
 0001:000117f0       c2_DPC_Model_method_dispatcher 00000001800127f0 f   c2_DPC_Model.obj
 0001:00018470       sf_c3_DPC_Model_get_eml_resolved_functions_info 0000000180019470 f   c3_DPC_Model.obj
 0001:00018e80       sf_c3_DPC_Model_get_check_sum 0000000180019e80 f   c3_DPC_Model.obj
 0001:00018f00       sf_c3_DPC_Model_get_autoinheritance_info 0000000180019f00 f   c3_DPC_Model.obj
 0001:00019470       sf_c3_DPC_Model_third_party_uses_info 000000018001a470 f   c3_DPC_Model.obj
 0001:000194a0       sf_internal_get_sim_state_c3_DPC_Model 000000018001a4a0 f   c3_DPC_Model.obj
 0001:00019890       sf_internal_set_sim_state_c3_DPC_Model 000000018001a890 f   c3_DPC_Model.obj
 0001:00019de0       c3_DPC_Model_method_dispatcher 000000018001ade0 f   c3_DPC_Model.obj
 0001:0001cc70       sf_c4_DPC_Model_get_eml_resolved_functions_info 000000018001dc70 f   c4_DPC_Model.obj
 0001:0001d900       sf_c4_DPC_Model_get_check_sum 000000018001e900 f   c4_DPC_Model.obj
 0001:0001d980       sf_c4_DPC_Model_get_autoinheritance_info 000000018001e980 f   c4_DPC_Model.obj
 0001:0001def0       sf_c4_DPC_Model_third_party_uses_info 000000018001eef0 f   c4_DPC_Model.obj
 0001:0001df20       sf_internal_get_sim_state_c4_DPC_Model 000000018001ef20 f   c4_DPC_Model.obj
 0001:0001e340       sf_internal_set_sim_state_c4_DPC_Model 000000018001f340 f   c4_DPC_Model.obj
 0001:0001e890       c4_DPC_Model_method_dispatcher 000000018001f890 f   c4_DPC_Model.obj
 0001:00021e20       sf_process_check_sum_call  0000000180022e20 f   DPC_Model_sfun_registry.obj
 0001:00021e70       sf_process_autoinheritance_call 0000000180022e70 f   DPC_Model_sfun_registry.obj
 0001:00022010       sf_process_get_third_party_uses_info_call 0000000180023010 f   DPC_Model_sfun_registry.obj
 0001:000221b0       sf_process_get_eml_resolved_functions_info_call 00000001800231b0 f   DPC_Model_sfun_registry.obj
 0001:00022330       sf_mex_unlock_call         0000000180023330 f   DPC_Model_sfun_registry.obj
 0001:000223e0       sf_machine_global_initializer_called 00000001800233e0 f   DPC_Model_sfun_registry.obj
 0001:00022410       sf_machine_global_method_dispatcher 0000000180023410 f   DPC_Model_sfun_registry.obj
 0001:00022470       sf_machine_global_terminator 0000000180023470 f   DPC_Model_sfun_registry.obj
 0001:000224c0       sf_register_machine_exported_symbols 00000001800234c0 f   DPC_Model_sfun_registry.obj
 0001:000224e0       callCustomFcn              00000001800234e0 f   DPC_Model_sfun_registry.obj
 0001:000224f0       sf_machine_global_initializer 00000001800234f0 f   DPC_Model_sfun_registry.obj
 0001:00022570       _ssSetStateAbsTol          0000000180023570 f   DPC_Model_sfun_registry.obj
 0001:00022650       _ssGetAbsTol               0000000180023650 f   DPC_Model_sfun_registry.obj
 0001:000226c0       _ssSetInputPortMatrixDimensions 00000001800236c0 f   DPC_Model_sfun_registry.obj
 0001:000227d0       _ssSetOutputPortMatrixDimensions 00000001800237d0 f   DPC_Model_sfun_registry.obj
 0001:000228e0       _ssSetInputPortVectorDimension 00000001800238e0 f   DPC_Model_sfun_registry.obj
 0001:000229b0       _ssSetOutputPortVectorDimension 00000001800239b0 f   DPC_Model_sfun_registry.obj
 0001:00022a80       ssIsRunTimeParamTunable    0000000180023a80 f   DPC_Model_sfun_registry.obj
 0001:00022af0       ssGetSFuncBlockHandle      0000000180023af0 f   DPC_Model_sfun_registry.obj
 0001:00022b60       _ssGetCurrentInputPortWidth 0000000180023b60 f   DPC_Model_sfun_registry.obj
 0001:00022c80       _ssGetCurrentOutputPortWidth 0000000180023c80 f   DPC_Model_sfun_registry.obj
 0001:00022da0       _ssGetCallSystemNumFcnCallDestinations 0000000180023da0 f   DPC_Model_sfun_registry.obj
 0001:00022e10       ssWarning                  0000000180023e10 f   DPC_Model_sfun_registry.obj
 0001:00022f20       ssGetIsZeroCrossControlDisabled 0000000180023f20 f   DPC_Model_sfun_registry.obj
 0001:00022f90       ssSetIsInputPortUsedForContZcSignal 0000000180023f90 f   DPC_Model_sfun_registry.obj
 0001:00023000       ssSetZcSignalIsZcElementDisc 0000000180024000 f   DPC_Model_sfun_registry.obj
 0001:000230b0       ssSetZcSignalName          00000001800240b0 f   DPC_Model_sfun_registry.obj
 0001:00023120       ssSetZcSignalWidth         0000000180024120 f   DPC_Model_sfun_registry.obj
 0001:00023190       ssSetZcSignalZcEventType   0000000180024190 f   DPC_Model_sfun_registry.obj
 0001:00023200       ssSetZcSignalType          0000000180024200 f   DPC_Model_sfun_registry.obj
 0001:00023270       ssSetZcSignalZcTol         0000000180024270 f   DPC_Model_sfun_registry.obj
 0001:000232e0       ssSetZcSignalNeedsEventNotification 00000001800242e0 f   DPC_Model_sfun_registry.obj
 0001:00023350       ssCreateAndAddZcSignalInfo 0000000180024350 f   DPC_Model_sfun_registry.obj
 0001:000233c0       ssCloneAndAddZcSignalInfo  00000001800243c0 f   DPC_Model_sfun_registry.obj
 0001:00023430       ssGetNumZcSignals          0000000180024430 f   DPC_Model_sfun_registry.obj
 0001:000234a0       ssGetZcSignalVector        00000001800244a0 f   DPC_Model_sfun_registry.obj
 0001:00023510       ssGetZcSignalZcEvents      0000000180024510 f   DPC_Model_sfun_registry.obj
 0001:00023580       ssGetZcSignalName          0000000180024580 f   DPC_Model_sfun_registry.obj
 0001:000235f0       ssGetZcSignalWidth         00000001800245f0 f   DPC_Model_sfun_registry.obj
 0001:00023660       ssGetZcSignalZcEventType   0000000180024660 f   DPC_Model_sfun_registry.obj
 0001:000236d0       ssGetZcSignalType          00000001800246d0 f   DPC_Model_sfun_registry.obj
 0001:00023740       ssGetZcSignalZcTol         0000000180024740 f   DPC_Model_sfun_registry.obj
 0001:000237c0       ssGetZcSignalNeedsEventNotification 00000001800247c0 f   DPC_Model_sfun_registry.obj
 0001:00023830       ssGetZcSignalIsZcElementDisc 0000000180024830 f   DPC_Model_sfun_registry.obj
 0001:000238d0       ssGetIsInputPortElementContinuous 00000001800248d0 f   DPC_Model_sfun_registry.obj
 0001:00023970       _ssGetInputPortSignalPtrsFcn 0000000180024970 f   DPC_Model_sfun_registry.obj
 0001:00023c30       _ssGetInputPortSignalFcn   0000000180024c30 f   DPC_Model_sfun_registry.obj
 0001:00023e50       _ssSetInputPortDirectFeedThroughFcn 0000000180024e50 f   DPC_Model_sfun_registry.obj
 0001:00023fb0       _ssSetInputPortReusableFcn 0000000180024fb0 f   DPC_Model_sfun_registry.obj
 0001:000240a0       _ssSetOutputPortReusableFcn 00000001800250a0 f   DPC_Model_sfun_registry.obj
 0001:00024180       ssGetDTypeIdFromMxArray    0000000180025180 f   DPC_Model_sfun_registry.obj
 0001:000242a0       ssWriteRTWStr              00000001800252a0 f   DPC_Model_sfun_registry.obj
 0001:00024300       ssWriteRTWMxVectParam      0000000180025300 f   DPC_Model_sfun_registry.obj
 0001:00024360       ssWriteRTWMx2dMatParam     0000000180025360 f   DPC_Model_sfun_registry.obj
 0001:000243e0       ssWriteRTWNameValuePair    00000001800253e0 f   DPC_Model_sfun_registry.obj
 0001:000248d0       ssWriteRTWParameters       00000001800258d0 f   DPC_Model_sfun_registry.obj
 0001:00024ed0       ssWriteRTWParamSettings    0000000180025ed0 f   DPC_Model_sfun_registry.obj
 0001:000255a0       ssWriteRTWWorkVect         00000001800265a0 f   DPC_Model_sfun_registry.obj
 0001:00025aa0       mexFunction                0000000180026aa0 f   DPC_Model_sfun_registry.obj
 0001:000277d0       ProcessMexSfunctionEveryCall 00000001800287d0 f   DPC_Model_sfun_registry.obj
 0001:00027940       DPC_Model_initializer      0000000180028940 f   DPC_Model_sfun.obj
 0001:00027950       DPC_Model_terminator       0000000180028950 f   DPC_Model_sfun.obj
 0001:00027960       sf_DPC_Model_method_dispatcher 0000000180028960 f   DPC_Model_sfun.obj
 0001:00027a10       sf_DPC_Model_process_check_sum_call 0000000180028a10 f   DPC_Model_sfun.obj
 0001:00027e60       sf_DPC_Model_autoinheritance_info 0000000180028e60 f   DPC_Model_sfun.obj
 0001:000280c0       sf_DPC_Model_get_eml_resolved_functions_info 00000001800290c0 f   DPC_Model_sfun.obj
 0001:000282b0       sf_DPC_Model_third_party_uses_info 00000001800292b0 f   DPC_Model_sfun.obj
 0001:000284a0       DPC_Model_debug_initialize 00000001800294a0 f   DPC_Model_sfun.obj
 0001:00028520       DPC_Model_register_exported_symbols 0000000180029520 f   DPC_Model_sfun.obj
 0001:00028530       load_DPC_Model_optimization_info 0000000180029530 f   DPC_Model_sfun.obj
 0001:00028580       unload_DPC_Model_optimization_info 0000000180029580 f   DPC_Model_sfun.obj
 0001:000286a0       sf_mex_mx_is_numeric       00000001800296a0 f   sfc_mex:sfc_mex.obj
 0001:000286e0       strcmp_ignore_ws           00000001800296e0 f   sfc_mex:sfc_mex.obj
 0001:00028820       sf_mex_duplicatearraysafe  0000000180029820 f   sfc_mex:sfc_mex.obj
 0001:00028980       sf_set_error_debugger_context_message_fcn 0000000180029980 f   sfc_mex:sfc_mex.obj
 0001:00028990       sf_set_debugger_matlab_error_fcn 0000000180029990 f   sfc_mex:sfc_mex.obj
 0001:000289d0       sf_set_error_prefix_string 00000001800299d0 f   sfc_mex:sfc_mex.obj
 0001:00028a00       sf_get_error_prefix_string 0000000180029a00 f   sfc_mex:sfc_mex.obj
 0001:00028a10       sf_mex_enter_parallel_region 0000000180029a10 f   sfc_mex:sfc_mex.obj
 0001:00028a20       sf_mex_exit_parallel_region 0000000180029a20 f   sfc_mex:sfc_mex.obj
 0001:00028a30       sf_get_current_jmp_buf_ptr 0000000180029a30 f   sfc_mex:sfc_mex.obj
 0001:00028a40       sf_set_current_jmp_buf_ptr 0000000180029a40 f   sfc_mex:sfc_mex.obj
 0001:00028a50       sf_mex_set_halt_simulation 0000000180029a50 f   sfc_mex:sfc_mex.obj
 0001:00028a60       sf_mex_get_halt_simulation 0000000180029a60 f   sfc_mex:sfc_mex.obj
 0001:00028a70       sf_mex_clear_error_message 0000000180029a70 f   sfc_mex:sfc_mex.obj
 0001:00028a90       sf_mex_get_error_message_for_read 0000000180029a90 f   sfc_mex:sfc_mex.obj
 0001:00028aa0       sf_mex_get_error_message_buffer_length 0000000180029aa0 f   sfc_mex:sfc_mex.obj
 0001:00028b80       sf_mex_warning_message     0000000180029b80 f   sfc_mex:sfc_mex.obj
 0001:00028bf0       sf_mex_v_errbuf_createf    0000000180029bf0 f   sfc_mex:sfc_mex.obj
 0001:00028c00       sf_mex_errbuf_createf      0000000180029c00 f   sfc_mex:sfc_mex.obj
 0001:00028c30       sf_mex_v_errbuf_catf       0000000180029c30 f   sfc_mex:sfc_mex.obj
 0001:00028c70       sf_mex_errbuf_catf         0000000180029c70 f   sfc_mex:sfc_mex.obj
 0001:00028cc0       sf_mex_errbuf_copy         0000000180029cc0 f   sfc_mex:sfc_mex.obj
 0001:00028cd0       sf_mex_errbuf_clear        0000000180029cd0 f   sfc_mex:sfc_mex.obj
 0001:00028ce0       sf_mex_errbuf_isempty      0000000180029ce0 f   sfc_mex:sfc_mex.obj
 0001:00028de0       sf_mex_set_error_status    0000000180029de0 f   sfc_mex:sfc_mex.obj
 0001:00028e30       sf_mex_error_direct_call   0000000180029e30 f   sfc_mex:sfc_mex.obj
 0001:00028e50       sf_mex_error_message_no_long_jump 0000000180029e50 f   sfc_mex:sfc_mex.obj
 0001:00028e70       sf_mex_long_jump_on_error  0000000180029e70 f   sfc_mex:sfc_mex.obj
 0001:00028ea0       sf_mex_call_matlab         0000000180029ea0 f   sfc_mex:sfc_mex.obj
 0001:00028fc0       sf_mex_check_builtin       0000000180029fc0 f   sfc_mex:sfc_mex.obj
 0001:00029060       sf_mex_check_builtin_vs    000000018002a060 f   sfc_mex:sfc_mex.obj
 0001:00029120       sf_mex_check_enum          000000018002a120 f   sfc_mex:sfc_mex.obj
 0001:000291a0       sf_mex_create_enum         000000018002a1a0 f   sfc_mex:sfc_mex.obj
 0001:00029210       sf_mex_get_enum_element    000000018002a210 f   sfc_mex:sfc_mex.obj
 0001:00029220       sf_mex_createcellarray     000000018002a220 f   sfc_mex:sfc_mex.obj
 0001:00029230       sf_mex_setcell             000000018002a230 f   sfc_mex:sfc_mex.obj
 0001:00029240       sf_mex_getcell             000000018002a240 f   sfc_mex:sfc_mex.obj
 0001:00029250       sf_mex_dup                 000000018002a250 f   sfc_mex:sfc_mex.obj
 0001:00029270       sf_mex_assign              000000018002a270 f   sfc_mex:sfc_mex.obj
 0001:000292f0       sf_mex_destroy             000000018002a2f0 f   sfc_mex:sfc_mex.obj
 0001:00029320       mx_array_has_fi_type       000000018002a320 f   sfc_mex:sfc_mex.obj
 0001:00029350       sf_mex_convert_from_fi     000000018002a350 f   sfc_mex:sfc_mex.obj
 0001:00029480       sf_mex_convert_to_double   000000018002a480 f   sfc_mex:sfc_mex.obj
 0001:000295a0       sf_mex_import_fi_vs        000000018002a5a0 f   sfc_mex:sfc_mex.obj
 0001:000297d0       sf_matrix_matrix_index_ok  000000018002a7d0 f   sfc_mex:sfc_mex.obj
 0001:00029860       sf_vector_vector_index_ok  000000018002a860 f   sfc_mex:sfc_mex.obj
 0001:00029890       ssGetCurrentInputPortDimensions_wrapper 000000018002a890 f   sfc_mex:sfc_mex.obj
 0001:000298b0       ssGetCurrentOutputPortDimensions_wrapper 000000018002a8b0 f   sfc_mex:sfc_mex.obj
 0001:000298d0       sf_mex_emlrt_context_is_debug_mode 000000018002a8d0 f   sfc_mex:sfc_mex.obj
 0001:000298e0       sf_mex_emlrt_context_set_debug_mode 000000018002a8e0 f   sfc_mex:sfc_mex.obj
 0001:000298f0       sf_mex_emlrtNameCapturePostProcessR2012a 000000018002a8f0 f   sfc_mex:sfc_mex.obj
 0001:00029960       sf_clear_error_manager_info 000000018002a960 f   sfc_mex:sfc_mex.obj
 0001:000299c0       sf_mex_stop_simulation_abruptly_wo_error 000000018002a9c0 f   sfc_mex:sfc_mex.obj
 0001:00029a00       sf_mex_error_message       000000018002aa00 f   sfc_mex:sfc_mex.obj
 0001:00029a70       sf_react_to_error_in_matlab_call 000000018002aa70 f   sfc_mex:sfc_mex.obj
 0001:00029aa0       sf_mex_addfield            000000018002aaa0 f   sfc_mex:sfc_mex.obj
 0001:00029b40       sf_mex_getfield            000000018002ab40 f   sfc_mex:sfc_mex.obj
 0001:00029e40       sf_mex_check_class         000000018002ae40 f   sfc_mex:sfc_mex.obj
 0001:00029ee0       sf_mex_is_real             000000018002aee0 f   sfc_mex:sfc_mex.obj
 0001:0002a350       sf_mex_decode_encoded_mx_struct_array 000000018002b350 f   sfc_mex:sfc_mex.obj
 0001:0002a640       sf_mex_lw_bounds_check     000000018002b640 f   sfc_mex:sfc_mex.obj
 0001:0002a670       sf_mex_lw_size_eq_check_1d 000000018002b670 f   sfc_mex:sfc_mex.obj
 0001:0002a690       sf_mex_lw_size_eq_check_nd 000000018002b690 f   sfc_mex:sfc_mex.obj
 0001:0002a870       sf_mex_lw_dim_size_eq_check 000000018002b870 f   sfc_mex:sfc_mex.obj
 0001:0002a8a0       sf_mex_lw_dim_size_geq_check 000000018002b8a0 f   sfc_mex:sfc_mex.obj
 0001:0002a8d0       sf_mex_lw_sub_assign_size_check_nd 000000018002b8d0 f   sfc_mex:sfc_mex.obj
 0001:0002aaa0       sf_mex_lw_runtime_error_msgid 000000018002baa0 f   sfc_mex:sfc_mex.obj
 0001:0002ab90       sf_mex_lw_matrix_matrix_index_check 000000018002bb90 f   sfc_mex:sfc_mex.obj
 0001:0002abb0       sf_mex_lw_vector_vector_index_check 000000018002bbb0 f   sfc_mex:sfc_mex.obj
 0001:0002abf0       sf_mex_lw_for_loop_vector_check 000000018002bbf0 f   sfc_mex:sfc_mex.obj
 0001:0002ac80       sf_mex_lw_non_negative_check 000000018002bc80 f   sfc_mex:sfc_mex.obj
 0001:0002acc0       sf_mex_overflow_error      000000018002bcc0 f   sfc_mex:sfc_mex.obj
 0001:0002acd0       sf_mex_dividebyzero_error  000000018002bcd0 f   sfc_mex:sfc_mex.obj
 0001:0002ace0       sf_mex_unsafe_enum_error   000000018002bce0 f   sfc_mex:sfc_mex.obj
 0001:0002acf0       sf_emlrtErrHandler         000000018002bcf0 f   sfc_mex:sfc_mex.obj
 0001:0002add0       sf_mex_size_one_check      000000018002bdd0 f   sfc_mex:sfc_mex.obj
 0001:0002adf0       sf_mex_printf              000000018002bdf0 f   sfc_mex:sfc_mex.obj
 0001:0002afc0       sf_mex_check_size          000000018002bfc0 f   sfc_mex:sfc_mex.obj
 0001:0002b260       sf_mex_check_struct        000000018002c260 f   sfc_mex:sfc_mex.obj
 0001:0002b4c0       sf_mex_check_struct_vs     000000018002c4c0 f   sfc_mex:sfc_mex.obj
 0001:0002b550       sf_mex_check_fi            000000018002c550 f   sfc_mex:sfc_mex.obj
 0001:0002b650       sf_mex_check_fi_vs         000000018002c650 f   sfc_mex:sfc_mex.obj
 0001:0002b6f0       sf_echo_expression         000000018002c6f0 f   sfc_mex:sfc_mex.obj
 0001:0002b750       sf_assertion_failed        000000018002c750 f   sfc_mex:sfc_mex.obj
 0001:0002ba30       sf_mex_evalin              000000018002ca30 f   sfc_mex:sfc_mex.obj
 0001:0002bca0       sf_mex_export              000000018002cca0 f   sfc_mex:sfc_mex.obj
 0001:0002bd60       sf_mex_get_ml_var_no_error 000000018002cd60 f   sfc_mex:sfc_mex.obj
 0001:0002bf00       sf_mex_get_ml_var          000000018002cf00 f   sfc_mex:sfc_mex.obj
 0001:0002c390       ml_set_element_value_in_array 000000018002d390 f   sfc_mex:sfc_mex.obj
 0001:0002d450       sf_mex_call_impl           000000018002e450 f   sfc_mex:sfc_mex.obj
 0001:0002d870       sf_mex_call_debug          000000018002e870 f   sfc_mex:sfc_mex.obj
 0001:0002d8a0       sf_mex_call                000000018002e8a0 f   sfc_mex:sfc_mex.obj
 0001:0002def0       sf_mex_createstruct        000000018002eef0 f   sfc_mex:sfc_mex.obj
 0001:0002e000       sf_mex_createstructarray   000000018002f000 f   sfc_mex:sfc_mex.obj
 0001:0002e080       sf_mex_get_mx_datatype_from_sf_datatype 000000018002f080 f   sfc_mex:sfc_mex.obj
 0001:0002e390       sf_mex_ml_var_sub          000000018002f390 f   sfc_mex:sfc_mex.obj
 0001:0002e570       sf_mex_ml_var_subsasgn     000000018002f570 f   sfc_mex:sfc_mex.obj
 0001:0002e970       sf_mex_sub                 000000018002f970 f   sfc_mex:sfc_mex.obj
 0001:0002eb80       sf_mex_subsasgn            000000018002fb80 f   sfc_mex:sfc_mex.obj
 0001:0002f090       sf_mex_create              0000000180030090 f   sfc_mex:sfc_mex.obj
 0001:0002fa30       sf_mex_import_named        0000000180030a30 f   sfc_mex:sfc_mex.obj
 0001:0002fa90       sf_mex_import              0000000180030a90 f   sfc_mex:sfc_mex.obj
 0001:0002fae0       sf_mex_import_vs           0000000180030ae0 f   sfc_mex:sfc_mex.obj
 0001:0002fbf0       sf_mex_lower_fixpt_mx_array 0000000180030bf0 f   sfc_mex:sfc_mex.obj
 0001:0002fef0       sf_send_message_wrapper    0000000180030ef0 f   sfc_mex:sfc_sf.obj
 0001:0002ff20       sf_receive_message_wrapper 0000000180030f20 f   sfc_mex:sfc_sf.obj
 0001:0002ff60       sf_check_out_message_wrapper 0000000180030f60 f   sfc_mex:sfc_sf.obj
 0001:0002ffa0       sf_check_in_message_wrapper 0000000180030fa0 f   sfc_mex:sfc_sf.obj
 0001:0002ffe0       sf_no_message_wrapper      0000000180030fe0 f   sfc_mex:sfc_sf.obj
 0001:00030370       sim_mode_is_rtw_gen        0000000180031370 f   sfc_mex:sfc_sf.obj
 0001:000303a0       sim_mode_is_external       00000001800313a0 f   sfc_mex:sfc_sf.obj
 0001:000303b0       sim_mode_is_modelref_sim   00000001800313b0 f   sfc_mex:sfc_sf.obj
 0001:000303d0       mdlInitializeSizes         00000001800313d0 f   sfc_mex:sfc_sf.obj
 0001:000303f0       mdlInitializeSampleTimes   00000001800313f0 f   sfc_mex:sfc_sf.obj
 0001:00030430       mdlZeroCrossings           0000000180031430 f   sfc_mex:sfc_sf.obj
 0001:00030520       mdlDerivatives             0000000180031520 f   sfc_mex:sfc_sf.obj
 0001:000305e0       mdl_initialize_conditions_processing 00000001800315e0 f   sfc_mex:sfc_sf.obj
 0001:00030610       mdlInitializeConditions    0000000180031610 f   sfc_mex:sfc_sf.obj
 0001:000306d0       mdlGetSimState             00000001800316d0 f   sfc_mex:sfc_sf.obj
 0001:000306e0       mdlSetSimState             00000001800316e0 f   sfc_mex:sfc_sf.obj
 0001:000306f0       mdl_ext_mode_exec_processing 00000001800316f0 f   sfc_mex:sfc_sf.obj
 0001:00030710       mdlExtModeExec             0000000180031710 f   sfc_mex:sfc_sf.obj
 0001:000308b0       mdlTerminate               00000001800318b0 f   sfc_mex:sfc_sf.obj
 0001:00030920       mdlRTW                     0000000180031920 f   sfc_mex:sfc_sf.obj
 0001:00030950       mdlSetWorkWidths           0000000180031950 f   sfc_mex:sfc_sf.obj
 0001:00030960       mdlProcessParameters       0000000180031960 f   sfc_mex:sfc_sf.obj
 0001:00030970       mdl_start_processing       0000000180031970 f   sfc_mex:sfc_sf.obj
 0001:000309d0       mdlStart                   00000001800319d0 f   sfc_mex:sfc_sf.obj
 0001:00030ae0       mdlEnable                  0000000180031ae0 f   sfc_mex:sfc_sf.obj
 0001:00030bc0       mdlDisable                 0000000180031bc0 f   sfc_mex:sfc_sf.obj
 0001:00030c80       sf_get_chart_instance_ptr  0000000180031c80 f   sfc_mex:sfc_sf.obj
 0001:00030ca0       sf_load_rtw_optimization_info 0000000180031ca0 f   sfc_mex:sfc_sf.obj
 0001:00030d70       sf_update_buildInfo        0000000180031d70 f   sfc_mex:sfc_sf.obj
 0001:00030e70       sf_rtw_info_uint_prop      0000000180031e70 f   sfc_mex:sfc_sf.obj
 0001:00030fb0       sf_is_chart_inlinable      0000000180031fb0 f   sfc_mex:sfc_sf.obj
 0001:00030fd0       sf_mark_output_events_with_multiple_callers 0000000180031fd0 f   sfc_mex:sfc_sf.obj
 0001:00031160       sf_mark_chart_reusable_outputs 0000000180032160 f   sfc_mex:sfc_sf.obj
 0001:000313c0       sf_mark_chart_expressionable_inputs 00000001800323c0 f   sfc_mex:sfc_sf.obj
 0001:00031620       sf_get_subchart_simstruct  0000000180032620 f   sfc_mex:sfc_sf.obj
 0001:00031670       sf_get_fixpt_data_type_id  0000000180032670 f   sfc_mex:sfc_sf.obj
 0001:000316b0       sf_get_enum_data_type_id   00000001800326b0 f   sfc_mex:sfc_sf.obj
 0001:000316f0       sf_get_param_data_type_id  00000001800326f0 f   sfc_mex:sfc_sf.obj
 0001:00031720       sf_mex_listen_for_ctrl_c_force 0000000180032720 f   sfc_mex:sfc_sf.obj
 0001:00031830       sf_mex_draw_now            0000000180032830 f   sfc_mex:sfc_sf.obj
 0001:00031870       sf_mex_set_debugger_sim_status_listener_fcn 0000000180032870 f   sfc_mex:sfc_sf.obj
 0001:00031880       sf_mex_listen_for_ctrl_c   0000000180032880 f   sfc_mex:sfc_sf.obj
 0001:00031920       sf_mex_get_sfun_param      0000000180032920 f   sfc_mex:sfc_sf.obj
 0001:00031970       sf_get_runtime_param_data  0000000180032970 f   sfc_mex:sfc_sf.obj
 0001:000319b0       sf_call_output_fcn_call    00000001800329b0 f   sfc_mex:sfc_sf.obj
 0001:00031af0       sf_call_output_fcn_enable  0000000180032af0 f   sfc_mex:sfc_sf.obj
 0001:00031b80       sf_call_output_fcn_disable 0000000180032b80 f   sfc_mex:sfc_sf.obj
 0001:00031c10       sf_clear_rtw_identifier    0000000180032c10 f   sfc_mex:sfc_sf.obj
 0001:00032430       sf_set_encoded_dwork_info  0000000180033430 f   sfc_mex:sfc_sf.obj
 0001:00032480       sf_get_dwork_info_from_mat_file 0000000180033480 f   sfc_mex:sfc_sf.obj
 0001:00032640       sf_set_rtw_dwork_info      0000000180033640 f   sfc_mex:sfc_sf.obj
 0001:000327b0       mdlOutputs                 00000001800337b0 f   sfc_mex:sfc_sf.obj
 0001:000328d0       sf_debug_chart_instance_initialized_quick 00000001800338d0 f   sfc_debug:sfcdebug.obj
 0001:00032950       sf_debug_disp              0000000180033950 f   sfc_debug:sfcdebug.obj
 0001:00032c20       sf_debug_data_runtime_size_mismatch_error_check 0000000180033c20 f   sfc_debug:sfcdebug.obj
 0001:00032cd0       sf_debug_try_loading_machine 0000000180033cd0 f   sfc_debug:sfcdebug.obj
 0001:00032dd0       sf_debug_reset_current_state_configuration 0000000180033dd0 f   sfc_debug:sfcdebug.obj
 0001:00032e50       sf_debug_store_current_state_configuration 0000000180033e50 f   sfc_debug:sfcdebug.obj
 0001:00032ed0       sf_debug_restore_previous_state_configuration 0000000180033ed0 f   sfc_debug:sfcdebug.obj
 0001:00032f50       sf_debug_restore_previous_state_configuration2 0000000180033f50 f   sfc_debug:sfcdebug.obj
 0001:00032fd0       sf_debug_get_event_scope   0000000180033fd0 f   sfc_debug:sfcdebug.obj
 0001:00033140       use_debugger_step_animation 0000000180034140 f   sfc_debug:sfcdebug.obj
 0001:00033160       sf_debug_get_script_id     0000000180034160 f   sfc_debug:sfcdebug.obj
 0001:000331f0       sf_debug_set_script_translation 00000001800341f0 f   sfc_debug:sfcdebug.obj
 0001:00033370       sf_debug_extract_message_post_receive_info 0000000180034370 f   sfc_debug:sfcdebug.obj
 0001:00033530       sf_debug_get_current_machine_id 0000000180034530 f   sfc_debug:sfcdebug.obj
 0001:00033550       sf_debug_get_current_optional_integer 0000000180034550 f   sfc_debug:sfcdebug.obj
 0001:00033560       sf_debug_get_current_machine_number 0000000180034560 f   sfc_debug:sfcdebug.obj
 0001:00033580       sf_debug_get_current_machine_name 0000000180034580 f   sfc_debug:sfcdebug.obj
 0001:000335a0       sf_debug_get_current_chart_id 00000001800345a0 f   sfc_debug:sfcdebug.obj
 0001:000335e0       sf_debug_get_current_chart_number 00000001800345e0 f   sfc_debug:sfcdebug.obj
 0001:000335f0       sf_debug_get_current_instance_number 00000001800345f0 f   sfc_debug:sfcdebug.obj
 0001:00033600       sf_debug_get_current_is_minor_time_step 0000000180034600 f   sfc_debug:sfcdebug.obj
 0001:00033680       sf_debug_get_current_object_type 0000000180034680 f   sfc_debug:sfcdebug.obj
 0001:00033690       sf_debug_get_current_instance_handle 0000000180034690 f   sfc_debug:sfcdebug.obj
 0001:000336f0       sf_debug_get_current_event_type 00000001800346f0 f   sfc_debug:sfcdebug.obj
 0001:00033700       sf_debug_get_current_object_id 0000000180034700 f   sfc_debug:sfcdebug.obj
 0001:00033740       sf_debug_get_current_active_event_type 0000000180034740 f   sfc_debug:sfcdebug.obj
 0001:00033750       sf_debug_get_current_active_event_id 0000000180034750 f   sfc_debug:sfcdebug.obj
 0001:00033790       sf_debug_get_current_tag_type 0000000180034790 f   sfc_debug:sfcdebug.obj
 0001:000337a0       sf_debug_get_current_simulation_time 00000001800347a0 f   sfc_debug:sfcdebug.obj
 0001:000337b0       sf_debug_get_current_coverage_percentage 00000001800347b0 f   sfc_debug:sfcdebug.obj
 0001:000337c0       sf_debug_current_statement_context 00000001800347c0 f   sfc_debug:sfcdebug.obj
 0001:00033840       sf_debug_get_current_statement_info 0000000180034840 f   sfc_debug:sfcdebug.obj
 0001:000339e0       sf_debug_terminate_instance 00000001800349e0 f   sfc_debug:sfcdebug.obj
 0001:00033d00       sf_debug_assertion_failed  0000000180034d00 f   sfc_debug:sfcdebug.obj
 0001:00033ed0       sf_debug_create_debug_instance_struct 0000000180034ed0 f   sfc_debug:sfcdebug.obj
 0001:00033f20       sf_debug_set_number_of_data_with_change_event_for_machine 0000000180034f20 f   sfc_debug:sfcdebug.obj
 0001:00033f70       sf_debug_set_machine_event_thresholds 0000000180034f70 f   sfc_debug:sfcdebug.obj
 0001:00033f90       sf_debug_set_machine_event_scope 0000000180034f90 f   sfc_debug:sfcdebug.obj
 0001:00033fe0       sf_debug_set_machine_data_thresholds 0000000180034fe0 f   sfc_debug:sfcdebug.obj
 0001:00034030       sf_debug_set_machine_data_scope 0000000180035030 f   sfc_debug:sfcdebug.obj
 0001:000340d0       sf_debug_set_machine_data_name 00000001800350d0 f   sfc_debug:sfcdebug.obj
 0001:00034180       sf_debug_set_machine_data_size 0000000180035180 f   sfc_debug:sfcdebug.obj
 0001:000342d0       sf_debug_set_machine_data_type 00000001800352d0 f   sfc_debug:sfcdebug.obj
 0001:00034440       sf_debug_get_chart_data_number 0000000180035440 f   sfc_debug:sfcdebug.obj
 0001:00034460       sf_debug_get_chart_event_number 0000000180035460 f   sfc_debug:sfcdebug.obj
 0001:00034480       sf_debug_set_chart_state_info 0000000180035480 f   sfc_debug:sfcdebug.obj
 0001:00034510       sf_debug_set_chart_decomposition 0000000180035510 f   sfc_debug:sfcdebug.obj
 0001:00034580       sf_debug_set_chart_substate_count 0000000180035580 f   sfc_debug:sfcdebug.obj
 0001:00034660       sf_debug_set_chart_substate_index 0000000180035660 f   sfc_debug:sfcdebug.obj
 0001:000346e0       sf_debug_set_chart_state_substate_count 00000001800356e0 f   sfc_debug:sfcdebug.obj
 0001:00034800       sf_debug_set_chart_state_substate_index 0000000180035800 f   sfc_debug:sfcdebug.obj
 0001:00034890       sf_debug_set_number_of_data_with_change_event_for_chart 0000000180035890 f   sfc_debug:sfcdebug.obj
 0001:00034920       sf_debug_set_number_of_states_with_entry_event_for_chart 0000000180035920 f   sfc_debug:sfcdebug.obj
 0001:000349a0       sf_debug_set_number_of_states_with_exit_event_for_chart 00000001800359a0 f   sfc_debug:sfcdebug.obj
 0001:00034a20       sf_debug_set_chart_disable_implicit_casting 0000000180035a20 f   sfc_debug:sfcdebug.obj
 0001:00034a90       sf_debug_set_chart_event_thresholds 0000000180035a90 f   sfc_debug:sfcdebug.obj
 0001:00034b10       sf_debug_set_chart_data_compiled_props 0000000180035b10 f   sfc_debug:sfcdebug.obj
 0001:00034e50       sf_debug_set_chart_data_props 0000000180035e50 f   sfc_debug:sfcdebug.obj
 0001:00035170       sf_debug_check_fi_license  0000000180036170 f   sfc_debug:sfcdebug.obj
 0001:00035330       sf_debug_symbol_scope_push 0000000180036330 f   sfc_debug:sfcdebug.obj
 0001:00035370       sf_debug_symbol_scope_push_eml 0000000180036370 f   sfc_debug:sfcdebug.obj
 0001:000353c0       sf_debug_symbol_scope_pop  00000001800363c0 f   sfc_debug:sfcdebug.obj
 0001:00035400       sf_debug_symbol_scope_add_importable 0000000180036400 f   sfc_debug:sfcdebug.obj
 0001:00035480       sf_debug_symbol_scope_add  0000000180036480 f   sfc_debug:sfcdebug.obj
 0001:00035500       sf_debug_symbol_scope_add_dyn_importable 0000000180036500 f   sfc_debug:sfcdebug.obj
 0001:000355c0       sf_debug_symbol_scope_add_dyn 00000001800365c0 f   sfc_debug:sfcdebug.obj
 0001:00035600       sf_debug_symbol_scope_add_eml_importable 0000000180036600 f   sfc_debug:sfcdebug.obj
 0001:00035640       sf_debug_symbol_scope_add_eml 0000000180036640 f   sfc_debug:sfcdebug.obj
 0001:00035680       sf_debug_symbol_scope_add_eml_dyn_importable 0000000180036680 f   sfc_debug:sfcdebug.obj
 0001:000356e0       sf_debug_symbol_scope_add_eml_dyn 00000001800366e0 f   sfc_debug:sfcdebug.obj
 0001:00035740       sf_debug_symbol_switch     0000000180036740 f   sfc_debug:sfcdebug.obj
 0001:00035760       sf_debug_symbol_scope_add_verbose 0000000180036760 f   sfc_debug:sfcdebug.obj
 0001:00035830       sf_debug_set_machine_data_value_ptr 0000000180036830 f   sfc_debug:sfcdebug.obj
 0001:00035870       sf_debug_set_instance_data_value_ptr 0000000180036870 f   sfc_debug:sfcdebug.obj
 0001:00035940       sf_debug_unset_instance_data_value_ptr 0000000180036940 f   sfc_debug:sfcdebug.obj
 0001:000359f0       sf_debug_set_chart_event_scope 00000001800369f0 f   sfc_debug:sfcdebug.obj
 0001:00035a70       sf_debug_set_chart_transition_coverage_maps 0000000180036a70 f   sfc_debug:sfcdebug.obj
 0001:00035b70       sf_debug_set_chart_state_coverage_maps 0000000180036b70 f   sfc_debug:sfcdebug.obj
 0001:00035c40       sf_debug_set_instance_transition_coverage_weights 0000000180036c40 f   sfc_debug:sfcdebug.obj
 0001:00035cd0       sf_debug_set_instance_state_coverage_weights 0000000180036cd0 f   sfc_debug:sfcdebug.obj
 0001:00035f20       sf_debug_unload_machine    0000000180036f20 f   sfc_debug:sfcdebug.obj
 0001:00035f70       sf_debug_load_machine      0000000180036f70 f   sfc_debug:sfcdebug.obj
 0001:00036080       sf_debug_set_active_instance_in_data_dictionary 0000000180037080 f   sfc_debug:sfcdebug.obj
 0001:00036260       sf_debug_set_active_instance 0000000180037260 f   sfc_debug:sfcdebug.obj
 0001:000363c0       sf_debug_chart_visiblity_change 00000001800373c0 f   sfc_debug:sfcdebug.obj
 0001:000364b0       sf_debug_select_chart      00000001800374b0 f   sfc_debug:sfcdebug.obj
 0001:00036610       sf_debug_set_instance_cv_ids 0000000180037610 f   sfc_debug:sfcdebug.obj
 0001:00036940       sf_debug_select_charts     0000000180037940 f   sfc_debug:sfcdebug.obj
 0001:00036af0       sf_debug_initialized       0000000180037af0 f   sfc_debug:sfcdebug.obj
 0001:00036b10       sf_debug_is_uninterruptible 0000000180037b10 f   sfc_debug:sfcdebug.obj
 0001:00036b40       sf_debug_initialize_debugger_gui 0000000180037b40 f   sfc_debug:sfcdebug.obj
 0001:00036f20       sf_debug_resume            0000000180037f20 f   sfc_debug:sfcdebug.obj
 0001:00036f40       sf_debug_go                0000000180037f40 f   sfc_debug:sfcdebug.obj
 0001:00036f50       sf_debug_break             0000000180037f50 f   sfc_debug:sfcdebug.obj
 0001:00036f60       sf_debug_step_over         0000000180037f60 f   sfc_debug:sfcdebug.obj
 0001:00036f70       sf_debug_step_out          0000000180037f70 f   sfc_debug:sfcdebug.obj
 0001:00036f80       sf_debug_set_disable_all_breakpoints 0000000180037f80 f   sfc_debug:sfcdebug.obj
 0001:00036f90       sf_debug_disable_all_breakpoints_and_go 0000000180037f90 f   sfc_debug:sfcdebug.obj
 0001:00036fa0       sf_debug_break_on_chart_entry 0000000180037fa0 f   sfc_debug:sfcdebug.obj
 0001:00036fb0       sf_debug_break_on_event_broadcast 0000000180037fb0 f   sfc_debug:sfcdebug.obj
 0001:00036fc0       sf_debug_break_on_state_entry 0000000180037fc0 f   sfc_debug:sfcdebug.obj
 0001:00036fd0       sf_debug_break_between_times 0000000180037fd0 f   sfc_debug:sfcdebug.obj
 0001:00036ff0       sf_debug_browse_data       0000000180037ff0 f   sfc_debug:sfcdebug.obj
 0001:00037000       sf_debug_watch_data        0000000180038000 f   sfc_debug:sfcdebug.obj
 0001:00037030       sf_debug_assign_data       0000000180038030 f   sfc_debug:sfcdebug.obj
 0001:00037040       sf_debug_whos              0000000180038040 f   sfc_debug:sfcdebug.obj
 0001:00037060       sf_debug_get_consistency_info 0000000180038060 f   sfc_debug:sfcdebug.obj
 0001:00037070       sf_debug_browse_trace      0000000180038070 f   sfc_debug:sfcdebug.obj
 0001:00037080       sf_debug_set_breakpoints   0000000180038080 f   sfc_debug:sfcdebug.obj
 0001:000371f0       sf_debug_set_eml_breakpoints 00000001800381f0 f   sfc_debug:sfcdebug.obj
 0001:00037350       sf_debug_set_script_breakpoints 0000000180038350 f   sfc_debug:sfcdebug.obj
 0001:000373d0       sf_debug_add_script_breakpoints 00000001800383d0 f   sfc_debug:sfcdebug.obj
 0001:00037440       sf_debug_clear_script_breakpoints 0000000180038440 f   sfc_debug:sfcdebug.obj
 0001:000374b0       sf_debug_query_script_breakpoints 00000001800384b0 f   sfc_debug:sfcdebug.obj
 0001:00037560       sf_debug_get_eml_script_id 0000000180038560 f   sfc_debug:sfcdebug.obj
 0001:000375b0       sf_debug_set_watch         00000001800385b0 f   sfc_debug:sfcdebug.obj
 0001:000377d0       sf_debug_get_instance_handle 00000001800387d0 f   sfc_debug:sfcdebug.obj
 0001:00037860       sf_debug_get_active_states 0000000180038860 f   sfc_debug:sfcdebug.obj
 0001:00037870       sf_debug_set_honor_breakpoints 0000000180038870 f   sfc_debug:sfcdebug.obj
 0001:00037880       sf_debug_get_animation     0000000180038880 f   sfc_debug:sfcdebug.obj
 0001:00037890       sf_debug_set_animation     0000000180038890 f   sfc_debug:sfcdebug.obj
 0001:000378a0       sf_debug_animate           00000001800388a0 f   sfc_debug:sfcdebug.obj
 0001:000378c0       sf_debug_cycle_detection_check 00000001800388c0 f   sfc_debug:sfcdebug.obj
 0001:000378d0       sf_debug_data_range_check  00000001800388d0 f   sfc_debug:sfcdebug.obj
 0001:000378e0       sf_debug_transition_conflict_check 00000001800388e0 f   sfc_debug:sfcdebug.obj
 0001:000378f0       sf_debug_state_consistency_check 00000001800388f0 f   sfc_debug:sfcdebug.obj
 0001:00037900       sf_debug_data_range_check_enabled 0000000180038900 f   sfc_debug:sfcdebug.obj
 0001:00037920       sf_debug_transition_conflict_check_enabled 0000000180038920 f   sfc_debug:sfcdebug.obj
 0001:00037940       sf_debug_transition_conflict_check_begin 0000000180038940 f   sfc_debug:sfcdebug.obj
 0001:00037960       sf_debug_transition_conflict_check_end 0000000180038960 f   sfc_debug:sfcdebug.obj
 0001:00037980       sf_debug_stop_debugging    0000000180038980 f   sfc_debug:sfcdebug.obj
 0001:000379b0       sf_debug_is_cycle_detected 00000001800389b0 f   sfc_debug:sfcdebug.obj
 0001:000379c0       sf_debug_is_array_bounds_detected 00000001800389c0 f   sfc_debug:sfcdebug.obj
 0001:000379d0       sf_debug_get_state_vectors_data_size 00000001800389d0 f   sfc_debug:sfcdebug.obj
 0001:00037a10       sf_debug_get_state_vectors_data 0000000180038a10 f   sfc_debug:sfcdebug.obj
 0001:00037b20       sf_debug_set_state_vectors_data 0000000180038b20 f   sfc_debug:sfcdebug.obj
 0001:00037db0       sf_debug_get_script_index  0000000180038db0 f   sfc_debug:sfcdebug.obj
 0001:00037f40       sf_debug_add_script        0000000180038f40 f   sfc_debug:sfcdebug.obj
 0001:000380d0       cv_eval_point              00000001800390d0 f   sfc_debug:sfcdebug.obj
 0001:00038240       cv_eval_testobjective      0000000180039240 f   sfc_debug:sfcdebug.obj
 0001:00038350       sf_debug_cv_init_state     0000000180039350 f   sfc_debug:sfcdebug.obj
 0001:00038480       sf_debug_cv_init_chart     0000000180039480 f   sfc_debug:sfcdebug.obj
 0001:00038570       sf_debug_cv_init_trans     0000000180039570 f   sfc_debug:sfcdebug.obj
 0001:00038680       sf_debug_cv_init_saturation 0000000180039680 f   sfc_debug:sfcdebug.obj
 0001:00038780       sf_debug_cv_init_testobjectives 0000000180039780 f   sfc_debug:sfcdebug.obj
 0001:00038960       cv_eml_init_script         0000000180039960 f   sfc_debug:sfcdebug.obj
 0001:00038a80       cv_eml_init_fcn            0000000180039a80 f   sfc_debug:sfcdebug.obj
 0001:00038b90       cv_eml_init_testobjective  0000000180039b90 f   sfc_debug:sfcdebug.obj
 0001:00038c70       cv_eml_init_saturation     0000000180039c70 f   sfc_debug:sfcdebug.obj
 0001:00038d40       cv_eml_init_if             0000000180039d40 f   sfc_debug:sfcdebug.obj
 0001:00038e20       cv_eml_init_for            0000000180039e20 f   sfc_debug:sfcdebug.obj
 0001:00038ef0       cv_eml_init_while          0000000180039ef0 f   sfc_debug:sfcdebug.obj
 0001:00038fc0       cv_eml_init_mcdc           0000000180039fc0 f   sfc_debug:sfcdebug.obj
 0001:000390e0       cv_eml_init_switch         000000018003a0e0 f   sfc_debug:sfcdebug.obj
 0001:000391e0       cv_eml_eval                000000018003a1e0 f   sfc_debug:sfcdebug.obj
 0001:000392d0       sf_debug_bm_is_a_eml_breakpoint 000000018003a2d0 f   sfc_debug:sfcdebug.obj
 0001:00039420       sf_debug_temporal_threshold 000000018003a420 f   sfc_debug:sfcdebug.obj
 0001:00039790       sf_debug_transition_conflict_error 000000018003a790 f   sfc_debug:sfcdebug.obj
 0001:00039af0       sf_debug_state_inconsistency_error 000000018003aaf0 f   sfc_debug:sfcdebug.obj
 0001:00039c10       sf_debug_check_for_state_inconsistency 000000018003ac10 f   sfc_debug:sfcdebug.obj
 0001:00039c50       sf_debug_cycle_detecton_error 000000018003ac50 f   sfc_debug:sfcdebug.obj
 0001:0003a3a0       sf_debug_size_eq_check_1d  000000018003b3a0 f   sfc_debug:sfcdebug.obj
 0001:0003a3c0       sf_debug_size_eq_check_nd  000000018003b3c0 f   sfc_debug:sfcdebug.obj
 0001:0003a5c0       sf_debug_dim_size_eq_check 000000018003b5c0 f   sfc_debug:sfcdebug.obj
 0001:0003a5f0       sf_debug_dim_size_geq_check 000000018003b5f0 f   sfc_debug:sfcdebug.obj
 0001:0003a620       sf_debug_sub_assign_size_check_nd 000000018003b620 f   sfc_debug:sfcdebug.obj
 0001:0003a800       sf_debug_matrix_matrix_index_check 000000018003b800 f   sfc_debug:sfcdebug.obj
 0001:0003a850       sf_debug_vector_vector_index_check 000000018003b850 f   sfc_debug:sfcdebug.obj
 0001:0003a8a0       sf_debug_for_loop_vector_check 000000018003b8a0 f   sfc_debug:sfcdebug.obj
 0001:0003a940       sf_debug_runtime_error_msgid 000000018003b940 f   sfc_debug:sfcdebug.obj
 0001:0003a9e0       sf_debug_data_array_bounds_error_check 000000018003b9e0 f   sfc_debug:sfcdebug.obj
 0001:0003aaf0       sf_debug_eml_data_array_bounds_error_check 000000018003baf0 f   sfc_debug:sfcdebug.obj
 0001:0003afb0       sf_debug_integer_check     000000018003bfb0 f   sfc_debug:sfcdebug.obj
 0001:0003b0a0       sf_debug_not_nan_check     000000018003c0a0 f   sfc_debug:sfcdebug.obj
 0001:0003b170       sf_debug_non_negative_check 000000018003c170 f   sfc_debug:sfcdebug.obj
 0001:0003b240       sf_debug_overflow_detection 000000018003c240 f   sfc_debug:sfcdebug.obj
 0001:0003b8a0       sf_debug_cast_to_real32_T  000000018003c8a0 f   sfc_debug:sfcdebug.obj
 0001:0003b970       sf_debug_cast_to_int8_T    000000018003c970 f   sfc_debug:sfcdebug.obj
 0001:0003ba40       sf_debug_cast_to_uint8_T   000000018003ca40 f   sfc_debug:sfcdebug.obj
 0001:0003bb10       sf_debug_cast_to_int16_T   000000018003cb10 f   sfc_debug:sfcdebug.obj
 0001:0003bbe0       sf_debug_cast_to_uint16_T  000000018003cbe0 f   sfc_debug:sfcdebug.obj
 0001:0003bcb0       sf_debug_cast_to_int32_T   000000018003ccb0 f   sfc_debug:sfcdebug.obj
 0001:0003bd80       sf_debug_cast_to_uint32_T  000000018003cd80 f   sfc_debug:sfcdebug.obj
 0001:0003be50       sf_debug_data_range_error  000000018003ce50 f   sfc_debug:sfcdebug.obj
 0001:0003c160       sf_debug_read_before_write_check 000000018003d160 f   sfc_debug:sfcdebug.obj
 0001:0003c590       sf_debug_data_range_error_wrapper_min_max 000000018003d590 f   sfc_debug:sfcdebug.obj
 0001:0003c6b0       sf_debug_data_range_error_wrapper_min 000000018003d6b0 f   sfc_debug:sfcdebug.obj
 0001:0003c7c0       sf_debug_data_range_error_wrapper_max 000000018003d7c0 f   sfc_debug:sfcdebug.obj
 0001:0003c8d0       sf_debug_data_range_wrapper 000000018003d8d0 f   sfc_debug:sfcdebug.obj
 0001:0003c990       sf_debug_set_current_status_info 000000018003d990 f   sfc_debug:sfcdebug.obj
 0001:0003cd30       sf_debug_register_message_post_receive_info 000000018003dd30 f   sfc_debug:sfcdebug.obj
 0001:0003cf80       sf_debug_call              000000018003df80 f   sfc_debug:sfcdebug.obj
 0001:0003d8e0       sf_debug_initialize_machine 000000018003e8e0 f   sfc_debug:sfcdebug.obj
 0001:0003db90       sf_debug_initialize_chart  000000018003eb90 f   sfc_debug:sfcdebug.obj
 0001:0003dfe0       sf_debug_ensure_script     000000018003efe0 f   sfc_debug:sfcdebug.obj
 0001:0003e090       cv_eval_saturation         000000018003f090 f   sfc_debug:sfcdebug.obj
 0001:0003e210       cv_saturation_accum        000000018003f210 f   sfc_debug:sfcdebug.obj
 0001:0003e350       cv_script_init_script      000000018003f350 f   sfc_debug:sfcdebug.obj
 0001:0003e440       cv_script_init_fcn         000000018003f440 f   sfc_debug:sfcdebug.obj
 0001:0003e500       cv_script_init_testobjective 000000018003f500 f   sfc_debug:sfcdebug.obj
 0001:0003e5c0       cv_script_init_saturation  000000018003f5c0 f   sfc_debug:sfcdebug.obj
 0001:0003e670       cv_script_init_if          000000018003f670 f   sfc_debug:sfcdebug.obj
 0001:0003e730       cv_script_init_for         000000018003f730 f   sfc_debug:sfcdebug.obj
 0001:0003e7e0       cv_script_init_while       000000018003f7e0 f   sfc_debug:sfcdebug.obj
 0001:0003e890       cv_script_init_mcdc        000000018003f890 f   sfc_debug:sfcdebug.obj
 0001:0003e990       cv_script_init_switch      000000018003f990 f   sfc_debug:sfcdebug.obj
 0001:0003ea70       cv_script_eval             000000018003fa70 f   sfc_debug:sfcdebug.obj
 0001:0003eb40       eml_debug_line_call        000000018003fb40 f   sfc_debug:sfcdebug.obj
 0001:0003ed10       sf_debug_terminate         000000018003fd10 f   sfc_debug:sfcdebug.obj
 0001:0003ef20       sf_debug_set_script_cv_ids 000000018003ff20 f   sfc_debug:sfcdebug.obj
 0001:0003f050       sf_debug_api               0000000180040050 f   sfc_debug:sfc_api.obj
 0001:00040940       sf_debug_sm_terminate      0000000180041940 f   sfc_debug:sfdb_animation.obj
 0001:00040af0       sf_debug_reset_path_objects 0000000180041af0 f   sfc_debug:sfdb_animation.obj
 0001:00040b70       sf_debug_sm_reset_object_selection_status 0000000180041b70 f   sfc_debug:sfdb_animation.obj
 0001:00040c10       sf_debug_sm_reset_state_buffer 0000000180041c10 f   sfc_debug:sfdb_animation.obj
 0001:00040ce0       sf_debug_sm_store_state_buffer 0000000180041ce0 f   sfc_debug:sfdb_animation.obj
 0001:00040d60       sf_debug_sm_restore_state_buffer1 0000000180041d60 f   sfc_debug:sfdb_animation.obj
 0001:00040dd0       sf_debug_sm_restore_state_buffer2 0000000180041dd0 f   sfc_debug:sfdb_animation.obj
 0001:00040e40       sf_debug_sm_chart_active   0000000180041e40 f   sfc_debug:sfdb_animation.obj
 0001:00040e90       sf_debug_sm_select_active_objects 0000000180041e90 f   sfc_debug:sfdb_animation.obj
 0001:00041360       sf_debug_sm_is_chart_active 0000000180042360 f   sfc_debug:sfdb_animation.obj
 0001:000413a0       sf_debug_sm_is_state_active 00000001800423a0 f   sfc_debug:sfdb_animation.obj
 0001:000415e0       sf_debug_sm_get_active_states 00000001800425e0 f   sfc_debug:sfdb_animation.obj
 0001:00041b90       sf_debug_sm_initialize_instance 0000000180042b90 f   sfc_debug:sfdb_animation.obj
 0001:00041da0       sf_debug_sm_change_object_selection_status 0000000180042da0 f   sfc_debug:sfdb_animation.obj
 0001:00042070       cv_create_interface        0000000180043070 f   sfc_debug:cv_sfinterface.obj
 0001:00042380       cv_init_trans              0000000180043380 f   sfc_debug:cv_sfinterface.obj
 0001:000423d0       cv_init_saturation         00000001800433d0 f   sfc_debug:cv_sfinterface.obj
 0001:00042410       cv_init_testobjective      0000000180043410 f   sfc_debug:cv_sfinterface.obj
 0001:00042450       cv_init_state              0000000180043450 f   sfc_debug:cv_sfinterface.obj
 0001:000424c0       cv_init_chart              00000001800434c0 f   sfc_debug:cv_sfinterface.obj
 0001:00042510       cv_dec_update_call         0000000180043510 f   sfc_debug:cv_sfinterface.obj
 0001:00042550       cv_cond_update_call        0000000180043550 f   sfc_debug:cv_sfinterface.obj
 0001:00042590       cv_saturation_update_call  0000000180043590 f   sfc_debug:cv_sfinterface.obj
 0001:000425d0       cv_saturation_update_accum 00000001800435d0 f   sfc_debug:cv_sfinterface.obj
 0001:00042610       cv_testobjective_update_call 0000000180043610 f   sfc_debug:cv_sfinterface.obj
 0001:00042650       cv_sigrange_update         0000000180043650 f   sfc_debug:cv_sfinterface.obj
 0001:00042690       cvsf_eml_eval              0000000180043690 f   sfc_debug:cv_sfinterface.obj
 0001:00042770       cvsf_eml_init_script       0000000180043770 f   sfc_debug:cv_sfinterface.obj
 0001:00042800       cvsf_eml_init_fcn          0000000180043800 f   sfc_debug:cv_sfinterface.obj
 0001:00042860       cvsf_eml_init_testobjective 0000000180043860 f   sfc_debug:cv_sfinterface.obj
 0001:000428c0       cvsf_eml_init_saturation   00000001800438c0 f   sfc_debug:cv_sfinterface.obj
 0001:00042910       cvsf_eml_init_if           0000000180043910 f   sfc_debug:cv_sfinterface.obj
 0001:00042970       cvsf_eml_init_for          0000000180043970 f   sfc_debug:cv_sfinterface.obj
 0001:000429c0       cvsf_eml_init_while        00000001800439c0 f   sfc_debug:cv_sfinterface.obj
 0001:00042a10       cvsf_eml_init_mcdc         0000000180043a10 f   sfc_debug:cv_sfinterface.obj
 0001:00042aa0       cvsf_eml_init_switch       0000000180043aa0 f   sfc_debug:cv_sfinterface.obj
 0001:00042b10       cvsf_script_eval           0000000180043b10 f   sfc_debug:cv_sfinterface.obj
 0001:00042bf0       cvsf_script_init_script    0000000180043bf0 f   sfc_debug:cv_sfinterface.obj
 0001:00042c80       cvsf_script_init_fcn       0000000180043c80 f   sfc_debug:cv_sfinterface.obj
 0001:00042ce0       cvsf_script_init_testobjective 0000000180043ce0 f   sfc_debug:cv_sfinterface.obj
 0001:00042d40       cvsf_script_init_saturation 0000000180043d40 f   sfc_debug:cv_sfinterface.obj
 0001:00042d90       cvsf_script_init_if        0000000180043d90 f   sfc_debug:cv_sfinterface.obj
 0001:00042df0       cvsf_script_init_for       0000000180043df0 f   sfc_debug:cv_sfinterface.obj
 0001:00042e40       cvsf_script_init_while     0000000180043e40 f   sfc_debug:cv_sfinterface.obj
 0001:00042e90       cvsf_script_init_mcdc      0000000180043e90 f   sfc_debug:cv_sfinterface.obj
 0001:00042f20       cvsf_script_init_switch    0000000180043f20 f   sfc_debug:cv_sfinterface.obj
 0001:00042f90       cv_destroy_interface       0000000180043f90 f   sfc_debug:cv_sfinterface.obj
 0001:00042fb0       cv_create_instance_objects 0000000180043fb0 f   sfc_debug:cv_sfinterface.obj
 0001:00043420       cv_is_enabled              0000000180044420 f   sfc_debug:cv_sfinterface.obj
 0001:00043430       sf_debug_cv_initialize_script 0000000180044430 f   sfc_debug:cv_sfinterface.obj
 0001:000435c0       sf_debug_cv_initialize_instance 00000001800445c0 f   sfc_debug:cv_sfinterface.obj
 0001:00043950       sf_debug_cv_terminate_chart 0000000180044950 f   sfc_debug:cv_sfinterface.obj
 0001:00043a70       cv_call_trans_test         0000000180044a70 f   sfc_debug:cv_sfinterface.obj
 0001:00043a80       cv_call_sub_cond_test      0000000180044a80 f   sfc_debug:cv_sfinterface.obj
 0001:00043ac0       sf_debug_st_initialize_machine 0000000180044ac0 f   sfc_debug:sfdb_data_browse.obj
 0001:00043b70       sf_debug_st_initialize_instance 0000000180044b70 f   sfc_debug:sfdb_data_browse.obj
 0001:00043d80       sf_debug_st_terminate      0000000180044d80 f   sfc_debug:sfdb_data_browse.obj
 0001:00044120       sf_debug_st_set_data_value_ptr_in_machine 0000000180045120 f   sfc_debug:sfdb_data_browse.obj
 0001:000441b0       sf_debug_st_set_data_value_ptr_in_instance 00000001800451b0 f   sfc_debug:sfdb_data_browse.obj
 0001:00044290       sf_debug_st_unset_data_value_ptr_in_machine 0000000180045290 f   sfc_debug:sfdb_data_browse.obj
 0001:00044300       sf_debug_st_unset_data_value_ptr_in_instance 0000000180045300 f   sfc_debug:sfdb_data_browse.obj
 0001:000445c0       sf_debug_mx_value          00000001800455c0 f   sfc_debug:sfdb_data_browse.obj
 0001:00044620       sf_debug_mx_packed_vector  0000000180045620 f   sfc_debug:sfdb_data_browse.obj
 0001:00044700       sf_debug_mx_uint_vector    0000000180045700 f   sfc_debug:sfdb_data_browse.obj
 0001:000447b0       sf_debug_st_get_double_value_from_void_ptr_vector 00000001800457b0 f   sfc_debug:sfdb_data_browse.obj
 0001:00045290       sf_debug_st_browse_data    0000000180046290 f   sfc_debug:sfdb_data_browse.obj
 0001:00045ad0       sf_debug_hm_initialize_instance 0000000180046ad0 f   sfc_debug:sfdb_handle_management.obj
 0001:00045fb0       sf_debug_hm_get_object_id  0000000180046fb0 f   sfc_debug:sfdb_handle_management.obj
 0001:00046b60       sf_debug_hm_update_chart_visibility 0000000180047b60 f   sfc_debug:sfdb_handle_management.obj
 0001:00047d50       sf_debug_object_is_eml_function 0000000180048d50 f   sfc_debug:sfdb_handle_management.obj
 0001:00047dc0       sf_debug_hm_initialize_ids_in_machine 0000000180048dc0 f   sfc_debug:sfdb_handle_management.obj
 0001:00047f30       sf_debug_hm_initialize_ids_in_chart 0000000180048f30 f   sfc_debug:sfdb_handle_management.obj
 0001:00048030       sf_debug_hm_initialize_chart 0000000180049030 f   sfc_debug:sfdb_handle_management.obj
 0001:00048730       sf_debug_hm_terminate      0000000180049730 f   sfc_debug:sfdb_handle_management.obj
 0001:00048790       sf_debug_hm_initialize_machine 0000000180049790 f   sfc_debug:sfdb_handle_management.obj
 0001:00048eb0       sf_debug_ss_initialize     0000000180049eb0 f   sfc_debug:sfdb_symbol_scope.obj
 0001:00048ed0       sf_debug_ss_terminate      0000000180049ed0 f   sfc_debug:sfdb_symbol_scope.obj
 0001:00048f60       sf_debug_ss_push_symbol_scope 0000000180049f60 f   sfc_debug:sfdb_symbol_scope.obj
 0001:00049060       sf_debug_ss_push_symbol_scope_eml 000000018004a060 f   sfc_debug:sfdb_symbol_scope.obj
 0001:000490c0       sf_debug_ss_pop_symbol_scope 000000018004a0c0 f   sfc_debug:sfdb_symbol_scope.obj
 0001:00049170       sf_debug_ss_add_symbol     000000018004a170 f   sfc_debug:sfdb_symbol_scope.obj
 0001:000492e0       sf_debug_ss_add_symbol_eml 000000018004a2e0 f   sfc_debug:sfdb_symbol_scope.obj
 0001:0004a1e0       sf_debug_ss_set_data_value 000000018004b1e0 f   sfc_debug:sfdb_symbol_scope.obj
 0001:0004a630       getInstanceNumber          000000018004b630 f   sfc_debug:sfdb_symbol_scope.obj
 0001:0004a700       sf_debug_ss_watch_data     000000018004b700 f   sfc_debug:sfdb_symbol_scope.obj
 0001:0004a8f0       sf_debug_ss_assign_data    000000018004b8f0 f   sfc_debug:sfdb_symbol_scope.obj
 0001:0004b300       get_data_entry_name        000000018004c300 f   sfc_debug:sfdb_symbol_scope.obj
 0001:0004b350       sf_debug_ss_whos           000000018004c350 f   sfc_debug:sfdb_symbol_scope.obj
 0001:0004b9a0       sf_debug_cc_initialize_chart 000000018004c9a0 f   sfc_debug:sfdb_coverage.obj
 0001:0004c390       sf_debug_cc_initialize_instance 000000018004d390 f   sfc_debug:sfdb_coverage.obj
 0001:0004d0d0       sf_debug_cc_terminate      000000018004e0d0 f   sfc_debug:sfdb_coverage.obj
 0001:0004d1c0       sf_debug_cc_set_transition_maps 000000018004e1c0 f   sfc_debug:sfdb_coverage.obj
 0001:0004d2f0       sf_debug_cc_set_state_maps 000000018004e2f0 f   sfc_debug:sfdb_coverage.obj
 0001:0004d3d0       sf_debug_cc_set_transition_weights 000000018004e3d0 f   sfc_debug:sfdb_coverage.obj
 0001:0004d690       sf_debug_cc_set_state_weights 000000018004e690 f   sfc_debug:sfdb_coverage.obj
 0001:0004d960       sf_debug_cc_mark_transition_guard 000000018004e960 f   sfc_debug:sfdb_coverage.obj
 0001:0004d9f0       sf_debug_cc_mark_transition_trigger 000000018004e9f0 f   sfc_debug:sfdb_coverage.obj
 0001:0004da80       sf_debug_cc_mark_transition_decision 000000018004ea80 f   sfc_debug:sfdb_coverage.obj
 0001:0004daf0       sf_debug_cc_mark_transition_condition_action 000000018004eaf0 f   sfc_debug:sfdb_coverage.obj
 0001:0004db40       sf_debug_cc_mark_transition_transition_action 000000018004eb40 f   sfc_debug:sfdb_coverage.obj
 0001:0004db90       sf_debug_cc_mark_state_entry 000000018004eb90 f   sfc_debug:sfdb_coverage.obj
 0001:0004dbe0       sf_debug_cc_mark_state_during 000000018004ebe0 f   sfc_debug:sfdb_coverage.obj
 0001:0004dc30       sf_debug_cc_mark_state_exit 000000018004ec30 f   sfc_debug:sfdb_coverage.obj
 0001:0004dc80       sf_debug_bm_clear_script_breakpoints 000000018004ec80 f   sfc_debug:sfdb_breakpoints.obj
 0001:0004dcb0       sf_debug_bm_set_script_breakpoint 000000018004ecb0 f   sfc_debug:sfdb_breakpoints.obj
 0001:0004dd30       sf_debug_bm_clear_single_script_breakpoint 000000018004ed30 f   sfc_debug:sfdb_breakpoints.obj
 0001:0004ddb0       sf_debug_bm_query_script_breakpoint 000000018004edb0 f   sfc_debug:sfdb_breakpoints.obj
 0001:0004de00       sf_debug_bm_initialize_scripts 000000018004ee00 f   sfc_debug:sfdb_breakpoints.obj
 0001:0004e490       sf_debug_bm_terminate      000000018004f490 f   sfc_debug:sfdb_breakpoints.obj
 0001:0004e770       sf_debug_bm_remove_all_breakpoints_in_machine 000000018004f770 f   sfc_debug:sfdb_breakpoints.obj
 0001:0004e7d0       sf_debug_bm_remove_all_breakpoints_in_chart 000000018004f7d0 f   sfc_debug:sfdb_breakpoints.obj
 0001:0004e920       sf_debug_bm_initialize_global_breakpoints 000000018004f920 f   sfc_debug:sfdb_breakpoints.obj
 0001:0004eaa0       sf_debug_bm_set_breakpoint 000000018004faa0 f   sfc_debug:sfdb_breakpoints.obj
 0001:0004f060       sf_debug_bm_set_eml_breakpoint 0000000180050060 f   sfc_debug:sfdb_breakpoints.obj
 0001:0004f0f0       sf_debug_bm_initialize_machine_breakpoint_map 00000001800500f0 f   sfc_debug:sfdb_breakpoints.obj
 0001:0004f510       sf_debug_bm_is_a_breakpoint 0000000180050510 f   sfc_debug:sfdb_breakpoints.obj
 0001:0004fa30       sf_debug_bm_get_all_breakpoints_in_machine 0000000180050a30 f   sfc_debug:sfdb_breakpoints.obj
 0001:0004fd30       sf_debug_bm_get_all_breakpoints_in_chart 0000000180050d30 f   sfc_debug:sfdb_breakpoints.obj
 0001:000508c0       sf_debug_bm_initialize_machine 00000001800518c0 f   sfc_debug:sfdb_breakpoints.obj
 0001:00050990       sf_debug_bm_initialize_chart 0000000180051990 f   sfc_debug:sfdb_breakpoints.obj
 0001:00050d80       sf_debug_sc_terminate      0000000180051d80 f   sfc_debug:sfdb_state_consistency.obj
 0001:000510a0       sf_debug_sc_is_chart_consistent 00000001800520a0 f   sfc_debug:sfdb_state_consistency.obj
 0001:00051350       sf_debug_sc_get_consistency_error_info 0000000180052350 f   sfc_debug:sfdb_state_consistency.obj
 0001:00051760       sf_debug_tm_terminate      0000000180052760 f   sfc_debug:sfdb_call_stack.obj
 0001:00051810       sf_debug_tm_push_chart_instance 0000000180052810 f   sfc_debug:sfdb_call_stack.obj
 0001:00051950       sf_debug_tm_pop_chart_instance 0000000180052950 f   sfc_debug:sfdb_call_stack.obj
 0001:000519b0       sf_debug_tm_push_trace_node 00000001800529b0 f   sfc_debug:sfdb_call_stack.obj
 0001:00051b30       sf_debug_tm_pop_trace_node 0000000180052b30 f   sfc_debug:sfdb_call_stack.obj
 0001:00051bb0       sf_debug_tm_get_current_global_trace_index 0000000180052bb0 f   sfc_debug:sfdb_call_stack.obj
 0001:00051bc0       sf_debug_tm_get_current_local_trace_index 0000000180052bc0 f   sfc_debug:sfdb_call_stack.obj
 0001:00051bf0       sf_debug_tm_set_cycle_detected_flag 0000000180052bf0 f   sfc_debug:sfdb_call_stack.obj
 0001:00051c30       sf_debug_tm_set_cycle_started_flag 0000000180052c30 f   sfc_debug:sfdb_call_stack.obj
 0001:00051c70       sf_debug_tm_get_chart_number_from_stack 0000000180052c70 f   sfc_debug:sfdb_call_stack.obj
 0001:00051e70       sf_debug_tm_browse_trace   0000000180052e70 f   sfc_debug:sfdb_call_stack.obj
 0001:00052180       sf_debug_cd_initialize_instance 0000000180053180 f   sfc_debug:sfdb_cycle_detection.obj
 0001:00052430       sf_debug_cd_mark_processed_transition_in_instance 0000000180053430 f   sfc_debug:sfdb_cycle_detection.obj
 0001:000524d0       sf_debug_cd_checksum_push  00000001800534d0 f   sfc_debug:sfdb_cycle_detection.obj
 0001:00052780       sf_debug_cd_checksum_pop   0000000180053780 f   sfc_debug:sfdb_cycle_detection.obj
 0001:000527f0       sf_debug_cd_turn_off_cycle_detection 00000001800537f0 f   sfc_debug:sfdb_cycle_detection.obj
 0001:00052840       sf_debug_cd_terminate      0000000180053840 f   sfc_debug:sfdb_cycle_detection.obj
 0001:00052a70       md5_initialize_state       0000000180053a70 f   sfc_debug:ckmd5.obj
 0001:00053500       md5_update_state           0000000180054500 f   sfc_debug:ckmd5.obj
 0001:00053520       md5_get_hash               0000000180054520 f   sfc_debug:ckmd5.obj
 0001:00053550       md5_get_hash_for_a_single_string 0000000180054550 f   sfc_debug:ckmd5.obj
 0001:000535b0       mxGetPr                    00000001800545b0 f   libmx:libmx.dll
 0001:000535b6       mxCreateDoubleScalar       00000001800545b6 f   libmx:libmx.dll
 0001:000535bc       mxCreateDoubleMatrix_730   00000001800545bc f   libmx:libmx.dll
 0001:000535c2       mxSetField_730             00000001800545c2 f   libmx:libmx.dll
 0001:000535c8       mxCreateString             00000001800545c8 f   libmx:libmx.dll
 0001:000535ce       mxCreateStructMatrix_730   00000001800545ce f   libmx:libmx.dll
 0001:000535d4       mxCreateCellMatrix_730     00000001800545d4 f   libmx:libmx.dll
 0001:000535da       mxDestroyArray             00000001800545da f   libmx:libmx.dll
 0001:000535e0       mxDuplicateArray           00000001800545e0 f   libmx:libmx.dll
 0001:000535e6       mxGetNaN                   00000001800545e6 f   libmx:libmx.dll
 0001:000535ec       mxGetString_730            00000001800545ec f   libmx:libmx.dll
 0001:000535f2       mxIsChar                   00000001800545f2 f   libmx:libmx.dll
 0001:000535f8       mxGetClassID               00000001800545f8 f   libmx:libmx.dll
 0001:000535fe       mxIsNumeric                00000001800545fe f   libmx:libmx.dll
 0001:00053604       mxIsComplex                0000000180054604 f   libmx:libmx.dll
 0001:0005360a       mxGetN                     000000018005460a f   libmx:libmx.dll
 0001:00053610       mxGetM                     0000000180054610 f   libmx:libmx.dll
 0001:00053616       mxCalloc                   0000000180054616 f   libmx:libmx.dll
 0001:0005361c       mxGetScalar                000000018005461c f   libmx:libmx.dll
 0001:00053622       mxIsLogical                0000000180054622 f   libmx:libmx.dll
 0001:00053628       mxCreateDoubleMatrix_700   0000000180054628 f   libmx:libmx.dll
 0001:0005362e       mxFree                     000000018005462e f   libmx:libmx.dll
 0001:00053634       mxArrayToString            0000000180054634 f   libmx:libmx.dll
 0001:0005363a       mxCreateCellMatrix_700     000000018005463a f   libmx:libmx.dll
 0001:00053640       mxSetCell_700              0000000180054640 f   libmx:libmx.dll
 0001:00053646       mxGetCell_700              0000000180054646 f   libmx:libmx.dll
 0001:0005364c       mxGetClassName             000000018005464c f   libmx:libmx.dll
 0001:00053652       mxSetField_700             0000000180054652 f   libmx:libmx.dll
 0001:00053658       mxAddField                 0000000180054658 f   libmx:libmx.dll
 0001:0005365e       mxGetField_700             000000018005465e f   libmx:libmx.dll
 0001:00053664       mxGetNumberOfElements      0000000180054664 f   libmx:libmx.dll
 0001:0005366a       mxIsStruct                 000000018005466a f   libmx:libmx.dll
 0001:00053670       mxIsA                      0000000180054670 f   libmx:libmx.dll
 0001:00053676       mxIsClass                  0000000180054676 f   libmx:libmx.dll
 0001:0005367c       mxGetLogicals              000000018005467c f   libmx:libmx.dll
 0001:00053682       mxIsSparse                 0000000180054682 f   libmx:libmx.dll
 0001:00053688       mxSetFieldByNumber_700     0000000180054688 f   libmx:libmx.dll
 0001:0005368e       mxGetFieldByNumber_700     000000018005468e f   libmx:libmx.dll
 0001:00053694       mxGetFieldNameByNumber     0000000180054694 f   libmx:libmx.dll
 0001:0005369a       mxGetNumberOfFields        000000018005469a f   libmx:libmx.dll
 0001:000536a0       mxCreateStructMatrix_700   00000001800546a0 f   libmx:libmx.dll
 0001:000536a6       mxGetFieldNumber           00000001800546a6 f   libmx:libmx.dll
 0001:000536ac       mxIsNaN                    00000001800546ac f   libmx:libmx.dll
 0001:000536b2       mxIsEmpty                  00000001800546b2 f   libmx:libmx.dll
 0001:000536b8       mxGetData                  00000001800546b8 f   libmx:libmx.dll
 0001:000536be       mxGetImagData              00000001800546be f   libmx:libmx.dll
 0001:000536c4       mxArrayClassIDName         00000001800546c4 f   libmx:libmx.dll
 0001:000536ca       mxCreateNumericMatrix_700  00000001800546ca f   libmx:libmx.dll
 0001:000536d0       mxCreateStructArray_700    00000001800546d0 f   libmx:libmx.dll
 0001:000536d6       mxCalcSingleSubscript_700  00000001800546d6 f   libmx:libmx.dll
 0001:000536dc       mxGetDimensions_700        00000001800546dc f   libmx:libmx.dll
 0001:000536e2       mxGetNumberOfDimensions_700 00000001800546e2 f   libmx:libmx.dll
 0001:000536e8       mxCreateNumericArray_700   00000001800546e8 f   libmx:libmx.dll
 0001:000536ee       mxGetElementSize           00000001800546ee f   libmx:libmx.dll
 0001:000536f4       mxCreateStringFromNChars_700 00000001800546f4 f   libmx:libmx.dll
 0001:000536fa       mxGetString_700            00000001800546fa f   libmx:libmx.dll
 0001:00053700       mxIsLogicalScalarTrue      0000000180054700 f   libmx:libmx.dll
 0001:00053706       mxCreateLogicalScalar      0000000180054706 f   libmx:libmx.dll
 0001:0005370c       mexUnlock                  000000018005470c f   libmex:libmex.dll
 0001:00053712       mexIsLocked                0000000180054712 f   libmex:libmex.dll
 0001:00053718       mexWarnMsgTxt              0000000180054718 f   libmex:libmex.dll
 0001:0005371e       mexCallMATLAB              000000018005471e f   libmex:libmex.dll
 0001:00053724       mexErrMsgTxt               0000000180054724 f   libmex:libmex.dll
 0001:0005372a       mexMakeArrayPersistent     000000018005472a f   libmex:libmex.dll
 0001:00053730       mexSetTrapFlag             0000000180054730 f   libmex:libmex.dll
 0001:00053736       mexPutVariable             0000000180054736 f   libmex:libmex.dll
 0001:0005373c       mexGetVariable             000000018005473c f   libmex:libmex.dll
 0001:00053742       mexLock                    0000000180054742 f   libmex:libmex.dll
 0001:00053748       mexMakeMemoryPersistent    0000000180054748 f   libmex:libmex.dll
 0001:0005374e       mexFunctionName            000000018005474e f   libmex:libmex.dll
 0001:00053754       ssRegisterDataTypeFxpFSlopeFixExpBias 0000000180054754 f   libfixedpoint:libfixedpoint.dll
 0001:0005375a       ssRegisterDataTypeFxpScaledDouble 000000018005475a f   libfixedpoint:libfixedpoint.dll
 0001:00053760       utMalloc                   0000000180054760 f   libut:libut.dll
 0001:00053766       utFree                     0000000180054766 f   libut:libut.dll
 0001:0005376c       utVSNprintf                000000018005476c f   libut:libut.dll
 0001:00053772       utCPUtime                  0000000180054772 f   libut:libut.dll
 0001:00053778       utCalloc                   0000000180054778 f   libut:libut.dll
 0001:0005377e       utRealloc                  000000018005477e f   libut:libut.dll
 0001:00053784       muDoubleScalarIsNaN        0000000180054784 f   libmwmathutil:libmwmathutil.dll
 0001:0005378a       muDoubleScalarHypot        000000018005478a f   libmwmathutil:libmwmathutil.dll
 0001:00053790       muDoubleScalarAbs          0000000180054790 f   libmwmathutil:libmwmathutil.dll
 0001:00053796       muDoubleScalarSqrt         0000000180054796 f   libmwmathutil:libmwmathutil.dll
 0001:0005379c       muDoubleScalarPower        000000018005479c f   libmwmathutil:libmwmathutil.dll
 0001:000537a2       emlrtCreateRootTLS         00000001800547a2 f   libemlrt:libemlrt.dll
 0001:000537a8       emlrtDestroyRootTLS        00000001800547a8 f   libemlrt:libemlrt.dll
 0001:000537ae       emlrtCheckBuiltInR2012b    00000001800547ae f   libemlrt:libemlrt.dll
 0001:000537b4       emlrtCheckVsBuiltInR2012b  00000001800547b4 f   libemlrt:libemlrt.dll
 0001:000537ba       emlrtCheckEnumR2012b       00000001800547ba f   libemlrt:libemlrt.dll
 0001:000537c0       emlrtCreateEnumR2012b      00000001800547c0 f   libemlrt:libemlrt.dll
 0001:000537c6       emlrtGetEnumElementR2009a  00000001800547c6 f   libemlrt:libemlrt.dll
 0001:000537cc       emlrtCreateReference       00000001800547cc f   libemlrt:libemlrt.dll
 0001:000537d2       emlrtImportVsFiArrayR2009b 00000001800547d2 f   libemlrt:libemlrt.dll
 0001:000537d8       emlrtNameCapturePostProcessR2012a 00000001800547d8 f   libemlrt:libemlrt.dll
 0001:000537de       emlrtExtractMessageId      00000001800547de f   libemlrt:libemlrt.dll
 0001:000537e4       emlrtTranslateMessageIDtoLCPstring 00000001800547e4 f   libemlrt:libemlrt.dll
 0001:000537ea       emlrtForLoopVectorIsValidR2011b 00000001800547ea f   libemlrt:libemlrt.dll
 0001:000537f0       emlrtTranslateUTF16MessagetoLCPstring 00000001800547f0 f   libemlrt:libemlrt.dll
 0001:000537f6       emlrtGetEnumUnderlyingArrayR2009a 00000001800547f6 f   libemlrt:libemlrt.dll
 0001:000537fc       emlrtIsEnumR2009a          00000001800547fc f   libemlrt:libemlrt.dll
 0001:00053802       zgemm                      0000000180054802 f   libmwblas:libmwblas.dll
 0001:00053808       __GSHandlerCheckCommon     0000000180054808 f   MSVCRT:gshandler.obj
 0001:0005386c       __GSHandlerCheck           000000018005486c f   MSVCRT:gshandler.obj
 0001:0005388a       strlen                     000000018005488a f   MSVCRT:MSVCR100.dll
 0001:000538a0       __security_check_cookie    00000001800548a0 f   MSVCRT:amdsecgs.obj
 0001:000538d0       _alloca_probe              00000001800548d0     MSVCRT:chkstk.obj
 0001:000538d0       __chkstk                   00000001800548d0 f   MSVCRT:chkstk.obj
 0001:0005391e       memset                     000000018005491e f   MSVCRT:MSVCR100.dll
 0001:00053924       strcmp                     0000000180054924 f   MSVCRT:MSVCR100.dll
 0001:0005392a       free                       000000018005492a f   MSVCRT:MSVCR100.dll
 0001:00053930       sprintf                    0000000180054930 f   MSVCRT:MSVCR100.dll
 0001:00053936       malloc                     0000000180054936 f   MSVCRT:MSVCR100.dll
 0001:0005393c       strcat                     000000018005493c f   MSVCRT:MSVCR100.dll
 0001:00053942       memcpy                     0000000180054942 f   MSVCRT:MSVCR100.dll
 0001:00053948       NtCurrentTeb               0000000180054948 f i MSVCRT:crtdll.obj
 0001:000539b4       _CRT_INIT                  00000001800549b4 f   MSVCRT:crtdll.obj
 0001:00053d4c       _DllMainCRTStartup         0000000180054d4c f   MSVCRT:crtdll.obj
 0001:00053d8a       strncpy                    0000000180054d8a f   MSVCRT:MSVCR100.dll
 0001:00053d90       longjmp                    0000000180054d90 f   MSVCRT:MSVCR100.dll
 0001:00053d96       strncmp                    0000000180054d96 f   MSVCRT:MSVCR100.dll
 0001:00053d9c       ceil                       0000000180054d9c f   MSVCRT:MSVCR100.dll
 0001:00053da2       strrchr                    0000000180054da2 f   MSVCRT:MSVCR100.dll
 0001:00053da8       _setjmp                    0000000180054da8 f   MSVCRT:MSVCR100.dll
 0001:00053dae       ldexp                      0000000180054dae f   MSVCRT:MSVCR100.dll
 0001:00053db4       __report_gsfailure         0000000180054db4 f   MSVCRT:gs_report.obj
 0001:00053f00       __clean_type_info_names    0000000180054f00 f   MSVCRT:tncleanup.obj
 0001:00053f0c       _onexit                    0000000180054f0c f   MSVCRT:atonexit.obj
 0001:00053fbc       atexit                     0000000180054fbc f   MSVCRT:atonexit.obj
 0001:00053fd4       _RTC_Initialize            0000000180054fd4 f   MSVCRT:_initsect_.obj
 0001:0005400c       _RTC_Terminate             000000018005500c f   MSVCRT:_initsect_.obj
 0001:00054044       _malloc_crt                0000000180055044 f   MSVCRT:MSVCR100.dll
 0001:00054050       _ValidateImageBase         0000000180055050 f   MSVCRT:pesect.obj
 0001:00054080       _FindPESection             0000000180055080 f   MSVCRT:pesect.obj
 0001:000540d0       _IsNonwritableInCurrentImage 00000001800550d0 f   MSVCRT:pesect.obj
 0001:00054112       _initterm                  0000000180055112 f   MSVCRT:MSVCR100.dll
 0001:00054118       _initterm_e                0000000180055118 f   MSVCRT:MSVCR100.dll
 0001:0005411e       _encoded_null              000000018005511e f   MSVCRT:MSVCR100.dll
 0001:00054124       _amsg_exit                 0000000180055124 f   MSVCRT:MSVCR100.dll
 0001:0005412a       __C_specific_handler       000000018005512a f   MSVCRT:MSVCR100.dll
 0001:00054130       __CppXcptFilter            0000000180055130 f   MSVCRT:MSVCR100.dll
 0001:00054138       DllMain                    0000000180055138 f   MSVCRT:dllmain.obj
 0001:0005415c       __security_init_cookie     000000018005515c f   MSVCRT:gs_support.obj
 0001:00054210       __crt_debugger_hook        0000000180055210 f   MSVCRT:MSVCR100.dll
 0001:00054216       __clean_type_info_names_internal 0000000180055216 f   MSVCRT:MSVCR100.dll
 0001:0005421c       _unlock                    000000018005521c f   MSVCRT:MSVCR100.dll
 0001:00054222       __dllonexit                0000000180055222 f   MSVCRT:MSVCR100.dll
 0001:00054228       _lock                      0000000180055228 f   MSVCRT:MSVCR100.dll
 0001:0005422e       EncodePointer              000000018005522e f   kernel32:KERNEL32.dll
 0001:00054234       DecodePointer              0000000180055234 f   kernel32:KERNEL32.dll
 0001:0005423a       Sleep                      000000018005523a f   kernel32:KERNEL32.dll
 0001:00054240       TerminateProcess           0000000180055240 f   kernel32:KERNEL32.dll
 0001:00054246       GetCurrentProcess          0000000180055246 f   kernel32:KERNEL32.dll
 0001:0005424c       UnhandledExceptionFilter   000000018005524c f   kernel32:KERNEL32.dll
 0001:00054252       SetUnhandledExceptionFilter 0000000180055252 f   kernel32:KERNEL32.dll
 0001:00054258       IsDebuggerPresent          0000000180055258 f   kernel32:KERNEL32.dll
 0001:0005425e       RtlVirtualUnwind           000000018005525e f   kernel32:KERNEL32.dll
 0001:00054264       RtlLookupFunctionEntry     0000000180055264 f   kernel32:KERNEL32.dll
 0001:0005426a       RtlCaptureContext          000000018005526a f   kernel32:KERNEL32.dll
 0001:00054270       DisableThreadLibraryCalls  0000000180055270 f   kernel32:KERNEL32.dll
 0001:00054276       QueryPerformanceCounter    0000000180055276 f   kernel32:KERNEL32.dll
 0001:0005427c       GetTickCount               000000018005527c f   kernel32:KERNEL32.dll
 0001:00054282       GetCurrentThreadId         0000000180055282 f   kernel32:KERNEL32.dll
 0001:00054288       GetCurrentProcessId        0000000180055288 f   kernel32:KERNEL32.dll
 0001:0005428e       GetSystemTimeAsFileTime    000000018005528e f   kernel32:KERNEL32.dll
 0002:00000000       __imp_RtlLookupFunctionEntry 0000000180056000     kernel32:KERNEL32.dll
 0002:00000008       __imp_RtlVirtualUnwind     0000000180056008     kernel32:KERNEL32.dll
 0002:00000010       __imp_IsDebuggerPresent    0000000180056010     kernel32:KERNEL32.dll
 0002:00000018       __imp_SetUnhandledExceptionFilter 0000000180056018     kernel32:KERNEL32.dll
 0002:00000020       __imp_UnhandledExceptionFilter 0000000180056020     kernel32:KERNEL32.dll
 0002:00000028       __imp_GetCurrentProcess    0000000180056028     kernel32:KERNEL32.dll
 0002:00000030       __imp_TerminateProcess     0000000180056030     kernel32:KERNEL32.dll
 0002:00000038       __imp_Sleep                0000000180056038     kernel32:KERNEL32.dll
 0002:00000040       __imp_DecodePointer        0000000180056040     kernel32:KERNEL32.dll
 0002:00000048       __imp_EncodePointer        0000000180056048     kernel32:KERNEL32.dll
 0002:00000050       __imp_DisableThreadLibraryCalls 0000000180056050     kernel32:KERNEL32.dll
 0002:00000058       __imp_QueryPerformanceCounter 0000000180056058     kernel32:KERNEL32.dll
 0002:00000060       __imp_GetTickCount         0000000180056060     kernel32:KERNEL32.dll
 0002:00000068       __imp_GetCurrentThreadId   0000000180056068     kernel32:KERNEL32.dll
 0002:00000070       __imp_GetCurrentProcessId  0000000180056070     kernel32:KERNEL32.dll
 0002:00000078       __imp_GetSystemTimeAsFileTime 0000000180056078     kernel32:KERNEL32.dll
 0002:00000080       __imp_RtlCaptureContext    0000000180056080     kernel32:KERNEL32.dll
 0002:00000088       \177KERNEL32_NULL_THUNK_DATA 0000000180056088     kernel32:KERNEL32.dll
 0002:00000090       __imp_ldexp                0000000180056090     MSVCRT:MSVCR100.dll
 0002:00000098       __imp__onexit              0000000180056098     MSVCRT:MSVCR100.dll
 0002:000000a0       __imp__lock                00000001800560a0     MSVCRT:MSVCR100.dll
 0002:000000a8       __imp___dllonexit          00000001800560a8     MSVCRT:MSVCR100.dll
 0002:000000b0       __imp__unlock              00000001800560b0     MSVCRT:MSVCR100.dll
 0002:000000b8       __imp___clean_type_info_names_internal 00000001800560b8     MSVCRT:MSVCR100.dll
 0002:000000c0       __imp___crt_debugger_hook  00000001800560c0     MSVCRT:MSVCR100.dll
 0002:000000c8       __imp___CppXcptFilter      00000001800560c8     MSVCRT:MSVCR100.dll
 0002:000000d0       __imp___C_specific_handler 00000001800560d0     MSVCRT:MSVCR100.dll
 0002:000000d8       __imp__amsg_exit           00000001800560d8     MSVCRT:MSVCR100.dll
 0002:000000e0       __imp__encoded_null        00000001800560e0     MSVCRT:MSVCR100.dll
 0002:000000e8       __imp__initterm_e          00000001800560e8     MSVCRT:MSVCR100.dll
 0002:000000f0       __imp__initterm            00000001800560f0     MSVCRT:MSVCR100.dll
 0002:000000f8       __imp__malloc_crt          00000001800560f8     MSVCRT:MSVCR100.dll
 0002:00000100       __imp_strlen               0000000180056100     MSVCRT:MSVCR100.dll
 0002:00000108       __imp__setjmp              0000000180056108     MSVCRT:MSVCR100.dll
 0002:00000110       __imp_strrchr              0000000180056110     MSVCRT:MSVCR100.dll
 0002:00000118       __imp_ceil                 0000000180056118     MSVCRT:MSVCR100.dll
 0002:00000120       __imp_strncmp              0000000180056120     MSVCRT:MSVCR100.dll
 0002:00000128       __imp_longjmp              0000000180056128     MSVCRT:MSVCR100.dll
 0002:00000130       __imp_strncpy              0000000180056130     MSVCRT:MSVCR100.dll
 0002:00000138       __imp_memcpy               0000000180056138     MSVCRT:MSVCR100.dll
 0002:00000140       __imp_strcat               0000000180056140     MSVCRT:MSVCR100.dll
 0002:00000148       __imp_malloc               0000000180056148     MSVCRT:MSVCR100.dll
 0002:00000150       __imp_sprintf              0000000180056150     MSVCRT:MSVCR100.dll
 0002:00000158       __imp_free                 0000000180056158     MSVCRT:MSVCR100.dll
 0002:00000160       __imp_strcmp               0000000180056160     MSVCRT:MSVCR100.dll
 0002:00000168       __imp_memset               0000000180056168     MSVCRT:MSVCR100.dll
 0002:00000170       \177MSVCR100_NULL_THUNK_DATA 0000000180056170     MSVCRT:MSVCR100.dll
 0002:00000178       __imp_emlrtDestroyRootTLS  0000000180056178     libemlrt:libemlrt.dll
 0002:00000180       __imp_emlrtCheckBuiltInR2012b 0000000180056180     libemlrt:libemlrt.dll
 0002:00000188       __imp_emlrtCreateRootTLS   0000000180056188     libemlrt:libemlrt.dll
[...]
 0001:00029f40       sf_mex_check_complex       000000018002af40 f   sfc_mex:sfc_mex.obj
 0001:00029fd0       sf_mex_check_sparse        000000018002afd0 f   sfc_mex:sfc_mex.obj
 0001:0002a030       sf_mex_check_numerictype   000000018002b030 f   sfc_mex:sfc_mex.obj
 0001:0002a1c0       sf_mex_check_fimath        000000018002b1c0 f   sfc_mex:sfc_mex.obj
 0001:0002ad20       size_mismatch_error        000000018002bd20 f   sfc_mex:sfc_mex.obj
 0001:0002b790       check_array_dimensions     000000018002c790 f   sfc_mex:sfc_mex.obj
 0001:0002b800       check_input_mxarray        000000018002c800 f   sfc_mex:sfc_mex.obj
 0001:0002bf40       sf_numeric_value_to_double 000000018002cf40 f   sfc_mex:sfc_mex.obj
 0001:0002bf90       ml_generic_out_of_bounds_check 000000018002cf90 f   sfc_mex:sfc_mex.obj
 0001:0002c150       ml_get_element_value_from_array 000000018002d150 f   sfc_mex:sfc_mex.obj
 0001:0002c4f0       _ml_generic_castability_check 000000018002d4f0 f   sfc_mex:sfc_mex.obj
 0001:0002cc40       ml_generic_castability_check 000000018002dc40 f   sfc_mex:sfc_mex.obj
 0001:0002cce0       ml_check_mx_array_for_single_castability 000000018002dce0 f   sfc_mex:sfc_mex.obj
 0001:0002cd80       ml_check_mx_array_for_logical_castability 000000018002dd80 f   sfc_mex:sfc_mex.obj
 0001:0002ce20       ml_check_mx_array_for_int8_castability 000000018002de20 f   sfc_mex:sfc_mex.obj
 0001:0002ced0       ml_check_mx_array_for_uint8_castability 000000018002ded0 f   sfc_mex:sfc_mex.obj
 0001:0002cf30       ml_check_mx_array_for_int16_castability 000000018002df30 f   sfc_mex:sfc_mex.obj
 0001:0002cf90       ml_check_mx_array_for_uint16_castability 000000018002df90 f   sfc_mex:sfc_mex.obj
 0001:0002cff0       ml_check_mx_array_for_int32_castability 000000018002dff0 f   sfc_mex:sfc_mex.obj
 0001:0002d050       ml_check_mx_array_for_uint32_castability 000000018002e050 f   sfc_mex:sfc_mex.obj
 0001:0002d0b0       ml_check_mx_array_for_castability 000000018002e0b0 f   sfc_mex:sfc_mex.obj
 0001:0002d8d0       set_data_value             000000018002e8d0 f   sfc_mex:sfc_mex.obj
 0001:0002dc40       get_data_value             000000018002ec40 f   sfc_mex:sfc_mex.obj
 0001:0002dd50       get_next_element_address   000000018002ed50 f   sfc_mex:sfc_mex.obj
 0001:0002de20       sf_normalize_index         000000018002ee20 f   sfc_mex:sfc_mex.obj
 0001:0002e1d0       ml_array_index_bound_check 000000018002f1d0 f   sfc_mex:sfc_mex.obj
 0001:0002ed50       mx_value                   000000018002fd50 f   sfc_mex:sfc_mex.obj
 0001:0002eda0       sf_create_numeric_array    000000018002fda0 f   sfc_mex:sfc_mex.obj
 0001:0002ee40       sf_mex_assign_to_mx_array  000000018002fe40 f   sfc_mex:sfc_mex.obj
 0001:0002f1b0       assign_from_mx_array       00000001800301b0 f   sfc_mex:sfc_mex.obj
 0001:0002f910       sf_mex_import_v            0000000180030910 f   sfc_mex:sfc_mex.obj
 0001:00030020       get_machine_and_chart_file_number 0000000180031020 f   sfc_mex:sfc_sf.obj
 0001:00030110       get_sfun_block_specialization 0000000180031110 f   sfc_mex:sfc_sf.obj
 0001:000301c0       call_sf_machine_global_method_dispatcher 00000001800311c0 f   sfc_mex:sfc_sf.obj
 0001:00030410       mdl_zeroCrossings_processing 0000000180031410 f   sfc_mex:sfc_sf.obj
 0001:000304f0       mdl_derivatives_processing 00000001800314f0 f   sfc_mex:sfc_sf.obj
 0001:000307d0       mdl_outputs_continuous_legacy 00000001800317d0 f   sfc_mex:sfc_sf.obj
 0001:00030850       mdl_outputs_processing     0000000180031850 f   sfc_mex:sfc_sf.obj
 0001:00030ac0       mdl_enable_processing      0000000180031ac0 f   sfc_mex:sfc_sf.obj
 0001:00030ba0       mdl_disable_processing     0000000180031ba0 f   sfc_mex:sfc_sf.obj
 0001:00031a30       sf_call_output_fcn_enable_disable 0000000180032a30 f   sfc_mex:sfc_sf.obj
 0001:00031cb0       set_dwork_information_from_mx_array 0000000180032cb0 f   sfc_mex:sfc_sf.obj
 0001:000325a0       ptr2mxStruct               00000001800335a0 f   sfc_mex:sfc_sf.obj
 0001:000328b0       SNPRINTF_WRAPPER           00000001800338b0 f   sfc_debug:sfcdebug.obj
 0001:000328e0       sf_debug_chart_instance_initialized 00000001800338e0 f   sfc_debug:sfcdebug.obj
 0001:00032a80       sfrtAddSize                0000000180033a80 f   sfc_debug:sfcdebug.obj
 0001:00032b40       sfrtGenSizeString          0000000180033b40 f   sfc_debug:sfcdebug.obj
 0001:00033290       fill_single_message_info   0000000180034290 f   sfc_debug:sfcdebug.obj
 0001:00033510       sf_debug_sim_status_listener 0000000180034510 f   sfc_debug:sfcdebug.obj
 0001:00033aa0       sf_debug_form_mask_bits    0000000180034aa0 f   sfc_debug:sfcdebug.obj
 0001:00033ac0       sf_debug_form_sf_data_type_offsets 0000000180034ac0 f   sfc_debug:sfcdebug.obj
 0001:00033b80       sf_debug_free_all          0000000180034b80 f   sfc_debug:sfcdebug.obj
 0001:00033d10       sf_debug_append_debugger_context 0000000180034d10 f   sfc_debug:sfcdebug.obj
 0001:00034080       local_strdup               0000000180035080 f   sfc_debug:sfcdebug.obj
 0001:00035000       sf_debug_em_terminate      0000000180036000 f   sfc_debug:sfcdebug.obj
 0001:00035040       sf_debug_push_eml_function 0000000180036040 f   sfc_debug:sfcdebug.obj
 0001:000350e0       sf_debug_pop_eml_function  00000001800360e0 f   sfc_debug:sfcdebug.obj
 0001:00035d80       sf_debug_get_machine_number_from_id_or_name 0000000180036d80 f   sfc_debug:sfcdebug.obj
 0001:00035ed0       sf_debug_get_chart_number_from_id 0000000180036ed0 f   sfc_debug:sfcdebug.obj
 0001:00036cb0       sf_debug_transfer_control_to_debugger_GUI 0000000180037cb0 f   sfc_debug:sfcdebug.obj
 0001:00037c20       sf_debug_scripts_rehash    0000000180038c20 f   sfc_debug:sfcdebug.obj
 0001:00037e30       sf_debug_get_script_line_count 0000000180038e30 f   sfc_debug:sfcdebug.obj
 0001:00038880       cv_eml_state_cvId          0000000180039880 f   sfc_debug:sfcdebug.obj
 0001:000388f0       cv_eml_trans_cvId          00000001800398f0 f   sfc_debug:sfcdebug.obj
 0001:00039d70       sf_debug_data_array_bounds_error 000000018003ad70 f   sfc_debug:sfcdebug.obj
 0001:0003a120       eml_debug_runtime_error_doclink 000000018003b120 f   sfc_debug:sfcdebug.obj
 0001:0003a290       sf_debug_runtime_error     000000018003b290 f   sfc_debug:sfcdebug.obj
 0001:0003a300       sf_debug_matlab_error      000000018003b300 f   sfc_debug:sfcdebug.obj
 0001:0003ac70       sf_debug_data_value_error  000000018003bc70 f   sfc_debug:sfcdebug.obj
 0001:0003b540       sf_debug_data_loss_error   000000018003c540 f   sfc_debug:sfcdebug.obj
 0001:0003c460       call_cv_range_check        000000018003d460 f   sfc_debug:sfcdebug.obj
 0001:0003ccc0       sf_debug_invoke_cycle_detection_code 000000018003dcc0 f   sfc_debug:sfcdebug.obj
 0001:0003d830       sf_reset_debug_info_struct 000000018003e830 f   sfc_debug:sfcdebug.obj
 0001:0003e020       cv_script_cvId             000000018003f020 f   sfc_debug:sfcdebug.obj
 0001:0003f1e0       sfc_api_chart_visible      00000001800401e0 f   sfc_debug:sfc_api.obj
 0001:0003f270       sfc_api_active_instance    0000000180040270 f   sfc_debug:sfc_api.obj
 0001:0003f300       sfc_api_machine_load       0000000180040300 f   sfc_debug:sfc_api.obj
 0001:0003f3f0       sfc_api_debugger_alive     00000001800403f0 f   sfc_debug:sfc_api.obj
 0001:0003f400       sfc_api_go                 0000000180040400 f   sfc_debug:sfc_api.obj
 0001:0003f410       sfc_api_step_over          0000000180040410 f   sfc_debug:sfc_api.obj
 0001:0003f420       sfc_api_step_out           0000000180040420 f   sfc_debug:sfc_api.obj
 0001:0003f430       sfc_api_resume             0000000180040430 f   sfc_debug:sfc_api.obj
 0001:0003f440       sfc_api_break              0000000180040440 f   sfc_debug:sfc_api.obj
 0001:0003f450       sfc_api_stop_debugging     0000000180040450 f   sfc_debug:sfc_api.obj
 0001:0003f4b0       sfc_api_is_cycle_detected  00000001800404b0 f   sfc_debug:sfc_api.obj
 0001:0003f510       sfc_api_is_array_bounds_detected 0000000180040510 f   sfc_debug:sfc_api.obj
 0001:0003f570       sfc_api_set_disable_all_breakpoints 0000000180040570 f   sfc_debug:sfc_api.obj
 0001:0003f5f0       sfc_api_disable_all_breakpoints_and_go 00000001800405f0 f   sfc_debug:sfc_api.obj
 0001:0003f600       sfc_api_close              0000000180040600 f   sfc_debug:sfc_api.obj
 0001:0003f610       sfc_api_browse_data        0000000180040610 f   sfc_debug:sfc_api.obj
 0001:0003f690       sfc_api_watch_data         0000000180040690 f   sfc_debug:sfc_api.obj
 0001:0003f7a0       sfc_api_extract_message_post_receive_info 00000001800407a0 f   sfc_debug:sfc_api.obj
 0001:0003f7c0       sfc_api_assign_data        00000001800407c0 f   sfc_debug:sfc_api.obj
 0001:0003f870       sfc_api_whos               0000000180040870 f   sfc_debug:sfc_api.obj
 0001:0003f900       sfc_api_get_consistency_info 0000000180040900 f   sfc_debug:sfc_api.obj
 0001:0003f910       sfc_api_browse_trace       0000000180040910 f   sfc_debug:sfc_api.obj
 0001:0003f920       sfc_api_break_on_chart_entry 0000000180040920 f   sfc_debug:sfc_api.obj
 0001:0003f950       sfc_api_break_on_event_broadcast 0000000180040950 f   sfc_debug:sfc_api.obj
 0001:0003f980       sfc_api_break_on_state_entry 0000000180040980 f   sfc_debug:sfc_api.obj
 0001:0003f9b0       sfc_api_set_watch          00000001800409b0 f   sfc_debug:sfc_api.obj
 0001:0003fa60       sfc_api_set_breakpoints    0000000180040a60 f   sfc_debug:sfc_api.obj
 0001:0003fb20       sfc_api_set_eml_breakpoints 0000000180040b20 f   sfc_debug:sfc_api.obj
 0001:0003fbc0       sfc_api_set_script_breakpoints 0000000180040bc0 f   sfc_debug:sfc_api.obj
 0001:0003fc20       sfc_api_add_script_breakpoints 0000000180040c20 f   sfc_debug:sfc_api.obj
 0001:0003fc80       sfc_api_clear_script_breakpoints 0000000180040c80 f   sfc_debug:sfc_api.obj
 0001:0003fce0       sfc_api_query_script_breakpoints 0000000180040ce0 f   sfc_debug:sfc_api.obj
 0001:0003fd50       sfc_api_get_script_id      0000000180040d50 f   sfc_debug:sfc_api.obj
 0001:0003fe10       sfc_api_get_active_states  0000000180040e10 f   sfc_debug:sfc_api.obj
 0001:0003fea0       sfc_api_break_between_times 0000000180040ea0 f   sfc_debug:sfc_api.obj
 0001:0003ff10       sfc_api_get_instance_handle 0000000180040f10 f   sfc_debug:sfc_api.obj
 0001:0003ffe0       sfc_api_set_animation      0000000180040fe0 f   sfc_debug:sfc_api.obj
 0001:00040030       sfc_api_select_chart       0000000180041030 f   sfc_debug:sfc_api.obj
 0001:000400a0       sfc_api_select_charts      00000001800410a0 f   sfc_debug:sfc_api.obj
 0001:000400d0       sfc_api_cycle_detection_check 00000001800410d0 f   sfc_debug:sfc_api.obj
 0001:00040120       sfc_api_data_range_check   0000000180041120 f   sfc_debug:sfc_api.obj
 0001:00040170       sfc_api_transition_conflict_check 0000000180041170 f   sfc_debug:sfc_api.obj
 0001:000401c0       sfc_api_state_consistency_check 00000001800411c0 f   sfc_debug:sfc_api.obj
 0001:00040210       sfc_api_set_instance_cv_ids 0000000180041210 f   sfc_debug:sfc_api.obj
 0001:00040340       sfc_api_set_script_cv_ids  0000000180041340 f   sfc_debug:sfc_api.obj
 0001:00040410       sfc_api_get_current_machine_id 0000000180041410 f   sfc_debug:sfc_api.obj
 0001:00040440       sfc_api_get_current_machine_number 0000000180041440 f   sfc_debug:sfc_api.obj
 0001:00040470       sfc_api_get_current_chart_number 0000000180041470 f   sfc_debug:sfc_api.obj
 0001:000404a0       sfc_api_get_current_instance_number 00000001800414a0 f   sfc_debug:sfc_api.obj
 0001:000404d0       sfc_api_get_current_instance_handle 00000001800414d0 f   sfc_debug:sfc_api.obj
 0001:000404f0       sfc_api_get_current_is_minor_time_step 00000001800414f0 f   sfc_debug:sfc_api.obj
 0001:00040520       sfc_api_get_current_machine_name 0000000180041520 f   sfc_debug:sfc_api.obj
 0001:00040540       sfc_api_get_current_chart_id 0000000180041540 f   sfc_debug:sfc_api.obj
 0001:00040570       sfc_api_get_current_object_type 0000000180041570 f   sfc_debug:sfc_api.obj
 0001:000405a0       sfc_api_get_current_event_type 00000001800415a0 f   sfc_debug:sfc_api.obj
 0001:000405d0       sfc_api_get_current_object_id 00000001800415d0 f   sfc_debug:sfc_api.obj
 0001:00040600       sfc_get_current_active_event_type 0000000180041600 f   sfc_debug:sfc_api.obj
 0001:00040630       sfc_api_get_current_active_event_id 0000000180041630 f   sfc_debug:sfc_api.obj
 0001:00040660       sfc_api_get_current_simulation_time 0000000180041660 f   sfc_debug:sfc_api.obj
 0001:00040680       sfc_get_current_tag_type   0000000180041680 f   sfc_debug:sfc_api.obj
 0001:000406b0       sfc_get_current_coverage_percentage 00000001800416b0 f   sfc_debug:sfc_api.obj
 0001:000406d0       sfc_get_current_statement_context 00000001800416d0 f   sfc_debug:sfc_api.obj
 0001:000406f0       sfc_get_current_optional_integer 00000001800416f0 f   sfc_debug:sfc_api.obj
 0001:00040720       sfc_get_current_statement_info 0000000180041720 f   sfc_debug:sfc_api.obj
 0001:000407c0       sfc_api_get                00000001800417c0 f   sfc_debug:sfc_api.obj
 0001:00041420       sf_debug_sm_fill_state_activity_data 0000000180042420 f   sfc_debug:sfdb_animation.obj
 0001:00043c60       void_ptr_stack_vector_free_total 0000000180044c60 f   sfc_debug:sfdb_data_browse.obj
 0001:00043ce0       sf_debug_st_terminate_machine 0000000180044ce0 f   sfc_debug:sfdb_data_browse.obj
 0001:00043d20       sf_debug_st_terminate_instance 0000000180044d20 f   sfc_debug:sfdb_data_browse.obj
 0001:000440d0       push_on_to_void_ptr_stack  00000001800450d0 f   sfc_debug:sfdb_data_browse.obj
 0001:00044260       pop_from_void_ptr_stack    0000000180045260 f   sfc_debug:sfdb_data_browse.obj
 0001:00044390       sf_debug_st_get_data_value 0000000180045390 f   sfc_debug:sfdb_data_browse.obj
 0001:000448c0       mx_value                   00000001800458c0 f   sfc_debug:sfdb_data_browse.obj
 0001:00044900       sf_debug_st_fill_data_struct 0000000180045900 f   sfc_debug:sfdb_data_browse.obj
 0001:00044c40       data_type_format_strings   0000000180045c40 f   sfc_debug:sfdb_data_browse.obj
 0001:00044cf0       sf_debug_st_fill_data      0000000180045cf0 f   sfc_debug:sfdb_data_browse.obj
 0001:000459e0       sf_debug_hm_get_simulink_handle 00000001800469e0 f   sfc_debug:sfdb_handle_management.obj
 0001:00046490       sf_debug_hm_initialize_globals 0000000180047490 f   sfc_debug:sfdb_handle_management.obj
 0001:00046590       sf_debug_hm_get_machine_debug_flag 0000000180047590 f   sfc_debug:sfdb_handle_management.obj
 0001:00046700       sf_debug_hm_get_machine_id 0000000180047700 f   sfc_debug:sfdb_handle_management.obj
 0001:00046820       sf_debug_hm_get_chart_id   0000000180047820 f   sfc_debug:sfdb_handle_management.obj
 0001:000469c0       sf_debug_hm_register_executing_SFunction 00000001800479c0 f   sfc_debug:sfdb_handle_management.obj
 0001:00046d50       sf_debug_hm_form_object_boolean_properties 0000000180047d50 f   sfc_debug:sfdb_handle_management.obj
 0001:00047020       sf_debug_hm_form_object_properties 0000000180048020 f   sfc_debug:sfdb_handle_management.obj
 0001:00047260       sf_debug_hm_terminate_charts 0000000180048260 f   sfc_debug:sfdb_handle_management.obj
 0001:00047940       sf_debug_hm_terminate_machines 0000000180048940 f   sfc_debug:sfdb_handle_management.obj
 0001:000493b0       sf_debug_ss_copy_dimension 000000018004a3b0 f   sfc_debug:sfdb_symbol_scope.obj
 0001:00049470       sf_debug_ss_get_number_elements 000000018004a470 f   sfc_debug:sfdb_symbol_scope.obj
 0001:00049490       sf_debug_ss_fill_data_struct 000000018004a490 f   sfc_debug:sfdb_symbol_scope.obj
 0001:000497e0       sf_debug_ss_reset_data_info 000000018004a7e0 f   sfc_debug:sfdb_symbol_scope.obj
 0001:00049840       sf_debug_fill_data_info_by_symbol_scope_entry 000000018004a840 f   sfc_debug:sfdb_symbol_scope.obj
 0001:00049900       sf_debug_fill_data_info_by_data_vector 000000018004a900 f   sfc_debug:sfdb_symbol_scope.obj
 0001:00049b50       get_data_info_helper       000000018004ab50 f   sfc_debug:sfdb_symbol_scope.obj
 0001:00049e40       sf_debug_ss_get_data_info  000000018004ae40 f   sfc_debug:sfdb_symbol_scope.obj
 0001:0004a060       sf_debug_select_mex_function 000000018004b060 f   sfc_debug:sfdb_symbol_scope.obj
 0001:0004a090       sf_debug_is_dyn_matrix_initialized 000000018004b090 f   sfc_debug:sfdb_symbol_scope.obj
 0001:0004a0b0       sf_debug_ss_set_data_value_try 000000018004b0b0 f   sfc_debug:sfdb_symbol_scope.obj
 0001:0004a2a0       sf_debug_ss_get_data_value 000000018004b2a0 f   sfc_debug:sfdb_symbol_scope.obj
 0001:0004aa00       sf_debug_ss_data_bytes_string 000000018004ba00 f   sfc_debug:sfdb_symbol_scope.obj
 0001:0004aa90       sf_debug_ss_data_class_string 000000018004ba90 f   sfc_debug:sfdb_symbol_scope.obj
 0001:0004ae10       sf_debug_ss_data_size_string 000000018004be10 f   sfc_debug:sfdb_symbol_scope.obj
 0001:0004aef0       sf_debug_ss_data_create_data_info_struct 000000018004bef0 f   sfc_debug:sfdb_symbol_scope.obj
 0001:0004b1a0       sf_debug_ss_data_create_name_value_pair 000000018004c1a0 f   sfc_debug:sfdb_symbol_scope.obj
 0001:0004b240       sf_debug_ss_data_get_whos_info 000000018004c240 f   sfc_debug:sfdb_symbol_scope.obj
 0001:0004b250       same_named_data_in_data_array 000000018004c250 f   sfc_debug:sfdb_symbol_scope.obj
 0001:0004c9e0       sf_debug_cc_terminate_chart 000000018004d9e0 f   sfc_debug:sfdb_coverage.obj
 0001:0004ccf0       sf_debug_cc_terminate_instance 000000018004dcf0 f   sfc_debug:sfdb_coverage.obj
 0001:0004d8c0       sf_debug_cc_mark_object_if_needed 000000018004e8c0 f   sfc_debug:sfdb_coverage.obj
 0001:0004e140       sf_debug_bm_initialize_eml 000000018004f140 f   sfc_debug:sfdb_breakpoints.obj
 0001:0004f200       sf_debug_bm_map_debug_tag_to_breakpoint_tag 0000000180050200 f   sfc_debug:sfdb_breakpoints.obj
 0001:0004f2e0       sf_debug_bm_is_a_eml_breakpoint_impl 00000001800502e0 f   sfc_debug:sfdb_breakpoints.obj
 0001:00050c10       sf_debug_sc_push_on_error_stack 0000000180051c10 f   sfc_debug:sfdb_state_consistency.obj
 0001:00050d30       sf_debug_sc_reset_error_stack 0000000180051d30 f   sfc_debug:sfdb_state_consistency.obj
 0001:00050ec0       sf_debug_sc_is_state_inconsistent 0000000180051ec0 f   sfc_debug:sfdb_state_consistency.obj
 0001:000511b0       sf_debug_sc_fill_consistency_info 00000001800521b0 f   sfc_debug:sfdb_state_consistency.obj
 0001:00051750       void_assertion_fcn         0000000180052750 f   sfc_debug:sfdb_call_stack.obj
 0001:00051ca0       sf_debug_tm_fill_local_trace 0000000180052ca0 f   sfc_debug:sfdb_call_stack.obj
 0001:00052240       sf_debug_cd_terminate_instance 0000000180053240 f   sfc_debug:sfdb_cycle_detection.obj
 0001:000522a0       sf_debug_cd_free_checksum_stack 00000001800532a0 f   sfc_debug:sfdb_cycle_detection.obj
 0001:000522f0       sf_debug_cd_reset_pack_strings 00000001800532f0 f   sfc_debug:sfdb_cycle_detection.obj
 0001:00052990       md5file_clear              0000000180053990 f   sfc_debug:ckmd5.obj
 0001:000529c0       Encode                     00000001800539c0 f   sfc_debug:ckmd5.obj
 0001:00052a10       Decode                     0000000180053a10 f   sfc_debug:ckmd5.obj
 0001:00052ab0       MD5Transform               0000000180053ab0 f   sfc_debug:ckmd5.obj
 0001:00053310       md5file_addn               0000000180054310 f   sfc_debug:ckmd5.obj
 0001:000533e0       md5file_hash               00000001800543e0 f   sfc_debug:ckmd5.obj
 0001:00053954       pre_c_init                 0000000180054954 f   MSVCRT:crtdll.obj
 0001:00053c10       __DllMainCRTStartup        0000000180054c10 f   MSVCRT:crtdll.obj
 0001:000542a0       __DllMainCRTStartup$filt$0 00000001800552a0 f   MSVCRT:crtdll.obj
 0001:000542d0       __DllMainCRTStartup$fin$1  00000001800552d0 f   MSVCRT:crtdll.obj
 0001:000542ea       _onexit$fin$0              00000001800552ea f   MSVCRT:atonexit.obj
 0001:00054310       _IsNonwritableInCurrentImage$filt$0 0000000180055310 f   MSVCRT:pesect.obj
