 SDR_Lowpass_sfun

 Timestamp is 54c6a25d (Tue Jan 27 01:53:57 2015)

 Preferred load address is 0000000180000000

 Start         Length     Name                   Class
 0001:00000000 0003e0c4H .text                   CODE
 0001:0003e0d0 00000092H .text$x                 CODE
 0002:00000000 000004a8H .idata$5                DATA
 0002:000004a8 00000008H .CRT$XCA                DATA
 0002:000004b0 00000008H .CRT$XCZ                DATA
 0002:000004b8 00000008H .CRT$XIA                DATA
 0002:000004c0 00000008H .CRT$XIAA               DATA
 0002:000004c8 00000008H .CRT$XIZ                DATA
 0002:000004d0 00004b4cH .rdata                  DATA
 0002:00005020 00000008H .rtc$IAA                DATA
 0002:00005028 00000008H .rtc$IZZ                DATA
 0002:00005030 00000008H .rtc$TAA                DATA
 0002:00005038 00000008H .rtc$TZZ                DATA
 0002:00005040 0000437cH .xdata                  DATA
 0002:000093bc 000000a0H .idata$2                DATA
 0002:0000945c 00000014H .idata$3                DATA
 0002:00009470 000004a8H .idata$4                DATA
 0002:00009918 00000af2H .idata$6                DATA
 0002:0000a410 00000056H .edata                  DATA
 0003:00000000 00003988H .data                   DATA
 0003:000039a0 00002438H .bss                    DATA
 0004:00000000 000033f0H .pdata                  DATA

  Address         Publics by Value              Rva+Base               Lib:Object

 0000:00000000       ___safe_se_handler_table   0000000000000000     <absolute>
 0000:00000000       ___safe_se_handler_count   0000000000000000     <absolute>
 0000:00000000       __ImageBase                0000000180000000     <linker-defined>
 0001:00000000       sf_c1_SDR_Lowpass_get_eml_resolved_functions_info 0000000180001000 f   c1_SDR_Lowpass.obj
 0001:00000a60       sf_c1_SDR_Lowpass_get_check_sum 0000000180001a60 f   c1_SDR_Lowpass.obj
 0001:00000ae0       sf_c1_SDR_Lowpass_get_autoinheritance_info 0000000180001ae0 f   c1_SDR_Lowpass.obj
 0001:00001190       sf_c1_SDR_Lowpass_third_party_uses_info 0000000180002190 f   c1_SDR_Lowpass.obj
 0001:000011c0       sf_internal_get_sim_state_c1_SDR_Lowpass 00000001800021c0 f   c1_SDR_Lowpass.obj
 0001:00001510       sf_internal_set_sim_state_c1_SDR_Lowpass 0000000180002510 f   c1_SDR_Lowpass.obj
 0001:00001910       c1_SDR_Lowpass_method_dispatcher 0000000180002910 f   c1_SDR_Lowpass.obj
 0001:00003f30       sf_c2_SDR_Lowpass_get_eml_resolved_functions_info 0000000180004f30 f   c2_SDR_Lowpass.obj
 0001:00005100       sf_c2_SDR_Lowpass_get_check_sum 0000000180006100 f   c2_SDR_Lowpass.obj
 0001:00005180       sf_c2_SDR_Lowpass_get_autoinheritance_info 0000000180006180 f   c2_SDR_Lowpass.obj
 0001:00005990       sf_c2_SDR_Lowpass_third_party_uses_info 0000000180006990 f   c2_SDR_Lowpass.obj
 0001:000059c0       sf_internal_get_sim_state_c2_SDR_Lowpass 00000001800069c0 f   c2_SDR_Lowpass.obj
 0001:00005ea0       sf_internal_set_sim_state_c2_SDR_Lowpass 0000000180006ea0 f   c2_SDR_Lowpass.obj
 0001:00006330       c2_SDR_Lowpass_method_dispatcher 0000000180007330 f   c2_SDR_Lowpass.obj
 0001:000090b0       sf_c3_SDR_Lowpass_get_eml_resolved_functions_info 000000018000a0b0 f   c3_SDR_Lowpass.obj
 0001:00009130       sf_c3_SDR_Lowpass_get_check_sum 000000018000a130 f   c3_SDR_Lowpass.obj
 0001:000091b0       sf_c3_SDR_Lowpass_get_autoinheritance_info 000000018000a1b0 f   c3_SDR_Lowpass.obj
 0001:00009720       sf_c3_SDR_Lowpass_third_party_uses_info 000000018000a720 f   c3_SDR_Lowpass.obj
 0001:00009750       sf_internal_get_sim_state_c3_SDR_Lowpass 000000018000a750 f   c3_SDR_Lowpass.obj
 0001:00009aa0       sf_internal_set_sim_state_c3_SDR_Lowpass 000000018000aaa0 f   c3_SDR_Lowpass.obj
 0001:00009ea0       c3_SDR_Lowpass_method_dispatcher 000000018000aea0 f   c3_SDR_Lowpass.obj
 0001:0000bd50       sf_process_check_sum_call  000000018000cd50 f   SDR_Lowpass_sfun_registry.obj
 0001:0000bda0       sf_process_autoinheritance_call 000000018000cda0 f   SDR_Lowpass_sfun_registry.obj
 0001:0000bf40       sf_process_get_third_party_uses_info_call 000000018000cf40 f   SDR_Lowpass_sfun_registry.obj
 0001:0000c0e0       sf_process_get_eml_resolved_functions_info_call 000000018000d0e0 f   SDR_Lowpass_sfun_registry.obj
 0001:0000c260       sf_mex_unlock_call         000000018000d260 f   SDR_Lowpass_sfun_registry.obj
 0001:0000c310       sf_machine_global_initializer_called 000000018000d310 f   SDR_Lowpass_sfun_registry.obj
 0001:0000c340       sf_machine_global_method_dispatcher 000000018000d340 f   SDR_Lowpass_sfun_registry.obj
 0001:0000c3a0       sf_machine_global_terminator 000000018000d3a0 f   SDR_Lowpass_sfun_registry.obj
 0001:0000c3f0       sf_register_machine_exported_symbols 000000018000d3f0 f   SDR_Lowpass_sfun_registry.obj
 0001:0000c410       callCustomFcn              000000018000d410 f   SDR_Lowpass_sfun_registry.obj
 0001:0000c420       sf_machine_global_initializer 000000018000d420 f   SDR_Lowpass_sfun_registry.obj
 0001:0000c4a0       _ssSetStateAbsTol          000000018000d4a0 f   SDR_Lowpass_sfun_registry.obj
 0001:0000c580       _ssGetAbsTol               000000018000d580 f   SDR_Lowpass_sfun_registry.obj
 0001:0000c5f0       _ssSetInputPortMatrixDimensions 000000018000d5f0 f   SDR_Lowpass_sfun_registry.obj
 0001:0000c700       _ssSetOutputPortMatrixDimensions 000000018000d700 f   SDR_Lowpass_sfun_registry.obj
 0001:0000c810       _ssSetInputPortVectorDimension 000000018000d810 f   SDR_Lowpass_sfun_registry.obj
 0001:0000c8e0       _ssSetOutputPortVectorDimension 000000018000d8e0 f   SDR_Lowpass_sfun_registry.obj
 0001:0000c9b0       ssIsRunTimeParamTunable    000000018000d9b0 f   SDR_Lowpass_sfun_registry.obj
 0001:0000ca20       ssGetSFuncBlockHandle      000000018000da20 f   SDR_Lowpass_sfun_registry.obj
 0001:0000ca90       _ssGetCurrentInputPortWidth 000000018000da90 f   SDR_Lowpass_sfun_registry.obj
 0001:0000cbb0       _ssGetCurrentOutputPortWidth 000000018000dbb0 f   SDR_Lowpass_sfun_registry.obj
 0001:0000ccd0       _ssGetCallSystemNumFcnCallDestinations 000000018000dcd0 f   SDR_Lowpass_sfun_registry.obj
 0001:0000cd40       ssWarning                  000000018000dd40 f   SDR_Lowpass_sfun_registry.obj
 0001:0000ce50       ssGetIsZeroCrossControlDisabled 000000018000de50 f   SDR_Lowpass_sfun_registry.obj
 0001:0000cec0       ssSetIsInputPortUsedForContZcSignal 000000018000dec0 f   SDR_Lowpass_sfun_registry.obj
 0001:0000cf30       ssSetZcSignalIsZcElementDisc 000000018000df30 f   SDR_Lowpass_sfun_registry.obj
 0001:0000cfe0       ssSetZcSignalName          000000018000dfe0 f   SDR_Lowpass_sfun_registry.obj
 0001:0000d050       ssSetZcSignalWidth         000000018000e050 f   SDR_Lowpass_sfun_registry.obj
 0001:0000d0c0       ssSetZcSignalZcEventType   000000018000e0c0 f   SDR_Lowpass_sfun_registry.obj
 0001:0000d130       ssSetZcSignalType          000000018000e130 f   SDR_Lowpass_sfun_registry.obj
 0001:0000d1a0       ssSetZcSignalZcTol         000000018000e1a0 f   SDR_Lowpass_sfun_registry.obj
 0001:0000d210       ssSetZcSignalNeedsEventNotification 000000018000e210 f   SDR_Lowpass_sfun_registry.obj
 0001:0000d280       ssCreateAndAddZcSignalInfo 000000018000e280 f   SDR_Lowpass_sfun_registry.obj
 0001:0000d2f0       ssCloneAndAddZcSignalInfo  000000018000e2f0 f   SDR_Lowpass_sfun_registry.obj
 0001:0000d360       ssGetNumZcSignals          000000018000e360 f   SDR_Lowpass_sfun_registry.obj
 0001:0000d3d0       ssGetZcSignalVector        000000018000e3d0 f   SDR_Lowpass_sfun_registry.obj
 0001:0000d440       ssGetZcSignalZcEvents      000000018000e440 f   SDR_Lowpass_sfun_registry.obj
 0001:0000d4b0       ssGetZcSignalName          000000018000e4b0 f   SDR_Lowpass_sfun_registry.obj
 0001:0000d520       ssGetZcSignalWidth         000000018000e520 f   SDR_Lowpass_sfun_registry.obj
 0001:0000d590       ssGetZcSignalZcEventType   000000018000e590 f   SDR_Lowpass_sfun_registry.obj
 0001:0000d600       ssGetZcSignalType          000000018000e600 f   SDR_Lowpass_sfun_registry.obj
 0001:0000d670       ssGetZcSignalZcTol         000000018000e670 f   SDR_Lowpass_sfun_registry.obj
 0001:0000d6f0       ssGetZcSignalNeedsEventNotification 000000018000e6f0 f   SDR_Lowpass_sfun_registry.obj
 0001:0000d760       ssGetZcSignalIsZcElementDisc 000000018000e760 f   SDR_Lowpass_sfun_registry.obj
 0001:0000d800       ssGetIsInputPortElementContinuous 000000018000e800 f   SDR_Lowpass_sfun_registry.obj
 0001:0000d8a0       _ssGetInputPortSignalPtrsFcn 000000018000e8a0 f   SDR_Lowpass_sfun_registry.obj
 0001:0000db60       _ssGetInputPortSignalFcn   000000018000eb60 f   SDR_Lowpass_sfun_registry.obj
 0001:0000dd80       _ssSetInputPortDirectFeedThroughFcn 000000018000ed80 f   SDR_Lowpass_sfun_registry.obj
 0001:0000dee0       _ssSetInputPortReusableFcn 000000018000eee0 f   SDR_Lowpass_sfun_registry.obj
 0001:0000dfd0       _ssSetOutputPortReusableFcn 000000018000efd0 f   SDR_Lowpass_sfun_registry.obj
 0001:0000e0b0       ssGetDTypeIdFromMxArray    000000018000f0b0 f   SDR_Lowpass_sfun_registry.obj
 0001:0000e1d0       ssWriteRTWStr              000000018000f1d0 f   SDR_Lowpass_sfun_registry.obj
 0001:0000e230       ssWriteRTWMxVectParam      000000018000f230 f   SDR_Lowpass_sfun_registry.obj
 0001:0000e290       ssWriteRTWMx2dMatParam     000000018000f290 f   SDR_Lowpass_sfun_registry.obj
 0001:0000e310       ssWriteRTWNameValuePair    000000018000f310 f   SDR_Lowpass_sfun_registry.obj
 0001:0000e800       ssWriteRTWParameters       000000018000f800 f   SDR_Lowpass_sfun_registry.obj
 0001:0000ee00       ssWriteRTWParamSettings    000000018000fe00 f   SDR_Lowpass_sfun_registry.obj
 0001:0000f4d0       ssWriteRTWWorkVect         00000001800104d0 f   SDR_Lowpass_sfun_registry.obj
 0001:0000f9d0       mexFunction                00000001800109d0 f   SDR_Lowpass_sfun_registry.obj
 0001:00011700       ProcessMexSfunctionEveryCall 0000000180012700 f   SDR_Lowpass_sfun_registry.obj
 0001:00011870       SDR_Lowpass_initializer    0000000180012870 f   SDR_Lowpass_sfun.obj
 0001:00011880       SDR_Lowpass_terminator     0000000180012880 f   SDR_Lowpass_sfun.obj
 0001:00011890       sf_SDR_Lowpass_method_dispatcher 0000000180012890 f   SDR_Lowpass_sfun.obj
 0001:00011920       sf_SDR_Lowpass_process_check_sum_call 0000000180012920 f   SDR_Lowpass_sfun.obj
 0001:00011d60       sf_SDR_Lowpass_autoinheritance_info 0000000180012d60 f   SDR_Lowpass_sfun.obj
 0001:00011f70       sf_SDR_Lowpass_get_eml_resolved_functions_info 0000000180012f70 f   SDR_Lowpass_sfun.obj
 0001:00012120       sf_SDR_Lowpass_third_party_uses_info 0000000180013120 f   SDR_Lowpass_sfun.obj
 0001:000122d0       SDR_Lowpass_debug_initialize 00000001800132d0 f   SDR_Lowpass_sfun.obj
 0001:00012350       SDR_Lowpass_register_exported_symbols 0000000180013350 f   SDR_Lowpass_sfun.obj
 0001:00012360       load_SDR_Lowpass_optimization_info 0000000180013360 f   SDR_Lowpass_sfun.obj
 0001:000123b0       unload_SDR_Lowpass_optimization_info 00000001800133b0 f   SDR_Lowpass_sfun.obj
 0001:000124d0       sf_mex_mx_is_numeric       00000001800134d0 f   sfc_mex:sfc_mex.obj
 0001:00012510       strcmp_ignore_ws           0000000180013510 f   sfc_mex:sfc_mex.obj
 0001:00012650       sf_mex_duplicatearraysafe  0000000180013650 f   sfc_mex:sfc_mex.obj
 0001:000127b0       sf_set_error_debugger_context_message_fcn 00000001800137b0 f   sfc_mex:sfc_mex.obj
 0001:000127c0       sf_set_debugger_matlab_error_fcn 00000001800137c0 f   sfc_mex:sfc_mex.obj
 0001:00012800       sf_set_error_prefix_string 0000000180013800 f   sfc_mex:sfc_mex.obj
 0001:00012830       sf_get_error_prefix_string 0000000180013830 f   sfc_mex:sfc_mex.obj
 0001:00012840       sf_mex_enter_parallel_region 0000000180013840 f   sfc_mex:sfc_mex.obj
 0001:00012850       sf_mex_exit_parallel_region 0000000180013850 f   sfc_mex:sfc_mex.obj
 0001:00012860       sf_get_current_jmp_buf_ptr 0000000180013860 f   sfc_mex:sfc_mex.obj
 0001:00012870       sf_set_current_jmp_buf_ptr 0000000180013870 f   sfc_mex:sfc_mex.obj
 0001:00012880       sf_mex_set_halt_simulation 0000000180013880 f   sfc_mex:sfc_mex.obj
 0001:00012890       sf_mex_get_halt_simulation 0000000180013890 f   sfc_mex:sfc_mex.obj
 0001:000128a0       sf_mex_clear_error_message 00000001800138a0 f   sfc_mex:sfc_mex.obj
 0001:000128c0       sf_mex_get_error_message_for_read 00000001800138c0 f   sfc_mex:sfc_mex.obj
 0001:000128d0       sf_mex_get_error_message_buffer_length 00000001800138d0 f   sfc_mex:sfc_mex.obj
 0001:000129b0       sf_mex_warning_message     00000001800139b0 f   sfc_mex:sfc_mex.obj
 0001:00012a20       sf_mex_v_errbuf_createf    0000000180013a20 f   sfc_mex:sfc_mex.obj
 0001:00012a30       sf_mex_errbuf_createf      0000000180013a30 f   sfc_mex:sfc_mex.obj
 0001:00012a60       sf_mex_v_errbuf_catf       0000000180013a60 f   sfc_mex:sfc_mex.obj
 0001:00012aa0       sf_mex_errbuf_catf         0000000180013aa0 f   sfc_mex:sfc_mex.obj
 0001:00012af0       sf_mex_errbuf_copy         0000000180013af0 f   sfc_mex:sfc_mex.obj
 0001:00012b00       sf_mex_errbuf_clear        0000000180013b00 f   sfc_mex:sfc_mex.obj
 0001:00012b10       sf_mex_errbuf_isempty      0000000180013b10 f   sfc_mex:sfc_mex.obj
 0001:00012c10       sf_mex_set_error_status    0000000180013c10 f   sfc_mex:sfc_mex.obj
 0001:00012c60       sf_mex_error_direct_call   0000000180013c60 f   sfc_mex:sfc_mex.obj
 0001:00012c80       sf_mex_error_message_no_long_jump 0000000180013c80 f   sfc_mex:sfc_mex.obj
 0001:00012ca0       sf_mex_long_jump_on_error  0000000180013ca0 f   sfc_mex:sfc_mex.obj
 0001:00012cd0       sf_mex_call_matlab         0000000180013cd0 f   sfc_mex:sfc_mex.obj
 0001:00012df0       sf_mex_check_builtin       0000000180013df0 f   sfc_mex:sfc_mex.obj
 0001:00012e90       sf_mex_check_builtin_vs    0000000180013e90 f   sfc_mex:sfc_mex.obj
 0001:00012f50       sf_mex_check_enum          0000000180013f50 f   sfc_mex:sfc_mex.obj
 0001:00012fd0       sf_mex_create_enum         0000000180013fd0 f   sfc_mex:sfc_mex.obj
 0001:00013040       sf_mex_get_enum_element    0000000180014040 f   sfc_mex:sfc_mex.obj
 0001:00013050       sf_mex_createcellarray     0000000180014050 f   sfc_mex:sfc_mex.obj
 0001:00013060       sf_mex_setcell             0000000180014060 f   sfc_mex:sfc_mex.obj
 0001:00013070       sf_mex_getcell             0000000180014070 f   sfc_mex:sfc_mex.obj
 0001:00013080       sf_mex_dup                 0000000180014080 f   sfc_mex:sfc_mex.obj
 0001:000130a0       sf_mex_assign              00000001800140a0 f   sfc_mex:sfc_mex.obj
 0001:00013120       sf_mex_destroy             0000000180014120 f   sfc_mex:sfc_mex.obj
 0001:00013150       mx_array_has_fi_type       0000000180014150 f   sfc_mex:sfc_mex.obj
 0001:00013180       sf_mex_convert_from_fi     0000000180014180 f   sfc_mex:sfc_mex.obj
 0001:000132b0       sf_mex_convert_to_double   00000001800142b0 f   sfc_mex:sfc_mex.obj
 0001:000133d0       sf_mex_import_fi_vs        00000001800143d0 f   sfc_mex:sfc_mex.obj
 0001:00013600       sf_matrix_matrix_index_ok  0000000180014600 f   sfc_mex:sfc_mex.obj
 0001:00013690       sf_vector_vector_index_ok  0000000180014690 f   sfc_mex:sfc_mex.obj
 0001:000136c0       ssGetCurrentInputPortDimensions_wrapper 00000001800146c0 f   sfc_mex:sfc_mex.obj
 0001:000136e0       ssGetCurrentOutputPortDimensions_wrapper 00000001800146e0 f   sfc_mex:sfc_mex.obj
 0001:00013700       sf_mex_emlrt_context_is_debug_mode 0000000180014700 f   sfc_mex:sfc_mex.obj
 0001:00013710       sf_mex_emlrt_context_set_debug_mode 0000000180014710 f   sfc_mex:sfc_mex.obj
 0001:00013720       sf_mex_emlrtNameCapturePostProcessR2012a 0000000180014720 f   sfc_mex:sfc_mex.obj
 0001:00013790       sf_clear_error_manager_info 0000000180014790 f   sfc_mex:sfc_mex.obj
 0001:000137f0       sf_mex_stop_simulation_abruptly_wo_error 00000001800147f0 f   sfc_mex:sfc_mex.obj
 0001:00013830       sf_mex_error_message       0000000180014830 f   sfc_mex:sfc_mex.obj
 0001:000138a0       sf_react_to_error_in_matlab_call 00000001800148a0 f   sfc_mex:sfc_mex.obj
 0001:000138d0       sf_mex_addfield            00000001800148d0 f   sfc_mex:sfc_mex.obj
 0001:00013970       sf_mex_getfield            0000000180014970 f   sfc_mex:sfc_mex.obj
 0001:00013c70       sf_mex_check_class         0000000180014c70 f   sfc_mex:sfc_mex.obj
 0001:00013d10       sf_mex_is_real             0000000180014d10 f   sfc_mex:sfc_mex.obj
 0001:00014180       sf_mex_decode_encoded_mx_struct_array 0000000180015180 f   sfc_mex:sfc_mex.obj
 0001:00014470       sf_mex_lw_bounds_check     0000000180015470 f   sfc_mex:sfc_mex.obj
 0001:000144a0       sf_mex_lw_size_eq_check_1d 00000001800154a0 f   sfc_mex:sfc_mex.obj
 0001:000144c0       sf_mex_lw_size_eq_check_nd 00000001800154c0 f   sfc_mex:sfc_mex.obj
 0001:000146a0       sf_mex_lw_dim_size_eq_check 00000001800156a0 f   sfc_mex:sfc_mex.obj
 0001:000146d0       sf_mex_lw_dim_size_geq_check 00000001800156d0 f   sfc_mex:sfc_mex.obj
 0001:00014700       sf_mex_lw_sub_assign_size_check_nd 0000000180015700 f   sfc_mex:sfc_mex.obj
 0001:000148d0       sf_mex_lw_runtime_error_msgid 00000001800158d0 f   sfc_mex:sfc_mex.obj
 0001:000149c0       sf_mex_lw_matrix_matrix_index_check 00000001800159c0 f   sfc_mex:sfc_mex.obj
 0001:000149e0       sf_mex_lw_vector_vector_index_check 00000001800159e0 f   sfc_mex:sfc_mex.obj
 0001:00014a20       sf_mex_lw_for_loop_vector_check 0000000180015a20 f   sfc_mex:sfc_mex.obj
 0001:00014ab0       sf_mex_lw_non_negative_check 0000000180015ab0 f   sfc_mex:sfc_mex.obj
 0001:00014af0       sf_mex_overflow_error      0000000180015af0 f   sfc_mex:sfc_mex.obj
 0001:00014b00       sf_mex_dividebyzero_error  0000000180015b00 f   sfc_mex:sfc_mex.obj
 0001:00014b10       sf_mex_unsafe_enum_error   0000000180015b10 f   sfc_mex:sfc_mex.obj
 0001:00014b20       sf_emlrtErrHandler         0000000180015b20 f   sfc_mex:sfc_mex.obj
 0001:00014c00       sf_mex_size_one_check      0000000180015c00 f   sfc_mex:sfc_mex.obj
 0001:00014c20       sf_mex_printf              0000000180015c20 f   sfc_mex:sfc_mex.obj
 0001:00014df0       sf_mex_check_size          0000000180015df0 f   sfc_mex:sfc_mex.obj
 0001:00015090       sf_mex_check_struct        0000000180016090 f   sfc_mex:sfc_mex.obj
 0001:000152f0       sf_mex_check_struct_vs     00000001800162f0 f   sfc_mex:sfc_mex.obj
 0001:00015380       sf_mex_check_fi            0000000180016380 f   sfc_mex:sfc_mex.obj
 0001:00015480       sf_mex_check_fi_vs         0000000180016480 f   sfc_mex:sfc_mex.obj
 0001:00015520       sf_echo_expression         0000000180016520 f   sfc_mex:sfc_mex.obj
 0001:00015580       sf_assertion_failed        0000000180016580 f   sfc_mex:sfc_mex.obj
 0001:00015860       sf_mex_evalin              0000000180016860 f   sfc_mex:sfc_mex.obj
 0001:00015ad0       sf_mex_export              0000000180016ad0 f   sfc_mex:sfc_mex.obj
 0001:00015b90       sf_mex_get_ml_var_no_error 0000000180016b90 f   sfc_mex:sfc_mex.obj
 0001:00015d30       sf_mex_get_ml_var          0000000180016d30 f   sfc_mex:sfc_mex.obj
 0001:000161c0       ml_set_element_value_in_array 00000001800171c0 f   sfc_mex:sfc_mex.obj
 0001:00017280       sf_mex_call_impl           0000000180018280 f   sfc_mex:sfc_mex.obj
 0001:000176a0       sf_mex_call_debug          00000001800186a0 f   sfc_mex:sfc_mex.obj
 0001:000176d0       sf_mex_call                00000001800186d0 f   sfc_mex:sfc_mex.obj
 0001:00017d20       sf_mex_createstruct        0000000180018d20 f   sfc_mex:sfc_mex.obj
 0001:00017e30       sf_mex_createstructarray   0000000180018e30 f   sfc_mex:sfc_mex.obj
 0001:00017eb0       sf_mex_get_mx_datatype_from_sf_datatype 0000000180018eb0 f   sfc_mex:sfc_mex.obj
 0001:000181c0       sf_mex_ml_var_sub          00000001800191c0 f   sfc_mex:sfc_mex.obj
 0001:000183a0       sf_mex_ml_var_subsasgn     00000001800193a0 f   sfc_mex:sfc_mex.obj
 0001:000187a0       sf_mex_sub                 00000001800197a0 f   sfc_mex:sfc_mex.obj
 0001:000189b0       sf_mex_subsasgn            00000001800199b0 f   sfc_mex:sfc_mex.obj
 0001:00018ec0       sf_mex_create              0000000180019ec0 f   sfc_mex:sfc_mex.obj
 0001:00019860       sf_mex_import_named        000000018001a860 f   sfc_mex:sfc_mex.obj
 0001:000198c0       sf_mex_import              000000018001a8c0 f   sfc_mex:sfc_mex.obj
 0001:00019910       sf_mex_import_vs           000000018001a910 f   sfc_mex:sfc_mex.obj
 0001:00019a20       sf_mex_lower_fixpt_mx_array 000000018001aa20 f   sfc_mex:sfc_mex.obj
 0001:00019d20       sf_send_message_wrapper    000000018001ad20 f   sfc_mex:sfc_sf.obj
 0001:00019d50       sf_receive_message_wrapper 000000018001ad50 f   sfc_mex:sfc_sf.obj
 0001:00019d90       sf_check_out_message_wrapper 000000018001ad90 f   sfc_mex:sfc_sf.obj
 0001:00019dd0       sf_check_in_message_wrapper 000000018001add0 f   sfc_mex:sfc_sf.obj
 0001:00019e10       sf_no_message_wrapper      000000018001ae10 f   sfc_mex:sfc_sf.obj
 0001:0001a1a0       sim_mode_is_rtw_gen        000000018001b1a0 f   sfc_mex:sfc_sf.obj
 0001:0001a1d0       sim_mode_is_external       000000018001b1d0 f   sfc_mex:sfc_sf.obj
 0001:0001a1e0       sim_mode_is_modelref_sim   000000018001b1e0 f   sfc_mex:sfc_sf.obj
 0001:0001a200       mdlInitializeSizes         000000018001b200 f   sfc_mex:sfc_sf.obj
 0001:0001a220       mdlInitializeSampleTimes   000000018001b220 f   sfc_mex:sfc_sf.obj
 0001:0001a260       mdlZeroCrossings           000000018001b260 f   sfc_mex:sfc_sf.obj
 0001:0001a350       mdlDerivatives             000000018001b350 f   sfc_mex:sfc_sf.obj
 0001:0001a410       mdl_initialize_conditions_processing 000000018001b410 f   sfc_mex:sfc_sf.obj
 0001:0001a440       mdlInitializeConditions    000000018001b440 f   sfc_mex:sfc_sf.obj
 0001:0001a500       mdlGetSimState             000000018001b500 f   sfc_mex:sfc_sf.obj
 0001:0001a510       mdlSetSimState             000000018001b510 f   sfc_mex:sfc_sf.obj
 0001:0001a520       mdl_ext_mode_exec_processing 000000018001b520 f   sfc_mex:sfc_sf.obj
 0001:0001a540       mdlExtModeExec             000000018001b540 f   sfc_mex:sfc_sf.obj
 0001:0001a6e0       mdlTerminate               000000018001b6e0 f   sfc_mex:sfc_sf.obj
 0001:0001a750       mdlRTW                     000000018001b750 f   sfc_mex:sfc_sf.obj
 0001:0001a780       mdlSetWorkWidths           000000018001b780 f   sfc_mex:sfc_sf.obj
 0001:0001a790       mdlProcessParameters       000000018001b790 f   sfc_mex:sfc_sf.obj
 0001:0001a7a0       mdl_start_processing       000000018001b7a0 f   sfc_mex:sfc_sf.obj
 0001:0001a800       mdlStart                   000000018001b800 f   sfc_mex:sfc_sf.obj
 0001:0001a910       mdlEnable                  000000018001b910 f   sfc_mex:sfc_sf.obj
 0001:0001a9f0       mdlDisable                 000000018001b9f0 f   sfc_mex:sfc_sf.obj
 0001:0001aab0       sf_get_chart_instance_ptr  000000018001bab0 f   sfc_mex:sfc_sf.obj
 0001:0001aad0       sf_load_rtw_optimization_info 000000018001bad0 f   sfc_mex:sfc_sf.obj
 0001:0001aba0       sf_update_buildInfo        000000018001bba0 f   sfc_mex:sfc_sf.obj
 0001:0001aca0       sf_rtw_info_uint_prop      000000018001bca0 f   sfc_mex:sfc_sf.obj
 0001:0001ade0       sf_is_chart_inlinable      000000018001bde0 f   sfc_mex:sfc_sf.obj
 0001:0001ae00       sf_mark_output_events_with_multiple_callers 000000018001be00 f   sfc_mex:sfc_sf.obj
 0001:0001af90       sf_mark_chart_reusable_outputs 000000018001bf90 f   sfc_mex:sfc_sf.obj
 0001:0001b1f0       sf_mark_chart_expressionable_inputs 000000018001c1f0 f   sfc_mex:sfc_sf.obj
 0001:0001b450       sf_get_subchart_simstruct  000000018001c450 f   sfc_mex:sfc_sf.obj
 0001:0001b4a0       sf_get_fixpt_data_type_id  000000018001c4a0 f   sfc_mex:sfc_sf.obj
 0001:0001b4e0       sf_get_enum_data_type_id   000000018001c4e0 f   sfc_mex:sfc_sf.obj
 0001:0001b520       sf_get_param_data_type_id  000000018001c520 f   sfc_mex:sfc_sf.obj
 0001:0001b550       sf_mex_listen_for_ctrl_c_force 000000018001c550 f   sfc_mex:sfc_sf.obj
 0001:0001b660       sf_mex_draw_now            000000018001c660 f   sfc_mex:sfc_sf.obj
 0001:0001b6a0       sf_mex_set_debugger_sim_status_listener_fcn 000000018001c6a0 f   sfc_mex:sfc_sf.obj
 0001:0001b6b0       sf_mex_listen_for_ctrl_c   000000018001c6b0 f   sfc_mex:sfc_sf.obj
 0001:0001b750       sf_mex_get_sfun_param      000000018001c750 f   sfc_mex:sfc_sf.obj
 0001:0001b7a0       sf_get_runtime_param_data  000000018001c7a0 f   sfc_mex:sfc_sf.obj
 0001:0001b7e0       sf_call_output_fcn_call    000000018001c7e0 f   sfc_mex:sfc_sf.obj
 0001:0001b920       sf_call_output_fcn_enable  000000018001c920 f   sfc_mex:sfc_sf.obj
 0001:0001b9b0       sf_call_output_fcn_disable 000000018001c9b0 f   sfc_mex:sfc_sf.obj
 0001:0001ba40       sf_clear_rtw_identifier    000000018001ca40 f   sfc_mex:sfc_sf.obj
 0001:0001c260       sf_set_encoded_dwork_info  000000018001d260 f   sfc_mex:sfc_sf.obj
 0001:0001c2b0       sf_get_dwork_info_from_mat_file 000000018001d2b0 f   sfc_mex:sfc_sf.obj
 0001:0001c470       sf_set_rtw_dwork_info      000000018001d470 f   sfc_mex:sfc_sf.obj
 0001:0001c5e0       mdlOutputs                 000000018001d5e0 f   sfc_mex:sfc_sf.obj
 0001:0001c700       sf_debug_chart_instance_initialized_quick 000000018001d700 f   sfc_debug:sfcdebug.obj
 0001:0001c780       sf_debug_disp              000000018001d780 f   sfc_debug:sfcdebug.obj
 0001:0001ca50       sf_debug_data_runtime_size_mismatch_error_check 000000018001da50 f   sfc_debug:sfcdebug.obj
 0001:0001cb00       sf_debug_try_loading_machine 000000018001db00 f   sfc_debug:sfcdebug.obj
 0001:0001cc00       sf_debug_reset_current_state_configuration 000000018001dc00 f   sfc_debug:sfcdebug.obj
 0001:0001cc80       sf_debug_store_current_state_configuration 000000018001dc80 f   sfc_debug:sfcdebug.obj
 0001:0001cd00       sf_debug_restore_previous_state_configuration 000000018001dd00 f   sfc_debug:sfcdebug.obj
 0001:0001cd80       sf_debug_restore_previous_state_configuration2 000000018001dd80 f   sfc_debug:sfcdebug.obj
 0001:0001ce00       sf_debug_get_event_scope   000000018001de00 f   sfc_debug:sfcdebug.obj
 0001:0001cf70       use_debugger_step_animation 000000018001df70 f   sfc_debug:sfcdebug.obj
 0001:0001cf90       sf_debug_get_script_id     000000018001df90 f   sfc_debug:sfcdebug.obj
 0001:0001d020       sf_debug_set_script_translation 000000018001e020 f   sfc_debug:sfcdebug.obj
 0001:0001d1a0       sf_debug_extract_message_post_receive_info 000000018001e1a0 f   sfc_debug:sfcdebug.obj
 0001:0001d360       sf_debug_get_current_machine_id 000000018001e360 f   sfc_debug:sfcdebug.obj
 0001:0001d380       sf_debug_get_current_optional_integer 000000018001e380 f   sfc_debug:sfcdebug.obj
 0001:0001d390       sf_debug_get_current_machine_number 000000018001e390 f   sfc_debug:sfcdebug.obj
 0001:0001d3b0       sf_debug_get_current_machine_name 000000018001e3b0 f   sfc_debug:sfcdebug.obj
 0001:0001d3d0       sf_debug_get_current_chart_id 000000018001e3d0 f   sfc_debug:sfcdebug.obj
 0001:0001d410       sf_debug_get_current_chart_number 000000018001e410 f   sfc_debug:sfcdebug.obj
 0001:0001d420       sf_debug_get_current_instance_number 000000018001e420 f   sfc_debug:sfcdebug.obj
 0001:0001d430       sf_debug_get_current_is_minor_time_step 000000018001e430 f   sfc_debug:sfcdebug.obj
 0001:0001d4b0       sf_debug_get_current_object_type 000000018001e4b0 f   sfc_debug:sfcdebug.obj
 0001:0001d4c0       sf_debug_get_current_instance_handle 000000018001e4c0 f   sfc_debug:sfcdebug.obj
 0001:0001d520       sf_debug_get_current_event_type 000000018001e520 f   sfc_debug:sfcdebug.obj
 0001:0001d530       sf_debug_get_current_object_id 000000018001e530 f   sfc_debug:sfcdebug.obj
 0001:0001d570       sf_debug_get_current_active_event_type 000000018001e570 f   sfc_debug:sfcdebug.obj
 0001:0001d580       sf_debug_get_current_active_event_id 000000018001e580 f   sfc_debug:sfcdebug.obj
 0001:0001d5c0       sf_debug_get_current_tag_type 000000018001e5c0 f   sfc_debug:sfcdebug.obj
 0001:0001d5d0       sf_debug_get_current_simulation_time 000000018001e5d0 f   sfc_debug:sfcdebug.obj
 0001:0001d5e0       sf_debug_get_current_coverage_percentage 000000018001e5e0 f   sfc_debug:sfcdebug.obj
 0001:0001d5f0       sf_debug_current_statement_context 000000018001e5f0 f   sfc_debug:sfcdebug.obj
 0001:0001d670       sf_debug_get_current_statement_info 000000018001e670 f   sfc_debug:sfcdebug.obj
 0001:0001d810       sf_debug_terminate_instance 000000018001e810 f   sfc_debug:sfcdebug.obj
 0001:0001db30       sf_debug_assertion_failed  000000018001eb30 f   sfc_debug:sfcdebug.obj
 0001:0001dd00       sf_debug_create_debug_instance_struct 000000018001ed00 f   sfc_debug:sfcdebug.obj
 0001:0001dd50       sf_debug_set_number_of_data_with_change_event_for_machine 000000018001ed50 f   sfc_debug:sfcdebug.obj
 0001:0001dda0       sf_debug_set_machine_event_thresholds 000000018001eda0 f   sfc_debug:sfcdebug.obj
 0001:0001ddc0       sf_debug_set_machine_event_scope 000000018001edc0 f   sfc_debug:sfcdebug.obj
 0001:0001de10       sf_debug_set_machine_data_thresholds 000000018001ee10 f   sfc_debug:sfcdebug.obj
 0001:0001de60       sf_debug_set_machine_data_scope 000000018001ee60 f   sfc_debug:sfcdebug.obj
 0001:0001df00       sf_debug_set_machine_data_name 000000018001ef00 f   sfc_debug:sfcdebug.obj
 0001:0001dfb0       sf_debug_set_machine_data_size 000000018001efb0 f   sfc_debug:sfcdebug.obj
 0001:0001e100       sf_debug_set_machine_data_type 000000018001f100 f   sfc_debug:sfcdebug.obj
 0001:0001e270       sf_debug_get_chart_data_number 000000018001f270 f   sfc_debug:sfcdebug.obj
 0001:0001e290       sf_debug_get_chart_event_number 000000018001f290 f   sfc_debug:sfcdebug.obj
 0001:0001e2b0       sf_debug_set_chart_state_info 000000018001f2b0 f   sfc_debug:sfcdebug.obj
 0001:0001e340       sf_debug_set_chart_decomposition 000000018001f340 f   sfc_debug:sfcdebug.obj
 0001:0001e3b0       sf_debug_set_chart_substate_count 000000018001f3b0 f   sfc_debug:sfcdebug.obj
 0001:0001e490       sf_debug_set_chart_substate_index 000000018001f490 f   sfc_debug:sfcdebug.obj
 0001:0001e510       sf_debug_set_chart_state_substate_count 000000018001f510 f   sfc_debug:sfcdebug.obj
 0001:0001e630       sf_debug_set_chart_state_substate_index 000000018001f630 f   sfc_debug:sfcdebug.obj
 0001:0001e6c0       sf_debug_set_number_of_data_with_change_event_for_chart 000000018001f6c0 f   sfc_debug:sfcdebug.obj
 0001:0001e750       sf_debug_set_number_of_states_with_entry_event_for_chart 000000018001f750 f   sfc_debug:sfcdebug.obj
 0001:0001e7d0       sf_debug_set_number_of_states_with_exit_event_for_chart 000000018001f7d0 f   sfc_debug:sfcdebug.obj
 0001:0001e850       sf_debug_set_chart_disable_implicit_casting 000000018001f850 f   sfc_debug:sfcdebug.obj
 0001:0001e8c0       sf_debug_set_chart_event_thresholds 000000018001f8c0 f   sfc_debug:sfcdebug.obj
 0001:0001e940       sf_debug_set_chart_data_compiled_props 000000018001f940 f   sfc_debug:sfcdebug.obj
 0001:0001ec80       sf_debug_set_chart_data_props 000000018001fc80 f   sfc_debug:sfcdebug.obj
 0001:0001efa0       sf_debug_check_fi_license  000000018001ffa0 f   sfc_debug:sfcdebug.obj
 0001:0001f160       sf_debug_symbol_scope_push 0000000180020160 f   sfc_debug:sfcdebug.obj
 0001:0001f1a0       sf_debug_symbol_scope_push_eml 00000001800201a0 f   sfc_debug:sfcdebug.obj
 0001:0001f1f0       sf_debug_symbol_scope_pop  00000001800201f0 f   sfc_debug:sfcdebug.obj
 0001:0001f230       sf_debug_symbol_scope_add_importable 0000000180020230 f   sfc_debug:sfcdebug.obj
 0001:0001f2b0       sf_debug_symbol_scope_add  00000001800202b0 f   sfc_debug:sfcdebug.obj
 0001:0001f330       sf_debug_symbol_scope_add_dyn_importable 0000000180020330 f   sfc_debug:sfcdebug.obj
 0001:0001f3f0       sf_debug_symbol_scope_add_dyn 00000001800203f0 f   sfc_debug:sfcdebug.obj
 0001:0001f430       sf_debug_symbol_scope_add_eml_importable 0000000180020430 f   sfc_debug:sfcdebug.obj
 0001:0001f470       sf_debug_symbol_scope_add_eml 0000000180020470 f   sfc_debug:sfcdebug.obj
 0001:0001f4b0       sf_debug_symbol_scope_add_eml_dyn_importable 00000001800204b0 f   sfc_debug:sfcdebug.obj
 0001:0001f510       sf_debug_symbol_scope_add_eml_dyn 0000000180020510 f   sfc_debug:sfcdebug.obj
 0001:0001f570       sf_debug_symbol_switch     0000000180020570 f   sfc_debug:sfcdebug.obj
 0001:0001f590       sf_debug_symbol_scope_add_verbose 0000000180020590 f   sfc_debug:sfcdebug.obj
 0001:0001f660       sf_debug_set_machine_data_value_ptr 0000000180020660 f   sfc_debug:sfcdebug.obj
 0001:0001f6a0       sf_debug_set_instance_data_value_ptr 00000001800206a0 f   sfc_debug:sfcdebug.obj
 0001:0001f770       sf_debug_unset_instance_data_value_ptr 0000000180020770 f   sfc_debug:sfcdebug.obj
 0001:0001f820       sf_debug_set_chart_event_scope 0000000180020820 f   sfc_debug:sfcdebug.obj
 0001:0001f8a0       sf_debug_set_chart_transition_coverage_maps 00000001800208a0 f   sfc_debug:sfcdebug.obj
 0001:0001f9a0       sf_debug_set_chart_state_coverage_maps 00000001800209a0 f   sfc_debug:sfcdebug.obj
 0001:0001fa70       sf_debug_set_instance_transition_coverage_weights 0000000180020a70 f   sfc_debug:sfcdebug.obj
 0001:0001fb00       sf_debug_set_instance_state_coverage_weights 0000000180020b00 f   sfc_debug:sfcdebug.obj
 0001:0001fd50       sf_debug_unload_machine    0000000180020d50 f   sfc_debug:sfcdebug.obj
 0001:0001fda0       sf_debug_load_machine      0000000180020da0 f   sfc_debug:sfcdebug.obj
 0001:0001feb0       sf_debug_set_active_instance_in_data_dictionary 0000000180020eb0 f   sfc_debug:sfcdebug.obj
 0001:00020090       sf_debug_set_active_instance 0000000180021090 f   sfc_debug:sfcdebug.obj
 0001:000201f0       sf_debug_chart_visiblity_change 00000001800211f0 f   sfc_debug:sfcdebug.obj
 0001:000202e0       sf_debug_select_chart      00000001800212e0 f   sfc_debug:sfcdebug.obj
 0001:00020440       sf_debug_set_instance_cv_ids 0000000180021440 f   sfc_debug:sfcdebug.obj
 0001:00020770       sf_debug_select_charts     0000000180021770 f   sfc_debug:sfcdebug.obj
 0001:00020920       sf_debug_initialized       0000000180021920 f   sfc_debug:sfcdebug.obj
 0001:00020940       sf_debug_is_uninterruptible 0000000180021940 f   sfc_debug:sfcdebug.obj
 0001:00020970       sf_debug_initialize_debugger_gui 0000000180021970 f   sfc_debug:sfcdebug.obj
 0001:00020d50       sf_debug_resume            0000000180021d50 f   sfc_debug:sfcdebug.obj
 0001:00020d70       sf_debug_go                0000000180021d70 f   sfc_debug:sfcdebug.obj
 0001:00020d80       sf_debug_break             0000000180021d80 f   sfc_debug:sfcdebug.obj
 0001:00020d90       sf_debug_step_over         0000000180021d90 f   sfc_debug:sfcdebug.obj
 0001:00020da0       sf_debug_step_out          0000000180021da0 f   sfc_debug:sfcdebug.obj
 0001:00020db0       sf_debug_set_disable_all_breakpoints 0000000180021db0 f   sfc_debug:sfcdebug.obj
 0001:00020dc0       sf_debug_disable_all_breakpoints_and_go 0000000180021dc0 f   sfc_debug:sfcdebug.obj
 0001:00020dd0       sf_debug_break_on_chart_entry 0000000180021dd0 f   sfc_debug:sfcdebug.obj
 0001:00020de0       sf_debug_break_on_event_broadcast 0000000180021de0 f   sfc_debug:sfcdebug.obj
 0001:00020df0       sf_debug_break_on_state_entry 0000000180021df0 f   sfc_debug:sfcdebug.obj
 0001:00020e00       sf_debug_break_between_times 0000000180021e00 f   sfc_debug:sfcdebug.obj
 0001:00020e20       sf_debug_browse_data       0000000180021e20 f   sfc_debug:sfcdebug.obj
 0001:00020e30       sf_debug_watch_data        0000000180021e30 f   sfc_debug:sfcdebug.obj
 0001:00020e60       sf_debug_assign_data       0000000180021e60 f   sfc_debug:sfcdebug.obj
 0001:00020e70       sf_debug_whos              0000000180021e70 f   sfc_debug:sfcdebug.obj
 0001:00020e90       sf_debug_get_consistency_info 0000000180021e90 f   sfc_debug:sfcdebug.obj
 0001:00020ea0       sf_debug_browse_trace      0000000180021ea0 f   sfc_debug:sfcdebug.obj
 0001:00020eb0       sf_debug_set_breakpoints   0000000180021eb0 f   sfc_debug:sfcdebug.obj
 0001:00021020       sf_debug_set_eml_breakpoints 0000000180022020 f   sfc_debug:sfcdebug.obj
 0001:00021180       sf_debug_set_script_breakpoints 0000000180022180 f   sfc_debug:sfcdebug.obj
 0001:00021200       sf_debug_add_script_breakpoints 0000000180022200 f   sfc_debug:sfcdebug.obj
 0001:00021270       sf_debug_clear_script_breakpoints 0000000180022270 f   sfc_debug:sfcdebug.obj
 0001:000212e0       sf_debug_query_script_breakpoints 00000001800222e0 f   sfc_debug:sfcdebug.obj
 0001:00021390       sf_debug_get_eml_script_id 0000000180022390 f   sfc_debug:sfcdebug.obj
 0001:000213e0       sf_debug_set_watch         00000001800223e0 f   sfc_debug:sfcdebug.obj
 0001:00021600       sf_debug_get_instance_handle 0000000180022600 f   sfc_debug:sfcdebug.obj
 0001:00021690       sf_debug_get_active_states 0000000180022690 f   sfc_debug:sfcdebug.obj
 0001:000216a0       sf_debug_set_honor_breakpoints 00000001800226a0 f   sfc_debug:sfcdebug.obj
 0001:000216b0       sf_debug_get_animation     00000001800226b0 f   sfc_debug:sfcdebug.obj
 0001:000216c0       sf_debug_set_animation     00000001800226c0 f   sfc_debug:sfcdebug.obj
 0001:000216d0       sf_debug_animate           00000001800226d0 f   sfc_debug:sfcdebug.obj
 0001:000216f0       sf_debug_cycle_detection_check 00000001800226f0 f   sfc_debug:sfcdebug.obj
 0001:00021700       sf_debug_data_range_check  0000000180022700 f   sfc_debug:sfcdebug.obj
 0001:00021710       sf_debug_transition_conflict_check 0000000180022710 f   sfc_debug:sfcdebug.obj
 0001:00021720       sf_debug_state_consistency_check 0000000180022720 f   sfc_debug:sfcdebug.obj
 0001:00021730       sf_debug_data_range_check_enabled 0000000180022730 f   sfc_debug:sfcdebug.obj
 0001:00021750       sf_debug_transition_conflict_check_enabled 0000000180022750 f   sfc_debug:sfcdebug.obj
 0001:00021770       sf_debug_transition_conflict_check_begin 0000000180022770 f   sfc_debug:sfcdebug.obj
 0001:00021790       sf_debug_transition_conflict_check_end 0000000180022790 f   sfc_debug:sfcdebug.obj
 0001:000217b0       sf_debug_stop_debugging    00000001800227b0 f   sfc_debug:sfcdebug.obj
 0001:000217e0       sf_debug_is_cycle_detected 00000001800227e0 f   sfc_debug:sfcdebug.obj
 0001:000217f0       sf_debug_is_array_bounds_detected 00000001800227f0 f   sfc_debug:sfcdebug.obj
 0001:00021800       sf_debug_get_state_vectors_data_size 0000000180022800 f   sfc_debug:sfcdebug.obj
 0001:00021840       sf_debug_get_state_vectors_data 0000000180022840 f   sfc_debug:sfcdebug.obj
 0001:00021950       sf_debug_set_state_vectors_data 0000000180022950 f   sfc_debug:sfcdebug.obj
 0001:00021be0       sf_debug_get_script_index  0000000180022be0 f   sfc_debug:sfcdebug.obj
 0001:00021d70       sf_debug_add_script        0000000180022d70 f   sfc_debug:sfcdebug.obj
 0001:00021f00       cv_eval_point              0000000180022f00 f   sfc_debug:sfcdebug.obj
 0001:00022070       cv_eval_testobjective      0000000180023070 f   sfc_debug:sfcdebug.obj
 0001:00022180       sf_debug_cv_init_state     0000000180023180 f   sfc_debug:sfcdebug.obj
 0001:000222b0       sf_debug_cv_init_chart     00000001800232b0 f   sfc_debug:sfcdebug.obj
 0001:000223a0       sf_debug_cv_init_trans     00000001800233a0 f   sfc_debug:sfcdebug.obj
 0001:000224b0       sf_debug_cv_init_saturation 00000001800234b0 f   sfc_debug:sfcdebug.obj
 0001:000225b0       sf_debug_cv_init_testobjectives 00000001800235b0 f   sfc_debug:sfcdebug.obj
 0001:00022790       cv_eml_init_script         0000000180023790 f   sfc_debug:sfcdebug.obj
 0001:000228b0       cv_eml_init_fcn            00000001800238b0 f   sfc_debug:sfcdebug.obj
 0001:000229c0       cv_eml_init_testobjective  00000001800239c0 f   sfc_debug:sfcdebug.obj
 0001:00022aa0       cv_eml_init_saturation     0000000180023aa0 f   sfc_debug:sfcdebug.obj
 0001:00022b70       cv_eml_init_if             0000000180023b70 f   sfc_debug:sfcdebug.obj
 0001:00022c50       cv_eml_init_for            0000000180023c50 f   sfc_debug:sfcdebug.obj
 0001:00022d20       cv_eml_init_while          0000000180023d20 f   sfc_debug:sfcdebug.obj
 0001:00022df0       cv_eml_init_mcdc           0000000180023df0 f   sfc_debug:sfcdebug.obj
 0001:00022f10       cv_eml_init_switch         0000000180023f10 f   sfc_debug:sfcdebug.obj
 0001:00023010       cv_eml_eval                0000000180024010 f   sfc_debug:sfcdebug.obj
 0001:00023100       sf_debug_bm_is_a_eml_breakpoint 0000000180024100 f   sfc_debug:sfcdebug.obj
 0001:00023250       sf_debug_temporal_threshold 0000000180024250 f   sfc_debug:sfcdebug.obj
 0001:000235c0       sf_debug_transition_conflict_error 00000001800245c0 f   sfc_debug:sfcdebug.obj
 0001:00023920       sf_debug_state_inconsistency_error 0000000180024920 f   sfc_debug:sfcdebug.obj
 0001:00023a40       sf_debug_check_for_state_inconsistency 0000000180024a40 f   sfc_debug:sfcdebug.obj
 0001:00023a80       sf_debug_cycle_detecton_error 0000000180024a80 f   sfc_debug:sfcdebug.obj
 0001:000241d0       sf_debug_size_eq_check_1d  00000001800251d0 f   sfc_debug:sfcdebug.obj
 0001:000241f0       sf_debug_size_eq_check_nd  00000001800251f0 f   sfc_debug:sfcdebug.obj
 0001:000243f0       sf_debug_dim_size_eq_check 00000001800253f0 f   sfc_debug:sfcdebug.obj
 0001:00024420       sf_debug_dim_size_geq_check 0000000180025420 f   sfc_debug:sfcdebug.obj
 0001:00024450       sf_debug_sub_assign_size_check_nd 0000000180025450 f   sfc_debug:sfcdebug.obj
 0001:00024630       sf_debug_matrix_matrix_index_check 0000000180025630 f   sfc_debug:sfcdebug.obj
 0001:00024680       sf_debug_vector_vector_index_check 0000000180025680 f   sfc_debug:sfcdebug.obj
 0001:000246d0       sf_debug_for_loop_vector_check 00000001800256d0 f   sfc_debug:sfcdebug.obj
 0001:00024770       sf_debug_runtime_error_msgid 0000000180025770 f   sfc_debug:sfcdebug.obj
 0001:00024810       sf_debug_data_array_bounds_error_check 0000000180025810 f   sfc_debug:sfcdebug.obj
 0001:00024920       sf_debug_eml_data_array_bounds_error_check 0000000180025920 f   sfc_debug:sfcdebug.obj
 0001:00024de0       sf_debug_integer_check     0000000180025de0 f   sfc_debug:sfcdebug.obj
 0001:00024ed0       sf_debug_not_nan_check     0000000180025ed0 f   sfc_debug:sfcdebug.obj
 0001:00024fa0       sf_debug_non_negative_check 0000000180025fa0 f   sfc_debug:sfcdebug.obj
 0001:00025070       sf_debug_overflow_detection 0000000180026070 f   sfc_debug:sfcdebug.obj
 0001:000256d0       sf_debug_cast_to_real32_T  00000001800266d0 f   sfc_debug:sfcdebug.obj
 0001:000257a0       sf_debug_cast_to_int8_T    00000001800267a0 f   sfc_debug:sfcdebug.obj
 0001:00025870       sf_debug_cast_to_uint8_T   0000000180026870 f   sfc_debug:sfcdebug.obj
 0001:00025940       sf_debug_cast_to_int16_T   0000000180026940 f   sfc_debug:sfcdebug.obj
 0001:00025a10       sf_debug_cast_to_uint16_T  0000000180026a10 f   sfc_debug:sfcdebug.obj
 0001:00025ae0       sf_debug_cast_to_int32_T   0000000180026ae0 f   sfc_debug:sfcdebug.obj
 0001:00025bb0       sf_debug_cast_to_uint32_T  0000000180026bb0 f   sfc_debug:sfcdebug.obj
 0001:00025c80       sf_debug_data_range_error  0000000180026c80 f   sfc_debug:sfcdebug.obj
 0001:00025f90       sf_debug_read_before_write_check 0000000180026f90 f   sfc_debug:sfcdebug.obj
 0001:000263c0       sf_debug_data_range_error_wrapper_min_max 00000001800273c0 f   sfc_debug:sfcdebug.obj
 0001:000264e0       sf_debug_data_range_error_wrapper_min 00000001800274e0 f   sfc_debug:sfcdebug.obj
 0001:000265f0       sf_debug_data_range_error_wrapper_max 00000001800275f0 f   sfc_debug:sfcdebug.obj
 0001:00026700       sf_debug_data_range_wrapper 0000000180027700 f   sfc_debug:sfcdebug.obj
 0001:000267c0       sf_debug_set_current_status_info 00000001800277c0 f   sfc_debug:sfcdebug.obj
 0001:00026b60       sf_debug_register_message_post_receive_info 0000000180027b60 f   sfc_debug:sfcdebug.obj
 0001:00026db0       sf_debug_call              0000000180027db0 f   sfc_debug:sfcdebug.obj
 0001:00027710       sf_debug_initialize_machine 0000000180028710 f   sfc_debug:sfcdebug.obj
 0001:000279c0       sf_debug_initialize_chart  00000001800289c0 f   sfc_debug:sfcdebug.obj
 0001:00027e10       sf_debug_ensure_script     0000000180028e10 f   sfc_debug:sfcdebug.obj
 0001:00027ec0       cv_eval_saturation         0000000180028ec0 f   sfc_debug:sfcdebug.obj
 0001:00028040       cv_saturation_accum        0000000180029040 f   sfc_debug:sfcdebug.obj
 0001:00028180       cv_script_init_script      0000000180029180 f   sfc_debug:sfcdebug.obj
 0001:00028270       cv_script_init_fcn         0000000180029270 f   sfc_debug:sfcdebug.obj
 0001:00028330       cv_script_init_testobjective 0000000180029330 f   sfc_debug:sfcdebug.obj
 0001:000283f0       cv_script_init_saturation  00000001800293f0 f   sfc_debug:sfcdebug.obj
 0001:000284a0       cv_script_init_if          00000001800294a0 f   sfc_debug:sfcdebug.obj
 0001:00028560       cv_script_init_for         0000000180029560 f   sfc_debug:sfcdebug.obj
 0001:00028610       cv_script_init_while       0000000180029610 f   sfc_debug:sfcdebug.obj
 0001:000286c0       cv_script_init_mcdc        00000001800296c0 f   sfc_debug:sfcdebug.obj
 0001:000287c0       cv_script_init_switch      00000001800297c0 f   sfc_debug:sfcdebug.obj
 0001:000288a0       cv_script_eval             00000001800298a0 f   sfc_debug:sfcdebug.obj
 0001:00028970       eml_debug_line_call        0000000180029970 f   sfc_debug:sfcdebug.obj
 0001:00028b40       sf_debug_terminate         0000000180029b40 f   sfc_debug:sfcdebug.obj
 0001:00028d50       sf_debug_set_script_cv_ids 0000000180029d50 f   sfc_debug:sfcdebug.obj
 0001:00028e80       sf_debug_api               0000000180029e80 f   sfc_debug:sfc_api.obj
 0001:0002a770       sf_debug_sm_terminate      000000018002b770 f   sfc_debug:sfdb_animation.obj
 0001:0002a920       sf_debug_reset_path_objects 000000018002b920 f   sfc_debug:sfdb_animation.obj
 0001:0002a9a0       sf_debug_sm_reset_object_selection_status 000000018002b9a0 f   sfc_debug:sfdb_animation.obj
 0001:0002aa40       sf_debug_sm_reset_state_buffer 000000018002ba40 f   sfc_debug:sfdb_animation.obj
 0001:0002ab10       sf_debug_sm_store_state_buffer 000000018002bb10 f   sfc_debug:sfdb_animation.obj
 0001:0002ab90       sf_debug_sm_restore_state_buffer1 000000018002bb90 f   sfc_debug:sfdb_animation.obj
 0001:0002ac00       sf_debug_sm_restore_state_buffer2 000000018002bc00 f   sfc_debug:sfdb_animation.obj
 0001:0002ac70       sf_debug_sm_chart_active   000000018002bc70 f   sfc_debug:sfdb_animation.obj
 0001:0002acc0       sf_debug_sm_select_active_objects 000000018002bcc0 f   sfc_debug:sfdb_animation.obj
 0001:0002b190       sf_debug_sm_is_chart_active 000000018002c190 f   sfc_debug:sfdb_animation.obj
 0001:0002b1d0       sf_debug_sm_is_state_active 000000018002c1d0 f   sfc_debug:sfdb_animation.obj
 0001:0002b410       sf_debug_sm_get_active_states 000000018002c410 f   sfc_debug:sfdb_animation.obj
 0001:0002b9c0       sf_debug_sm_initialize_instance 000000018002c9c0 f   sfc_debug:sfdb_animation.obj
 0001:0002bbd0       sf_debug_sm_change_object_selection_status 000000018002cbd0 f   sfc_debug:sfdb_animation.obj
 0001:0002bea0       cv_create_interface        000000018002cea0 f   sfc_debug:cv_sfinterface.obj
 0001:0002c1b0       cv_init_trans              000000018002d1b0 f   sfc_debug:cv_sfinterface.obj
 0001:0002c200       cv_init_saturation         000000018002d200 f   sfc_debug:cv_sfinterface.obj
 0001:0002c240       cv_init_testobjective      000000018002d240 f   sfc_debug:cv_sfinterface.obj
 0001:0002c280       cv_init_state              000000018002d280 f   sfc_debug:cv_sfinterface.obj
 0001:0002c2f0       cv_init_chart              000000018002d2f0 f   sfc_debug:cv_sfinterface.obj
 0001:0002c340       cv_dec_update_call         000000018002d340 f   sfc_debug:cv_sfinterface.obj
 0001:0002c380       cv_cond_update_call        000000018002d380 f   sfc_debug:cv_sfinterface.obj
 0001:0002c3c0       cv_saturation_update_call  000000018002d3c0 f   sfc_debug:cv_sfinterface.obj
 0001:0002c400       cv_saturation_update_accum 000000018002d400 f   sfc_debug:cv_sfinterface.obj
 0001:0002c440       cv_testobjective_update_call 000000018002d440 f   sfc_debug:cv_sfinterface.obj
 0001:0002c480       cv_sigrange_update         000000018002d480 f   sfc_debug:cv_sfinterface.obj
 0001:0002c4c0       cvsf_eml_eval              000000018002d4c0 f   sfc_debug:cv_sfinterface.obj
 0001:0002c5a0       cvsf_eml_init_script       000000018002d5a0 f   sfc_debug:cv_sfinterface.obj
 0001:0002c630       cvsf_eml_init_fcn          000000018002d630 f   sfc_debug:cv_sfinterface.obj
 0001:0002c690       cvsf_eml_init_testobjective 000000018002d690 f   sfc_debug:cv_sfinterface.obj
 0001:0002c6f0       cvsf_eml_init_saturation   000000018002d6f0 f   sfc_debug:cv_sfinterface.obj
 0001:0002c740       cvsf_eml_init_if           000000018002d740 f   sfc_debug:cv_sfinterface.obj
 0001:0002c7a0       cvsf_eml_init_for          000000018002d7a0 f   sfc_debug:cv_sfinterface.obj
 0001:0002c7f0       cvsf_eml_init_while        000000018002d7f0 f   sfc_debug:cv_sfinterface.obj
 0001:0002c840       cvsf_eml_init_mcdc         000000018002d840 f   sfc_debug:cv_sfinterface.obj
 0001:0002c8d0       cvsf_eml_init_switch       000000018002d8d0 f   sfc_debug:cv_sfinterface.obj
 0001:0002c940       cvsf_script_eval           000000018002d940 f   sfc_debug:cv_sfinterface.obj
 0001:0002ca20       cvsf_script_init_script    000000018002da20 f   sfc_debug:cv_sfinterface.obj
 0001:0002cab0       cvsf_script_init_fcn       000000018002dab0 f   sfc_debug:cv_sfinterface.obj
 0001:0002cb10       cvsf_script_init_testobjective 000000018002db10 f   sfc_debug:cv_sfinterface.obj
 0001:0002cb70       cvsf_script_init_saturation 000000018002db70 f   sfc_debug:cv_sfinterface.obj
 0001:0002cbc0       cvsf_script_init_if        000000018002dbc0 f   sfc_debug:cv_sfinterface.obj
 0001:0002cc20       cvsf_script_init_for       000000018002dc20 f   sfc_debug:cv_sfinterface.obj
 0001:0002cc70       cvsf_script_init_while     000000018002dc70 f   sfc_debug:cv_sfinterface.obj
 0001:0002ccc0       cvsf_script_init_mcdc      000000018002dcc0 f   sfc_debug:cv_sfinterface.obj
 0001:0002cd50       cvsf_script_init_switch    000000018002dd50 f   sfc_debug:cv_sfinterface.obj
 0001:0002cdc0       cv_destroy_interface       000000018002ddc0 f   sfc_debug:cv_sfinterface.obj
 0001:0002cde0       cv_create_instance_objects 000000018002dde0 f   sfc_debug:cv_sfinterface.obj
 0001:0002d250       cv_is_enabled              000000018002e250 f   sfc_debug:cv_sfinterface.obj
 0001:0002d260       sf_debug_cv_initialize_script 000000018002e260 f   sfc_debug:cv_sfinterface.obj
 0001:0002d3f0       sf_debug_cv_initialize_instance 000000018002e3f0 f   sfc_debug:cv_sfinterface.obj
 0001:0002d780       sf_debug_cv_terminate_chart 000000018002e780 f   sfc_debug:cv_sfinterface.obj
 0001:0002d8a0       cv_call_trans_test         000000018002e8a0 f   sfc_debug:cv_sfinterface.obj
 0001:0002d8b0       cv_call_sub_cond_test      000000018002e8b0 f   sfc_debug:cv_sfinterface.obj
 0001:0002d8f0       sf_debug_st_initialize_machine 000000018002e8f0 f   sfc_debug:sfdb_data_browse.obj
 0001:0002d9a0       sf_debug_st_initialize_instance 000000018002e9a0 f   sfc_debug:sfdb_data_browse.obj
 0001:0002dbb0       sf_debug_st_terminate      000000018002ebb0 f   sfc_debug:sfdb_data_browse.obj
 0001:0002df50       sf_debug_st_set_data_value_ptr_in_machine 000000018002ef50 f   sfc_debug:sfdb_data_browse.obj
 0001:0002dfe0       sf_debug_st_set_data_value_ptr_in_instance 000000018002efe0 f   sfc_debug:sfdb_data_browse.obj
 0001:0002e0c0       sf_debug_st_unset_data_value_ptr_in_machine 000000018002f0c0 f   sfc_debug:sfdb_data_browse.obj
 0001:0002e130       sf_debug_st_unset_data_value_ptr_in_instance 000000018002f130 f   sfc_debug:sfdb_data_browse.obj
 0001:0002e3f0       sf_debug_mx_value          000000018002f3f0 f   sfc_debug:sfdb_data_browse.obj
 0001:0002e450       sf_debug_mx_packed_vector  000000018002f450 f   sfc_debug:sfdb_data_browse.obj
 0001:0002e530       sf_debug_mx_uint_vector    000000018002f530 f   sfc_debug:sfdb_data_browse.obj
 0001:0002e5e0       sf_debug_st_get_double_value_from_void_ptr_vector 000000018002f5e0 f   sfc_debug:sfdb_data_browse.obj
 0001:0002f0c0       sf_debug_st_browse_data    00000001800300c0 f   sfc_debug:sfdb_data_browse.obj
 0001:0002f900       sf_debug_hm_initialize_instance 0000000180030900 f   sfc_debug:sfdb_handle_management.obj
 0001:0002fde0       sf_debug_hm_get_object_id  0000000180030de0 f   sfc_debug:sfdb_handle_management.obj
 0001:00030990       sf_debug_hm_update_chart_visibility 0000000180031990 f   sfc_debug:sfdb_handle_management.obj
 0001:00031b80       sf_debug_object_is_eml_function 0000000180032b80 f   sfc_debug:sfdb_handle_management.obj
 0001:00031bf0       sf_debug_hm_initialize_ids_in_machine 0000000180032bf0 f   sfc_debug:sfdb_handle_management.obj
 0001:00031d60       sf_debug_hm_initialize_ids_in_chart 0000000180032d60 f   sfc_debug:sfdb_handle_management.obj
 0001:00031e60       sf_debug_hm_initialize_chart 0000000180032e60 f   sfc_debug:sfdb_handle_management.obj
 0001:00032560       sf_debug_hm_terminate      0000000180033560 f   sfc_debug:sfdb_handle_management.obj
 0001:000325c0       sf_debug_hm_initialize_machine 00000001800335c0 f   sfc_debug:sfdb_handle_management.obj
 0001:00032ce0       sf_debug_ss_initialize     0000000180033ce0 f   sfc_debug:sfdb_symbol_scope.obj
 0001:00032d00       sf_debug_ss_terminate      0000000180033d00 f   sfc_debug:sfdb_symbol_scope.obj
 0001:00032d90       sf_debug_ss_push_symbol_scope 0000000180033d90 f   sfc_debug:sfdb_symbol_scope.obj
 0001:00032e90       sf_debug_ss_push_symbol_scope_eml 0000000180033e90 f   sfc_debug:sfdb_symbol_scope.obj
 0001:00032ef0       sf_debug_ss_pop_symbol_scope 0000000180033ef0 f   sfc_debug:sfdb_symbol_scope.obj
 0001:00032fa0       sf_debug_ss_add_symbol     0000000180033fa0 f   sfc_debug:sfdb_symbol_scope.obj
 0001:00033110       sf_debug_ss_add_symbol_eml 0000000180034110 f   sfc_debug:sfdb_symbol_scope.obj
 0001:00034010       sf_debug_ss_set_data_value 0000000180035010 f   sfc_debug:sfdb_symbol_scope.obj
 0001:00034460       getInstanceNumber          0000000180035460 f   sfc_debug:sfdb_symbol_scope.obj
 0001:00034530       sf_debug_ss_watch_data     0000000180035530 f   sfc_debug:sfdb_symbol_scope.obj
 0001:00034720       sf_debug_ss_assign_data    0000000180035720 f   sfc_debug:sfdb_symbol_scope.obj
 0001:00035130       get_data_entry_name        0000000180036130 f   sfc_debug:sfdb_symbol_scope.obj
 0001:00035180       sf_debug_ss_whos           0000000180036180 f   sfc_debug:sfdb_symbol_scope.obj
 0001:000357d0       sf_debug_cc_initialize_chart 00000001800367d0 f   sfc_debug:sfdb_coverage.obj
 0001:000361c0       sf_debug_cc_initialize_instance 00000001800371c0 f   sfc_debug:sfdb_coverage.obj
 0001:00036f00       sf_debug_cc_terminate      0000000180037f00 f   sfc_debug:sfdb_coverage.obj
 0001:00036ff0       sf_debug_cc_set_transition_maps 0000000180037ff0 f   sfc_debug:sfdb_coverage.obj
 0001:00037120       sf_debug_cc_set_state_maps 0000000180038120 f   sfc_debug:sfdb_coverage.obj
 0001:00037200       sf_debug_cc_set_transition_weights 0000000180038200 f   sfc_debug:sfdb_coverage.obj
 0001:000374c0       sf_debug_cc_set_state_weights 00000001800384c0 f   sfc_debug:sfdb_coverage.obj
 0001:00037790       sf_debug_cc_mark_transition_guard 0000000180038790 f   sfc_debug:sfdb_coverage.obj
 0001:00037820       sf_debug_cc_mark_transition_trigger 0000000180038820 f   sfc_debug:sfdb_coverage.obj
 0001:000378b0       sf_debug_cc_mark_transition_decision 00000001800388b0 f   sfc_debug:sfdb_coverage.obj
 0001:00037920       sf_debug_cc_mark_transition_condition_action 0000000180038920 f   sfc_debug:sfdb_coverage.obj
 0001:00037970       sf_debug_cc_mark_transition_transition_action 0000000180038970 f   sfc_debug:sfdb_coverage.obj
 0001:000379c0       sf_debug_cc_mark_state_entry 00000001800389c0 f   sfc_debug:sfdb_coverage.obj
 0001:00037a10       sf_debug_cc_mark_state_during 0000000180038a10 f   sfc_debug:sfdb_coverage.obj
 0001:00037a60       sf_debug_cc_mark_state_exit 0000000180038a60 f   sfc_debug:sfdb_coverage.obj
 0001:00037ab0       sf_debug_bm_clear_script_breakpoints 0000000180038ab0 f   sfc_debug:sfdb_breakpoints.obj
 0001:00037ae0       sf_debug_bm_set_script_breakpoint 0000000180038ae0 f   sfc_debug:sfdb_breakpoints.obj
 0001:00037b60       sf_debug_bm_clear_single_script_breakpoint 0000000180038b60 f   sfc_debug:sfdb_breakpoints.obj
 0001:00037be0       sf_debug_bm_query_script_breakpoint 0000000180038be0 f   sfc_debug:sfdb_breakpoints.obj
 0001:00037c30       sf_debug_bm_initialize_scripts 0000000180038c30 f   sfc_debug:sfdb_breakpoints.obj
 0001:000382c0       sf_debug_bm_terminate      00000001800392c0 f   sfc_debug:sfdb_breakpoints.obj
 0001:000385a0       sf_debug_bm_remove_all_breakpoints_in_machine 00000001800395a0 f   sfc_debug:sfdb_breakpoints.obj
 0001:00038600       sf_debug_bm_remove_all_breakpoints_in_chart 0000000180039600 f   sfc_debug:sfdb_breakpoints.obj
 0001:00038750       sf_debug_bm_initialize_global_breakpoints 0000000180039750 f   sfc_debug:sfdb_breakpoints.obj
 0001:000388d0       sf_debug_bm_set_breakpoint 00000001800398d0 f   sfc_debug:sfdb_breakpoints.obj
 0001:00038e90       sf_debug_bm_set_eml_breakpoint 0000000180039e90 f   sfc_debug:sfdb_breakpoints.obj
 0001:00038f20       sf_debug_bm_initialize_machine_breakpoint_map 0000000180039f20 f   sfc_debug:sfdb_breakpoints.obj
 0001:00039340       sf_debug_bm_is_a_breakpoint 000000018003a340 f   sfc_debug:sfdb_breakpoints.obj
 0001:00039860       sf_debug_bm_get_all_breakpoints_in_machine 000000018003a860 f   sfc_debug:sfdb_breakpoints.obj
 0001:00039b60       sf_debug_bm_get_all_breakpoints_in_chart 000000018003ab60 f   sfc_debug:sfdb_breakpoints.obj
 0001:0003a6f0       sf_debug_bm_initialize_machine 000000018003b6f0 f   sfc_debug:sfdb_breakpoints.obj
 0001:0003a7c0       sf_debug_bm_initialize_chart 000000018003b7c0 f   sfc_debug:sfdb_breakpoints.obj
 0001:0003abb0       sf_debug_sc_terminate      000000018003bbb0 f   sfc_debug:sfdb_state_consistency.obj
 0001:0003aed0       sf_debug_sc_is_chart_consistent 000000018003bed0 f   sfc_debug:sfdb_state_consistency.obj
 0001:0003b180       sf_debug_sc_get_consistency_error_info 000000018003c180 f   sfc_debug:sfdb_state_consistency.obj
 0001:0003b590       sf_debug_tm_terminate      000000018003c590 f   sfc_debug:sfdb_call_stack.obj
 0001:0003b640       sf_debug_tm_push_chart_instance 000000018003c640 f   sfc_debug:sfdb_call_stack.obj
 0001:0003b780       sf_debug_tm_pop_chart_instance 000000018003c780 f   sfc_debug:sfdb_call_stack.obj
 0001:0003b7e0       sf_debug_tm_push_trace_node 000000018003c7e0 f   sfc_debug:sfdb_call_stack.obj
 0001:0003b960       sf_debug_tm_pop_trace_node 000000018003c960 f   sfc_debug:sfdb_call_stack.obj
 0001:0003b9e0       sf_debug_tm_get_current_global_trace_index 000000018003c9e0 f   sfc_debug:sfdb_call_stack.obj
 0001:0003b9f0       sf_debug_tm_get_current_local_trace_index 000000018003c9f0 f   sfc_debug:sfdb_call_stack.obj
 0001:0003ba20       sf_debug_tm_set_cycle_detected_flag 000000018003ca20 f   sfc_debug:sfdb_call_stack.obj
 0001:0003ba60       sf_debug_tm_set_cycle_started_flag 000000018003ca60 f   sfc_debug:sfdb_call_stack.obj
 0001:0003baa0       sf_debug_tm_get_chart_number_from_stack 000000018003caa0 f   sfc_debug:sfdb_call_stack.obj
 0001:0003bca0       sf_debug_tm_browse_trace   000000018003cca0 f   sfc_debug:sfdb_call_stack.obj
 0001:0003bfb0       sf_debug_cd_initialize_instance 000000018003cfb0 f   sfc_debug:sfdb_cycle_detection.obj
 0001:0003c260       sf_debug_cd_mark_processed_transition_in_instance 000000018003d260 f   sfc_debug:sfdb_cycle_detection.obj
 0001:0003c300       sf_debug_cd_checksum_push  000000018003d300 f   sfc_debug:sfdb_cycle_detection.obj
 0001:0003c5b0       sf_debug_cd_checksum_pop   000000018003d5b0 f   sfc_debug:sfdb_cycle_detection.obj
 0001:0003c620       sf_debug_cd_turn_off_cycle_detection 000000018003d620 f   sfc_debug:sfdb_cycle_detection.obj
 0001:0003c670       sf_debug_cd_terminate      000000018003d670 f   sfc_debug:sfdb_cycle_detection.obj
 0001:0003c8a0       md5_initialize_state       000000018003d8a0 f   sfc_debug:ckmd5.obj
 0001:0003d330       md5_update_state           000000018003e330 f   sfc_debug:ckmd5.obj
 0001:0003d350       md5_get_hash               000000018003e350 f   sfc_debug:ckmd5.obj
 0001:0003d380       md5_get_hash_for_a_single_string 000000018003e380 f   sfc_debug:ckmd5.obj
 0001:0003d3e0       mxGetPr                    000000018003e3e0 f   libmx:libmx.dll
 0001:0003d3e6       mxCreateDoubleScalar       000000018003e3e6 f   libmx:libmx.dll
 0001:0003d3ec       mxCreateDoubleMatrix_730   000000018003e3ec f   libmx:libmx.dll
 0001:0003d3f2       mxSetField_730             000000018003e3f2 f   libmx:libmx.dll
 0001:0003d3f8       mxCreateString             000000018003e3f8 f   libmx:libmx.dll
 0001:0003d3fe       mxCreateStructMatrix_730   000000018003e3fe f   libmx:libmx.dll
 0001:0003d404       mxCreateCellMatrix_730     000000018003e404 f   libmx:libmx.dll
 0001:0003d40a       mxDestroyArray             000000018003e40a f   libmx:libmx.dll
 0001:0003d410       mxDuplicateArray           000000018003e410 f   libmx:libmx.dll
 0001:0003d416       mxGetString_730            000000018003e416 f   libmx:libmx.dll
 0001:0003d41c       mxIsChar                   000000018003e41c f   libmx:libmx.dll
 0001:0003d422       mxGetClassID               000000018003e422 f   libmx:libmx.dll
 0001:0003d428       mxIsNumeric                000000018003e428 f   libmx:libmx.dll
 0001:0003d42e       mxIsComplex                000000018003e42e f   libmx:libmx.dll
 0001:0003d434       mxGetN                     000000018003e434 f   libmx:libmx.dll
 0001:0003d43a       mxGetM                     000000018003e43a f   libmx:libmx.dll
 0001:0003d440       mxCalloc                   000000018003e440 f   libmx:libmx.dll
 0001:0003d446       mxGetScalar                000000018003e446 f   libmx:libmx.dll
 0001:0003d44c       mxIsLogical                000000018003e44c f   libmx:libmx.dll
 0001:0003d452       mxCreateDoubleMatrix_700   000000018003e452 f   libmx:libmx.dll
 0001:0003d458       mxFree                     000000018003e458 f   libmx:libmx.dll
 0001:0003d45e       mxArrayToString            000000018003e45e f   libmx:libmx.dll
 0001:0003d464       mxCreateCellMatrix_700     000000018003e464 f   libmx:libmx.dll
 0001:0003d46a       mxSetCell_700              000000018003e46a f   libmx:libmx.dll
 0001:0003d470       mxGetCell_700              000000018003e470 f   libmx:libmx.dll
 0001:0003d476       mxGetClassName             000000018003e476 f   libmx:libmx.dll
 0001:0003d47c       mxSetField_700             000000018003e47c f   libmx:libmx.dll
 0001:0003d482       mxAddField                 000000018003e482 f   libmx:libmx.dll
 0001:0003d488       mxGetField_700             000000018003e488 f   libmx:libmx.dll
 0001:0003d48e       mxGetNumberOfElements      000000018003e48e f   libmx:libmx.dll
 0001:0003d494       mxIsStruct                 000000018003e494 f   libmx:libmx.dll
 0001:0003d49a       mxIsA                      000000018003e49a f   libmx:libmx.dll
 0001:0003d4a0       mxIsClass                  000000018003e4a0 f   libmx:libmx.dll
 0001:0003d4a6       mxGetLogicals              000000018003e4a6 f   libmx:libmx.dll
 0001:0003d4ac       mxIsSparse                 000000018003e4ac f   libmx:libmx.dll
 0001:0003d4b2       mxSetFieldByNumber_700     000000018003e4b2 f   libmx:libmx.dll
 0001:0003d4b8       mxGetFieldByNumber_700     000000018003e4b8 f   libmx:libmx.dll
 0001:0003d4be       mxGetFieldNameByNumber     000000018003e4be f   libmx:libmx.dll
 0001:0003d4c4       mxGetNumberOfFields        000000018003e4c4 f   libmx:libmx.dll
 0001:0003d4ca       mxCreateStructMatrix_700   000000018003e4ca f   libmx:libmx.dll
 0001:0003d4d0       mxGetFieldNumber           000000018003e4d0 f   libmx:libmx.dll
 0001:0003d4d6       mxIsNaN                    000000018003e4d6 f   libmx:libmx.dll
 0001:0003d4dc       mxIsEmpty                  000000018003e4dc f   libmx:libmx.dll
 0001:0003d4e2       mxGetData                  000000018003e4e2 f   libmx:libmx.dll
 0001:0003d4e8       mxGetImagData              000000018003e4e8 f   libmx:libmx.dll
 0001:0003d4ee       mxArrayClassIDName         000000018003e4ee f   libmx:libmx.dll
 0001:0003d4f4       mxCreateNumericMatrix_700  000000018003e4f4 f   libmx:libmx.dll
 0001:0003d4fa       mxCreateStructArray_700    000000018003e4fa f   libmx:libmx.dll
 0001:0003d500       mxCalcSingleSubscript_700  000000018003e500 f   libmx:libmx.dll
 0001:0003d506       mxGetDimensions_700        000000018003e506 f   libmx:libmx.dll
 0001:0003d50c       mxGetNumberOfDimensions_700 000000018003e50c f   libmx:libmx.dll
 0001:0003d512       mxCreateNumericArray_700   000000018003e512 f   libmx:libmx.dll
 0001:0003d518       mxGetElementSize           000000018003e518 f   libmx:libmx.dll
 0001:0003d51e       mxCreateStringFromNChars_700 000000018003e51e f   libmx:libmx.dll
 0001:0003d524       mxGetString_700            000000018003e524 f   libmx:libmx.dll
 0001:0003d52a       mxIsLogicalScalarTrue      000000018003e52a f   libmx:libmx.dll
 0001:0003d530       mxCreateLogicalScalar      000000018003e530 f   libmx:libmx.dll
 0001:0003d536       mexUnlock                  000000018003e536 f   libmex:libmex.dll
 0001:0003d53c       mexIsLocked                000000018003e53c f   libmex:libmex.dll
 0001:0003d542       mexWarnMsgTxt              000000018003e542 f   libmex:libmex.dll
 0001:0003d548       mexCallMATLAB              000000018003e548 f   libmex:libmex.dll
 0001:0003d54e       mexErrMsgTxt               000000018003e54e f   libmex:libmex.dll
 0001:0003d554       mexMakeArrayPersistent     000000018003e554 f   libmex:libmex.dll
 0001:0003d55a       mexSetTrapFlag             000000018003e55a f   libmex:libmex.dll
 0001:0003d560       mexPutVariable             000000018003e560 f   libmex:libmex.dll
 0001:0003d566       mexGetVariable             000000018003e566 f   libmex:libmex.dll
 0001:0003d56c       mexLock                    000000018003e56c f   libmex:libmex.dll
 0001:0003d572       mexMakeMemoryPersistent    000000018003e572 f   libmex:libmex.dll
 0001:0003d578       mexFunctionName            000000018003e578 f   libmex:libmex.dll
 0001:0003d57e       ssRegisterDataTypeFxpFSlopeFixExpBias 000000018003e57e f   libfixedpoint:libfixedpoint.dll
 0001:0003d584       ssRegisterDataTypeFxpScaledDouble 000000018003e584 f   libfixedpoint:libfixedpoint.dll
 0001:0003d58a       utMalloc                   000000018003e58a f   libut:libut.dll
 0001:0003d590       utFree                     000000018003e590 f   libut:libut.dll
 0001:0003d596       utVSNprintf                000000018003e596 f   libut:libut.dll
 0001:0003d59c       utCPUtime                  000000018003e59c f   libut:libut.dll
 0001:0003d5a2       utCalloc                   000000018003e5a2 f   libut:libut.dll
 0001:0003d5a8       utRealloc                  000000018003e5a8 f   libut:libut.dll
 0001:0003d5ae       muDoubleScalarSqrt         000000018003e5ae f   libmwmathutil:libmwmathutil.dll
 0001:0003d5b4       muDoubleScalarPower        000000018003e5b4 f   libmwmathutil:libmwmathutil.dll
 0001:0003d5ba       muDoubleScalarHypot        000000018003e5ba f   libmwmathutil:libmwmathutil.dll
 0001:0003d5c0       emlrtCreateRootTLS         000000018003e5c0 f   libemlrt:libemlrt.dll
 0001:0003d5c6       emlrtDestroyRootTLS        000000018003e5c6 f   libemlrt:libemlrt.dll
 0001:0003d5cc       emlrtCheckBuiltInR2012b    000000018003e5cc f   libemlrt:libemlrt.dll
 0001:0003d5d2       emlrtCheckVsBuiltInR2012b  000000018003e5d2 f   libemlrt:libemlrt.dll
 0001:0003d5d8       emlrtCheckEnumR2012b       000000018003e5d8 f   libemlrt:libemlrt.dll
 0001:0003d5de       emlrtCreateEnumR2012b      000000018003e5de f   libemlrt:libemlrt.dll
 0001:0003d5e4       emlrtGetEnumElementR2009a  000000018003e5e4 f   libemlrt:libemlrt.dll
 0001:0003d5ea       emlrtCreateReference       000000018003e5ea f   libemlrt:libemlrt.dll
 0001:0003d5f0       emlrtImportVsFiArrayR2009b 000000018003e5f0 f   libemlrt:libemlrt.dll
 0001:0003d5f6       emlrtNameCapturePostProcessR2012a 000000018003e5f6 f   libemlrt:libemlrt.dll
 0001:0003d5fc       emlrtExtractMessageId      000000018003e5fc f   libemlrt:libemlrt.dll
 0001:0003d602       emlrtTranslateMessageIDtoLCPstring 000000018003e602 f   libemlrt:libemlrt.dll
 0001:0003d608       emlrtForLoopVectorIsValidR2011b 000000018003e608 f   libemlrt:libemlrt.dll
 0001:0003d60e       emlrtTranslateUTF16MessagetoLCPstring 000000018003e60e f   libemlrt:libemlrt.dll
 0001:0003d614       emlrtGetEnumUnderlyingArrayR2009a 000000018003e614 f   libemlrt:libemlrt.dll
 0001:0003d61a       emlrtIsEnumR2009a          000000018003e61a f   libemlrt:libemlrt.dll
 0001:0003d620       __GSHandlerCheckCommon     000000018003e620 f   MSVCRT:gshandler.obj
 0001:0003d684       __GSHandlerCheck           000000018003e684 f   MSVCRT:gshandler.obj
 0001:0003d6a2       strlen                     000000018003e6a2 f   MSVCRT:MSVCR100.dll
 0001:0003d6c0       __security_check_cookie    000000018003e6c0 f   MSVCRT:amdsecgs.obj
 0001:0003d6e0       memset                     000000018003e6e0 f   MSVCRT:MSVCR100.dll
 0001:0003d6e6       strcmp                     000000018003e6e6 f   MSVCRT:MSVCR100.dll
 0001:0003d6ec       free                       000000018003e6ec f   MSVCRT:MSVCR100.dll
 0001:0003d6f2       sprintf                    000000018003e6f2 f   MSVCRT:MSVCR100.dll
 0001:0003d6f8       malloc                     000000018003e6f8 f   MSVCRT:MSVCR100.dll
 0001:0003d6fe       strcat                     000000018003e6fe f   MSVCRT:MSVCR100.dll
 0001:0003d704       memcpy                     000000018003e704 f   MSVCRT:MSVCR100.dll
 0001:0003d70c       NtCurrentTeb               000000018003e70c f i MSVCRT:crtdll.obj
 0001:0003d778       _CRT_INIT                  000000018003e778 f   MSVCRT:crtdll.obj
 0001:0003db10       _DllMainCRTStartup         000000018003eb10 f   MSVCRT:crtdll.obj
 0001:0003db4e       strncpy                    000000018003eb4e f   MSVCRT:MSVCR100.dll
 0001:0003db70       _alloca_probe              000000018003eb70     MSVCRT:chkstk.obj
 0001:0003db70       __chkstk                   000000018003eb70 f   MSVCRT:chkstk.obj
 0001:0003dbbe       longjmp                    000000018003ebbe f   MSVCRT:MSVCR100.dll
 0001:0003dbc4       strncmp                    000000018003ebc4 f   MSVCRT:MSVCR100.dll
 0001:0003dbca       ceil                       000000018003ebca f   MSVCRT:MSVCR100.dll
 0001:0003dbd0       strrchr                    000000018003ebd0 f   MSVCRT:MSVCR100.dll
 0001:0003dbd6       _setjmp                    000000018003ebd6 f   MSVCRT:MSVCR100.dll
 0001:0003dbdc       ldexp                      000000018003ebdc f   MSVCRT:MSVCR100.dll
 0001:0003dbe4       __report_gsfailure         000000018003ebe4 f   MSVCRT:gs_report.obj
 0001:0003dd30       __clean_type_info_names    000000018003ed30 f   MSVCRT:tncleanup.obj
 0001:0003dd3c       _onexit                    000000018003ed3c f   MSVCRT:atonexit.obj
 0001:0003ddec       atexit                     000000018003edec f   MSVCRT:atonexit.obj
 0001:0003de04       _RTC_Initialize            000000018003ee04 f   MSVCRT:_initsect_.obj
 0001:0003de3c       _RTC_Terminate             000000018003ee3c f   MSVCRT:_initsect_.obj
 0001:0003de74       _malloc_crt                000000018003ee74 f   MSVCRT:MSVCR100.dll
 0001:0003de80       _ValidateImageBase         000000018003ee80 f   MSVCRT:pesect.obj
 0001:0003deb0       _FindPESection             000000018003eeb0 f   MSVCRT:pesect.obj
 0001:0003df00       _IsNonwritableInCurrentImage 000000018003ef00 f   MSVCRT:pesect.obj
 0001:0003df42       _initterm                  000000018003ef42 f   MSVCRT:MSVCR100.dll
 0001:0003df48       _initterm_e                000000018003ef48 f   MSVCRT:MSVCR100.dll
 0001:0003df4e       _encoded_null              000000018003ef4e f   MSVCRT:MSVCR100.dll
 0001:0003df54       _amsg_exit                 000000018003ef54 f   MSVCRT:MSVCR100.dll
 0001:0003df5a       __C_specific_handler       000000018003ef5a f   MSVCRT:MSVCR100.dll
 0001:0003df60       __CppXcptFilter            000000018003ef60 f   MSVCRT:MSVCR100.dll
 0001:0003df68       DllMain                    000000018003ef68 f   MSVCRT:dllmain.obj
 0001:0003df8c       __security_init_cookie     000000018003ef8c f   MSVCRT:gs_support.obj
 0001:0003e040       __crt_debugger_hook        000000018003f040 f   MSVCRT:MSVCR100.dll
 0001:0003e046       __clean_type_info_names_internal 000000018003f046 f   MSVCRT:MSVCR100.dll
 0001:0003e04c       _unlock                    000000018003f04c f   MSVCRT:MSVCR100.dll
 0001:0003e052       __dllonexit                000000018003f052 f   MSVCRT:MSVCR100.dll
 0001:0003e058       _lock                      000000018003f058 f   MSVCRT:MSVCR100.dll
 0001:0003e05e       EncodePointer              000000018003f05e f   kernel32:KERNEL32.dll
 0001:0003e064       DecodePointer              000000018003f064 f   kernel32:KERNEL32.dll
 0001:0003e06a       Sleep                      000000018003f06a f   kernel32:KERNEL32.dll
 0001:0003e070       TerminateProcess           000000018003f070 f   kernel32:KERNEL32.dll
 0001:0003e076       GetCurrentProcess          000000018003f076 f   kernel32:KERNEL32.dll
 0001:0003e07c       UnhandledExceptionFilter   000000018003f07c f   kernel32:KERNEL32.dll
 0001:0003e082       SetUnhandledExceptionFilter 000000018003f082 f   kernel32:KERNEL32.dll
 0001:0003e088       IsDebuggerPresent          000000018003f088 f   kernel32:KERNEL32.dll
 0001:0003e08e       RtlVirtualUnwind           000000018003f08e f   kernel32:KERNEL32.dll
 0001:0003e094       RtlLookupFunctionEntry     000000018003f094 f   kernel32:KERNEL32.dll
 0001:0003e09a       RtlCaptureContext          000000018003f09a f   kernel32:KERNEL32.dll
 0001:0003e0a0       DisableThreadLibraryCalls  000000018003f0a0 f   kernel32:KERNEL32.dll
 0001:0003e0a6       QueryPerformanceCounter    000000018003f0a6 f   kernel32:KERNEL32.dll
 0001:0003e0ac       GetTickCount               000000018003f0ac f   kernel32:KERNEL32.dll
 0001:0003e0b2       GetCurrentThreadId         000000018003f0b2 f   kernel32:KERNEL32.dll
 0001:0003e0b8       GetCurrentProcessId        000000018003f0b8 f   kernel32:KERNEL32.dll
 0001:0003e0be       GetSystemTimeAsFileTime    000000018003f0be f   kernel32:KERNEL32.dll
 0002:00000000       __imp_RtlLookupFunctionEntry 0000000180040000     kernel32:KERNEL32.dll
 0002:00000008       __imp_RtlVirtualUnwind     0000000180040008     kernel32:KERNEL32.dll
 0002:00000010       __imp_IsDebuggerPresent    0000000180040010     kernel32:KERNEL32.dll
 0002:00000018       __imp_SetUnhandledExceptionFilter 0000000180040018     kernel32:KERNEL32.dll
 0002:00000020       __imp_UnhandledExceptionFilter 0000000180040020     kernel32:KERNEL32.dll
 0002:00000028       __imp_GetCurrentProcess    0000000180040028     kernel32:KERNEL32.dll
 0002:00000030       __imp_TerminateProcess     0000000180040030     kernel32:KERNEL32.dll
 0002:00000038       __imp_Sleep                0000000180040038     kernel32:KERNEL32.dll
 0002:00000040       __imp_DecodePointer        0000000180040040     kernel32:KERNEL32.dll
 0002:00000048       __imp_EncodePointer        0000000180040048     kernel32:KERNEL32.dll
 0002:00000050       __imp_DisableThreadLibraryCalls 0000000180040050     kernel32:KERNEL32.dll
 0002:00000058       __imp_QueryPerformanceCounter 0000000180040058     kernel32:KERNEL32.dll
 0002:00000060       __imp_GetTickCount         0000000180040060     kernel32:KERNEL32.dll
 0002:00000068       __imp_GetCurrentThreadId   0000000180040068     kernel32:KERNEL32.dll
 0002:00000070       __imp_GetCurrentProcessId  0000000180040070     kernel32:KERNEL32.dll
 0002:00000078       __imp_GetSystemTimeAsFileTime 0000000180040078     kernel32:KERNEL32.dll
 0002:00000080       __imp_RtlCaptureContext    0000000180040080     kernel32:KERNEL32.dll
 0002:00000088       \177KERNEL32_NULL_THUNK_DATA 0000000180040088     kernel32:KERNEL32.dll
 0002:00000090       __imp__onexit              0000000180040090     MSVCRT:MSVCR100.dll
 0002:00000098       __imp__lock                0000000180040098     MSVCRT:MSVCR100.dll
 0002:000000a0       __imp___dllonexit          00000001800400a0     MSVCRT:MSVCR100.dll
 0002:000000a8       __imp__unlock              00000001800400a8     MSVCRT:MSVCR100.dll
 0002:000000b0       __imp___clean_type_info_names_internal 00000001800400b0     MSVCRT:MSVCR100.dll
 0002:000000b8       __imp___crt_debugger_hook  00000001800400b8     MSVCRT:MSVCR100.dll
 0002:000000c0       __imp___CppXcptFilter      00000001800400c0     MSVCRT:MSVCR100.dll
 0002:000000c8       __imp___C_specific_handler 00000001800400c8     MSVCRT:MSVCR100.dll
 0002:000000d0       __imp__amsg_exit           00000001800400d0     MSVCRT:MSVCR100.dll
 0002:000000d8       __imp__encoded_null        00000001800400d8     MSVCRT:MSVCR100.dll
 0002:000000e0       __imp__initterm_e          00000001800400e0     MSVCRT:MSVCR100.dll
 0002:000000e8       __imp__initterm            00000001800400e8     MSVCRT:MSVCR100.dll
 0002:000000f0       __imp__malloc_crt          00000001800400f0     MSVCRT:MSVCR100.dll
 0002:000000f8       __imp_ldexp                00000001800400f8     MSVCRT:MSVCR100.dll
 0002:00000100       __imp__setjmp              0000000180040100     MSVCRT:MSVCR100.dll
 0002:00000108       __imp_strrchr              0000000180040108     MSVCRT:MSVCR100.dll
 0002:00000110       __imp_ceil                 0000000180040110     MSVCRT:MSVCR100.dll
 0002:00000118       __imp_strncmp              0000000180040118     MSVCRT:MSVCR100.dll
 0002:00000120       __imp_longjmp              0000000180040120     MSVCRT:MSVCR100.dll
 0002:00000128       __imp_strncpy              0000000180040128     MSVCRT:MSVCR100.dll
 0002:00000130       __imp_memcpy               0000000180040130     MSVCRT:MSVCR100.dll
 0002:00000138       __imp_strcat               0000000180040138     MSVCRT:MSVCR100.dll
 0002:00000140       __imp_malloc               0000000180040140     MSVCRT:MSVCR100.dll
 0002:00000148       __imp_sprintf              0000000180040148     MSVCRT:MSVCR100.dll
 0002:00000150       __imp_free                 0000000180040150     MSVCRT:MSVCR100.dll
 0002:00000158       __imp_strcmp               0000000180040158     MSVCRT:MSVCR100.dll
 0002:00000160       __imp_memset               0000000180040160     MSVCRT:MSVCR100.dll
 0002:00000168       __imp_strlen               0000000180040168     MSVCRT:MSVCR100.dll
 0002:00000170       \177MSVCR100_NULL_THUNK_DATA 0000000180040170     MSVCRT:MSVCR100.dll
 0002:00000178       __imp_emlrtIsEnumR2009a    0000000180040178     libemlrt:libemlrt.dll
 0002:00000180       __imp_emlrtGetEnumUnderlyingArrayR2009a 0000000180040180     libemlrt:libemlrt.dll
 0002:00000188       __imp_emlrtTranslateUTF16MessagetoLCPstring 0000000180040188     libemlrt:libemlrt.dll
 0002:00000190       __imp_emlrtForLoopVectorIsValidR2011b 0000000180040190     libemlrt:libemlrt.dll
 0002:00000198       __imp_emlrtTranslateMessageIDtoLCPstring 0000000180040198     libemlrt:libemlrt.dll
 0002:000001a0       __imp_emlrtExtractMessageId 00000001800401a0     libemlrt:libemlrt.dll
 0002:000001a8       __imp_emlrtNameCapturePostProcessR2012a 00000001800401a8     libemlrt:libemlrt.dll
 0002:000001b0       __imp_emlrtImportVsFiArrayR2009b 00000001800401b0     libemlrt:libemlrt.dll
 0002:000001b8       __imp_emlrtCreateReference 00000001800401b8     libemlrt:libemlrt.dll
 0002:000001c0       __imp_emlrtGetEnumElementR2009a 00000001800401c0     libemlrt:libemlrt.dll
 0002:000001c8       __imp_emlrtCreateEnumR2012b 00000001800401c8     libemlrt:libemlrt.dll
[...]
 0001:00013d70       sf_mex_check_complex       0000000180014d70 f   sfc_mex:sfc_mex.obj
 0001:00013e00       sf_mex_check_sparse        0000000180014e00 f   sfc_mex:sfc_mex.obj
 0001:00013e60       sf_mex_check_numerictype   0000000180014e60 f   sfc_mex:sfc_mex.obj
 0001:00013ff0       sf_mex_check_fimath        0000000180014ff0 f   sfc_mex:sfc_mex.obj
 0001:00014b50       size_mismatch_error        0000000180015b50 f   sfc_mex:sfc_mex.obj
 0001:000155c0       check_array_dimensions     00000001800165c0 f   sfc_mex:sfc_mex.obj
 0001:00015630       check_input_mxarray        0000000180016630 f   sfc_mex:sfc_mex.obj
 0001:00015d70       sf_numeric_value_to_double 0000000180016d70 f   sfc_mex:sfc_mex.obj
 0001:00015dc0       ml_generic_out_of_bounds_check 0000000180016dc0 f   sfc_mex:sfc_mex.obj
 0001:00015f80       ml_get_element_value_from_array 0000000180016f80 f   sfc_mex:sfc_mex.obj
 0001:00016320       _ml_generic_castability_check 0000000180017320 f   sfc_mex:sfc_mex.obj
 0001:00016a70       ml_generic_castability_check 0000000180017a70 f   sfc_mex:sfc_mex.obj
 0001:00016b10       ml_check_mx_array_for_single_castability 0000000180017b10 f   sfc_mex:sfc_mex.obj
 0001:00016bb0       ml_check_mx_array_for_logical_castability 0000000180017bb0 f   sfc_mex:sfc_mex.obj
 0001:00016c50       ml_check_mx_array_for_int8_castability 0000000180017c50 f   sfc_mex:sfc_mex.obj
 0001:00016d00       ml_check_mx_array_for_uint8_castability 0000000180017d00 f   sfc_mex:sfc_mex.obj
 0001:00016d60       ml_check_mx_array_for_int16_castability 0000000180017d60 f   sfc_mex:sfc_mex.obj
 0001:00016dc0       ml_check_mx_array_for_uint16_castability 0000000180017dc0 f   sfc_mex:sfc_mex.obj
 0001:00016e20       ml_check_mx_array_for_int32_castability 0000000180017e20 f   sfc_mex:sfc_mex.obj
 0001:00016e80       ml_check_mx_array_for_uint32_castability 0000000180017e80 f   sfc_mex:sfc_mex.obj
 0001:00016ee0       ml_check_mx_array_for_castability 0000000180017ee0 f   sfc_mex:sfc_mex.obj
 0001:00017700       set_data_value             0000000180018700 f   sfc_mex:sfc_mex.obj
 0001:00017a70       get_data_value             0000000180018a70 f   sfc_mex:sfc_mex.obj
 0001:00017b80       get_next_element_address   0000000180018b80 f   sfc_mex:sfc_mex.obj
 0001:00017c50       sf_normalize_index         0000000180018c50 f   sfc_mex:sfc_mex.obj
 0001:00018000       ml_array_index_bound_check 0000000180019000 f   sfc_mex:sfc_mex.obj
 0001:00018b80       mx_value                   0000000180019b80 f   sfc_mex:sfc_mex.obj
 0001:00018bd0       sf_create_numeric_array    0000000180019bd0 f   sfc_mex:sfc_mex.obj
 0001:00018c70       sf_mex_assign_to_mx_array  0000000180019c70 f   sfc_mex:sfc_mex.obj
 0001:00018fe0       assign_from_mx_array       0000000180019fe0 f   sfc_mex:sfc_mex.obj
 0001:00019740       sf_mex_import_v            000000018001a740 f   sfc_mex:sfc_mex.obj
 0001:00019e50       get_machine_and_chart_file_number 000000018001ae50 f   sfc_mex:sfc_sf.obj
 0001:00019f40       get_sfun_block_specialization 000000018001af40 f   sfc_mex:sfc_sf.obj
 0001:00019ff0       call_sf_machine_global_method_dispatcher 000000018001aff0 f   sfc_mex:sfc_sf.obj
 0001:0001a240       mdl_zeroCrossings_processing 000000018001b240 f   sfc_mex:sfc_sf.obj
 0001:0001a320       mdl_derivatives_processing 000000018001b320 f   sfc_mex:sfc_sf.obj
 0001:0001a600       mdl_outputs_continuous_legacy 000000018001b600 f   sfc_mex:sfc_sf.obj
 0001:0001a680       mdl_outputs_processing     000000018001b680 f   sfc_mex:sfc_sf.obj
 0001:0001a8f0       mdl_enable_processing      000000018001b8f0 f   sfc_mex:sfc_sf.obj
 0001:0001a9d0       mdl_disable_processing     000000018001b9d0 f   sfc_mex:sfc_sf.obj
 0001:0001b860       sf_call_output_fcn_enable_disable 000000018001c860 f   sfc_mex:sfc_sf.obj
 0001:0001bae0       set_dwork_information_from_mx_array 000000018001cae0 f   sfc_mex:sfc_sf.obj
 0001:0001c3d0       ptr2mxStruct               000000018001d3d0 f   sfc_mex:sfc_sf.obj
 0001:0001c6e0       SNPRINTF_WRAPPER           000000018001d6e0 f   sfc_debug:sfcdebug.obj
 0001:0001c710       sf_debug_chart_instance_initialized 000000018001d710 f   sfc_debug:sfcdebug.obj
 0001:0001c8b0       sfrtAddSize                000000018001d8b0 f   sfc_debug:sfcdebug.obj
 0001:0001c970       sfrtGenSizeString          000000018001d970 f   sfc_debug:sfcdebug.obj
 0001:0001d0c0       fill_single_message_info   000000018001e0c0 f   sfc_debug:sfcdebug.obj
 0001:0001d340       sf_debug_sim_status_listener 000000018001e340 f   sfc_debug:sfcdebug.obj
 0001:0001d8d0       sf_debug_form_mask_bits    000000018001e8d0 f   sfc_debug:sfcdebug.obj
 0001:0001d8f0       sf_debug_form_sf_data_type_offsets 000000018001e8f0 f   sfc_debug:sfcdebug.obj
 0001:0001d9b0       sf_debug_free_all          000000018001e9b0 f   sfc_debug:sfcdebug.obj
 0001:0001db40       sf_debug_append_debugger_context 000000018001eb40 f   sfc_debug:sfcdebug.obj
 0001:0001deb0       local_strdup               000000018001eeb0 f   sfc_debug:sfcdebug.obj
 0001:0001ee30       sf_debug_em_terminate      000000018001fe30 f   sfc_debug:sfcdebug.obj
 0001:0001ee70       sf_debug_push_eml_function 000000018001fe70 f   sfc_debug:sfcdebug.obj
 0001:0001ef10       sf_debug_pop_eml_function  000000018001ff10 f   sfc_debug:sfcdebug.obj
 0001:0001fbb0       sf_debug_get_machine_number_from_id_or_name 0000000180020bb0 f   sfc_debug:sfcdebug.obj
 0001:0001fd00       sf_debug_get_chart_number_from_id 0000000180020d00 f   sfc_debug:sfcdebug.obj
 0001:00020ae0       sf_debug_transfer_control_to_debugger_GUI 0000000180021ae0 f   sfc_debug:sfcdebug.obj
 0001:00021a50       sf_debug_scripts_rehash    0000000180022a50 f   sfc_debug:sfcdebug.obj
 0001:00021c60       sf_debug_get_script_line_count 0000000180022c60 f   sfc_debug:sfcdebug.obj
 0001:000226b0       cv_eml_state_cvId          00000001800236b0 f   sfc_debug:sfcdebug.obj
 0001:00022720       cv_eml_trans_cvId          0000000180023720 f   sfc_debug:sfcdebug.obj
 0001:00023ba0       sf_debug_data_array_bounds_error 0000000180024ba0 f   sfc_debug:sfcdebug.obj
 0001:00023f50       eml_debug_runtime_error_doclink 0000000180024f50 f   sfc_debug:sfcdebug.obj
 0001:000240c0       sf_debug_runtime_error     00000001800250c0 f   sfc_debug:sfcdebug.obj
 0001:00024130       sf_debug_matlab_error      0000000180025130 f   sfc_debug:sfcdebug.obj
 0001:00024aa0       sf_debug_data_value_error  0000000180025aa0 f   sfc_debug:sfcdebug.obj
 0001:00025370       sf_debug_data_loss_error   0000000180026370 f   sfc_debug:sfcdebug.obj
 0001:00026290       call_cv_range_check        0000000180027290 f   sfc_debug:sfcdebug.obj
 0001:00026af0       sf_debug_invoke_cycle_detection_code 0000000180027af0 f   sfc_debug:sfcdebug.obj
 0001:00027660       sf_reset_debug_info_struct 0000000180028660 f   sfc_debug:sfcdebug.obj
 0001:00027e50       cv_script_cvId             0000000180028e50 f   sfc_debug:sfcdebug.obj
 0001:00029010       sfc_api_chart_visible      000000018002a010 f   sfc_debug:sfc_api.obj
 0001:000290a0       sfc_api_active_instance    000000018002a0a0 f   sfc_debug:sfc_api.obj
 0001:00029130       sfc_api_machine_load       000000018002a130 f   sfc_debug:sfc_api.obj
 0001:00029220       sfc_api_debugger_alive     000000018002a220 f   sfc_debug:sfc_api.obj
 0001:00029230       sfc_api_go                 000000018002a230 f   sfc_debug:sfc_api.obj
 0001:00029240       sfc_api_step_over          000000018002a240 f   sfc_debug:sfc_api.obj
 0001:00029250       sfc_api_step_out           000000018002a250 f   sfc_debug:sfc_api.obj
 0001:00029260       sfc_api_resume             000000018002a260 f   sfc_debug:sfc_api.obj
 0001:00029270       sfc_api_break              000000018002a270 f   sfc_debug:sfc_api.obj
 0001:00029280       sfc_api_stop_debugging     000000018002a280 f   sfc_debug:sfc_api.obj
 0001:000292e0       sfc_api_is_cycle_detected  000000018002a2e0 f   sfc_debug:sfc_api.obj
 0001:00029340       sfc_api_is_array_bounds_detected 000000018002a340 f   sfc_debug:sfc_api.obj
 0001:000293a0       sfc_api_set_disable_all_breakpoints 000000018002a3a0 f   sfc_debug:sfc_api.obj
 0001:00029420       sfc_api_disable_all_breakpoints_and_go 000000018002a420 f   sfc_debug:sfc_api.obj
 0001:00029430       sfc_api_close              000000018002a430 f   sfc_debug:sfc_api.obj
 0001:00029440       sfc_api_browse_data        000000018002a440 f   sfc_debug:sfc_api.obj
 0001:000294c0       sfc_api_watch_data         000000018002a4c0 f   sfc_debug:sfc_api.obj
 0001:000295d0       sfc_api_extract_message_post_receive_info 000000018002a5d0 f   sfc_debug:sfc_api.obj
 0001:000295f0       sfc_api_assign_data        000000018002a5f0 f   sfc_debug:sfc_api.obj
 0001:000296a0       sfc_api_whos               000000018002a6a0 f   sfc_debug:sfc_api.obj
 0001:00029730       sfc_api_get_consistency_info 000000018002a730 f   sfc_debug:sfc_api.obj
 0001:00029740       sfc_api_browse_trace       000000018002a740 f   sfc_debug:sfc_api.obj
 0001:00029750       sfc_api_break_on_chart_entry 000000018002a750 f   sfc_debug:sfc_api.obj
 0001:00029780       sfc_api_break_on_event_broadcast 000000018002a780 f   sfc_debug:sfc_api.obj
 0001:000297b0       sfc_api_break_on_state_entry 000000018002a7b0 f   sfc_debug:sfc_api.obj
 0001:000297e0       sfc_api_set_watch          000000018002a7e0 f   sfc_debug:sfc_api.obj
 0001:00029890       sfc_api_set_breakpoints    000000018002a890 f   sfc_debug:sfc_api.obj
 0001:00029950       sfc_api_set_eml_breakpoints 000000018002a950 f   sfc_debug:sfc_api.obj
 0001:000299f0       sfc_api_set_script_breakpoints 000000018002a9f0 f   sfc_debug:sfc_api.obj
 0001:00029a50       sfc_api_add_script_breakpoints 000000018002aa50 f   sfc_debug:sfc_api.obj
 0001:00029ab0       sfc_api_clear_script_breakpoints 000000018002aab0 f   sfc_debug:sfc_api.obj
 0001:00029b10       sfc_api_query_script_breakpoints 000000018002ab10 f   sfc_debug:sfc_api.obj
 0001:00029b80       sfc_api_get_script_id      000000018002ab80 f   sfc_debug:sfc_api.obj
 0001:00029c40       sfc_api_get_active_states  000000018002ac40 f   sfc_debug:sfc_api.obj
 0001:00029cd0       sfc_api_break_between_times 000000018002acd0 f   sfc_debug:sfc_api.obj
 0001:00029d40       sfc_api_get_instance_handle 000000018002ad40 f   sfc_debug:sfc_api.obj
 0001:00029e10       sfc_api_set_animation      000000018002ae10 f   sfc_debug:sfc_api.obj
 0001:00029e60       sfc_api_select_chart       000000018002ae60 f   sfc_debug:sfc_api.obj
 0001:00029ed0       sfc_api_select_charts      000000018002aed0 f   sfc_debug:sfc_api.obj
 0001:00029f00       sfc_api_cycle_detection_check 000000018002af00 f   sfc_debug:sfc_api.obj
 0001:00029f50       sfc_api_data_range_check   000000018002af50 f   sfc_debug:sfc_api.obj
 0001:00029fa0       sfc_api_transition_conflict_check 000000018002afa0 f   sfc_debug:sfc_api.obj
 0001:00029ff0       sfc_api_state_consistency_check 000000018002aff0 f   sfc_debug:sfc_api.obj
 0001:0002a040       sfc_api_set_instance_cv_ids 000000018002b040 f   sfc_debug:sfc_api.obj
 0001:0002a170       sfc_api_set_script_cv_ids  000000018002b170 f   sfc_debug:sfc_api.obj
 0001:0002a240       sfc_api_get_current_machine_id 000000018002b240 f   sfc_debug:sfc_api.obj
 0001:0002a270       sfc_api_get_current_machine_number 000000018002b270 f   sfc_debug:sfc_api.obj
 0001:0002a2a0       sfc_api_get_current_chart_number 000000018002b2a0 f   sfc_debug:sfc_api.obj
 0001:0002a2d0       sfc_api_get_current_instance_number 000000018002b2d0 f   sfc_debug:sfc_api.obj
 0001:0002a300       sfc_api_get_current_instance_handle 000000018002b300 f   sfc_debug:sfc_api.obj
 0001:0002a320       sfc_api_get_current_is_minor_time_step 000000018002b320 f   sfc_debug:sfc_api.obj
 0001:0002a350       sfc_api_get_current_machine_name 000000018002b350 f   sfc_debug:sfc_api.obj
 0001:0002a370       sfc_api_get_current_chart_id 000000018002b370 f   sfc_debug:sfc_api.obj
 0001:0002a3a0       sfc_api_get_current_object_type 000000018002b3a0 f   sfc_debug:sfc_api.obj
 0001:0002a3d0       sfc_api_get_current_event_type 000000018002b3d0 f   sfc_debug:sfc_api.obj
 0001:0002a400       sfc_api_get_current_object_id 000000018002b400 f   sfc_debug:sfc_api.obj
 0001:0002a430       sfc_get_current_active_event_type 000000018002b430 f   sfc_debug:sfc_api.obj
 0001:0002a460       sfc_api_get_current_active_event_id 000000018002b460 f   sfc_debug:sfc_api.obj
 0001:0002a490       sfc_api_get_current_simulation_time 000000018002b490 f   sfc_debug:sfc_api.obj
 0001:0002a4b0       sfc_get_current_tag_type   000000018002b4b0 f   sfc_debug:sfc_api.obj
 0001:0002a4e0       sfc_get_current_coverage_percentage 000000018002b4e0 f   sfc_debug:sfc_api.obj
 0001:0002a500       sfc_get_current_statement_context 000000018002b500 f   sfc_debug:sfc_api.obj
 0001:0002a520       sfc_get_current_optional_integer 000000018002b520 f   sfc_debug:sfc_api.obj
 0001:0002a550       sfc_get_current_statement_info 000000018002b550 f   sfc_debug:sfc_api.obj
 0001:0002a5f0       sfc_api_get                000000018002b5f0 f   sfc_debug:sfc_api.obj
 0001:0002b250       sf_debug_sm_fill_state_activity_data 000000018002c250 f   sfc_debug:sfdb_animation.obj
 0001:0002da90       void_ptr_stack_vector_free_total 000000018002ea90 f   sfc_debug:sfdb_data_browse.obj
 0001:0002db10       sf_debug_st_terminate_machine 000000018002eb10 f   sfc_debug:sfdb_data_browse.obj
 0001:0002db50       sf_debug_st_terminate_instance 000000018002eb50 f   sfc_debug:sfdb_data_browse.obj
 0001:0002df00       push_on_to_void_ptr_stack  000000018002ef00 f   sfc_debug:sfdb_data_browse.obj
 0001:0002e090       pop_from_void_ptr_stack    000000018002f090 f   sfc_debug:sfdb_data_browse.obj
 0001:0002e1c0       sf_debug_st_get_data_value 000000018002f1c0 f   sfc_debug:sfdb_data_browse.obj
 0001:0002e6f0       mx_value                   000000018002f6f0 f   sfc_debug:sfdb_data_browse.obj
 0001:0002e730       sf_debug_st_fill_data_struct 000000018002f730 f   sfc_debug:sfdb_data_browse.obj
 0001:0002ea70       data_type_format_strings   000000018002fa70 f   sfc_debug:sfdb_data_browse.obj
 0001:0002eb20       sf_debug_st_fill_data      000000018002fb20 f   sfc_debug:sfdb_data_browse.obj
 0001:0002f810       sf_debug_hm_get_simulink_handle 0000000180030810 f   sfc_debug:sfdb_handle_management.obj
 0001:000302c0       sf_debug_hm_initialize_globals 00000001800312c0 f   sfc_debug:sfdb_handle_management.obj
 0001:000303c0       sf_debug_hm_get_machine_debug_flag 00000001800313c0 f   sfc_debug:sfdb_handle_management.obj
 0001:00030530       sf_debug_hm_get_machine_id 0000000180031530 f   sfc_debug:sfdb_handle_management.obj
 0001:00030650       sf_debug_hm_get_chart_id   0000000180031650 f   sfc_debug:sfdb_handle_management.obj
 0001:000307f0       sf_debug_hm_register_executing_SFunction 00000001800317f0 f   sfc_debug:sfdb_handle_management.obj
 0001:00030b80       sf_debug_hm_form_object_boolean_properties 0000000180031b80 f   sfc_debug:sfdb_handle_management.obj
 0001:00030e50       sf_debug_hm_form_object_properties 0000000180031e50 f   sfc_debug:sfdb_handle_management.obj
 0001:00031090       sf_debug_hm_terminate_charts 0000000180032090 f   sfc_debug:sfdb_handle_management.obj
 0001:00031770       sf_debug_hm_terminate_machines 0000000180032770 f   sfc_debug:sfdb_handle_management.obj
 0001:000331e0       sf_debug_ss_copy_dimension 00000001800341e0 f   sfc_debug:sfdb_symbol_scope.obj
 0001:000332a0       sf_debug_ss_get_number_elements 00000001800342a0 f   sfc_debug:sfdb_symbol_scope.obj
 0001:000332c0       sf_debug_ss_fill_data_struct 00000001800342c0 f   sfc_debug:sfdb_symbol_scope.obj
 0001:00033610       sf_debug_ss_reset_data_info 0000000180034610 f   sfc_debug:sfdb_symbol_scope.obj
 0001:00033670       sf_debug_fill_data_info_by_symbol_scope_entry 0000000180034670 f   sfc_debug:sfdb_symbol_scope.obj
 0001:00033730       sf_debug_fill_data_info_by_data_vector 0000000180034730 f   sfc_debug:sfdb_symbol_scope.obj
 0001:00033980       get_data_info_helper       0000000180034980 f   sfc_debug:sfdb_symbol_scope.obj
 0001:00033c70       sf_debug_ss_get_data_info  0000000180034c70 f   sfc_debug:sfdb_symbol_scope.obj
 0001:00033e90       sf_debug_select_mex_function 0000000180034e90 f   sfc_debug:sfdb_symbol_scope.obj
 0001:00033ec0       sf_debug_is_dyn_matrix_initialized 0000000180034ec0 f   sfc_debug:sfdb_symbol_scope.obj
 0001:00033ee0       sf_debug_ss_set_data_value_try 0000000180034ee0 f   sfc_debug:sfdb_symbol_scope.obj
 0001:000340d0       sf_debug_ss_get_data_value 00000001800350d0 f   sfc_debug:sfdb_symbol_scope.obj
 0001:00034830       sf_debug_ss_data_bytes_string 0000000180035830 f   sfc_debug:sfdb_symbol_scope.obj
 0001:000348c0       sf_debug_ss_data_class_string 00000001800358c0 f   sfc_debug:sfdb_symbol_scope.obj
 0001:00034c40       sf_debug_ss_data_size_string 0000000180035c40 f   sfc_debug:sfdb_symbol_scope.obj
 0001:00034d20       sf_debug_ss_data_create_data_info_struct 0000000180035d20 f   sfc_debug:sfdb_symbol_scope.obj
 0001:00034fd0       sf_debug_ss_data_create_name_value_pair 0000000180035fd0 f   sfc_debug:sfdb_symbol_scope.obj
 0001:00035070       sf_debug_ss_data_get_whos_info 0000000180036070 f   sfc_debug:sfdb_symbol_scope.obj
 0001:00035080       same_named_data_in_data_array 0000000180036080 f   sfc_debug:sfdb_symbol_scope.obj
 0001:00036810       sf_debug_cc_terminate_chart 0000000180037810 f   sfc_debug:sfdb_coverage.obj
 0001:00036b20       sf_debug_cc_terminate_instance 0000000180037b20 f   sfc_debug:sfdb_coverage.obj
 0001:000376f0       sf_debug_cc_mark_object_if_needed 00000001800386f0 f   sfc_debug:sfdb_coverage.obj
 0001:00037f70       sf_debug_bm_initialize_eml 0000000180038f70 f   sfc_debug:sfdb_breakpoints.obj
 0001:00039030       sf_debug_bm_map_debug_tag_to_breakpoint_tag 000000018003a030 f   sfc_debug:sfdb_breakpoints.obj
 0001:00039110       sf_debug_bm_is_a_eml_breakpoint_impl 000000018003a110 f   sfc_debug:sfdb_breakpoints.obj
 0001:0003aa40       sf_debug_sc_push_on_error_stack 000000018003ba40 f   sfc_debug:sfdb_state_consistency.obj
 0001:0003ab60       sf_debug_sc_reset_error_stack 000000018003bb60 f   sfc_debug:sfdb_state_consistency.obj
 0001:0003acf0       sf_debug_sc_is_state_inconsistent 000000018003bcf0 f   sfc_debug:sfdb_state_consistency.obj
 0001:0003afe0       sf_debug_sc_fill_consistency_info 000000018003bfe0 f   sfc_debug:sfdb_state_consistency.obj
 0001:0003b580       void_assertion_fcn         000000018003c580 f   sfc_debug:sfdb_call_stack.obj
 0001:0003bad0       sf_debug_tm_fill_local_trace 000000018003cad0 f   sfc_debug:sfdb_call_stack.obj
 0001:0003c070       sf_debug_cd_terminate_instance 000000018003d070 f   sfc_debug:sfdb_cycle_detection.obj
 0001:0003c0d0       sf_debug_cd_free_checksum_stack 000000018003d0d0 f   sfc_debug:sfdb_cycle_detection.obj
 0001:0003c120       sf_debug_cd_reset_pack_strings 000000018003d120 f   sfc_debug:sfdb_cycle_detection.obj
 0001:0003c7c0       md5file_clear              000000018003d7c0 f   sfc_debug:ckmd5.obj
 0001:0003c7f0       Encode                     000000018003d7f0 f   sfc_debug:ckmd5.obj
 0001:0003c840       Decode                     000000018003d840 f   sfc_debug:ckmd5.obj
 0001:0003c8e0       MD5Transform               000000018003d8e0 f   sfc_debug:ckmd5.obj
 0001:0003d140       md5file_addn               000000018003e140 f   sfc_debug:ckmd5.obj
 0001:0003d210       md5file_hash               000000018003e210 f   sfc_debug:ckmd5.obj
 0001:0003d718       pre_c_init                 000000018003e718 f   MSVCRT:crtdll.obj
 0001:0003d9d4       __DllMainCRTStartup        000000018003e9d4 f   MSVCRT:crtdll.obj
 0001:0003e0d0       __DllMainCRTStartup$filt$0 000000018003f0d0 f   MSVCRT:crtdll.obj
 0001:0003e100       __DllMainCRTStartup$fin$1  000000018003f100 f   MSVCRT:crtdll.obj
 0001:0003e11a       _onexit$fin$0              000000018003f11a f   MSVCRT:atonexit.obj
 0001:0003e140       _IsNonwritableInCurrentImage$filt$0 000000018003f140 f   MSVCRT:pesect.obj
