 untitled_sfun

 Timestamp is 54d4fec5 (Fri Feb 06 23:19:57 2015)

 Preferred load address is 0000000180000000

 Start         Length     Name                   Class
 0001:00000000 00040eb4H .text                   CODE
 0001:00040ec0 00000092H .text$x                 CODE
 0002:00000000 000004a8H .idata$5                DATA
 0002:000004a8 00000008H .CRT$XCA                DATA
 0002:000004b0 00000008H .CRT$XCZ                DATA
 0002:000004b8 00000008H .CRT$XIA                DATA
 0002:000004c0 00000008H .CRT$XIAA               DATA
 0002:000004c8 00000008H .CRT$XIZ                DATA
 0002:000004d0 00004b7cH .rdata                  DATA
 0002:00005050 00000008H .rtc$IAA                DATA
 0002:00005058 00000008H .rtc$IZZ                DATA
 0002:00005060 00000008H .rtc$TAA                DATA
 0002:00005068 00000008H .rtc$TZZ                DATA
 0002:00005070 00004474H .xdata                  DATA
 0002:000094e4 000000a0H .idata$2                DATA
 0002:00009584 00000014H .idata$3                DATA
 0002:00009598 000004a8H .idata$4                DATA
 0002:00009a40 00000af2H .idata$6                DATA
 0002:0000a540 00000053H .edata                  DATA
 0003:00000000 00003ec8H .data                   DATA
 0003:00003ee0 00002438H .bss                    DATA
 0004:00000000 00003558H .pdata                  DATA

  Address         Publics by Value              Rva+Base               Lib:Object

 0000:00000000       ___safe_se_handler_count   0000000000000000     <absolute>
 0000:00000000       ___safe_se_handler_table   0000000000000000     <absolute>
 0000:00000000       __ImageBase                0000000180000000     <linker-defined>
 0001:00000000       sf_c1_untitled_get_eml_resolved_functions_info 0000000180001000 f   c1_untitled.obj
 0001:00000080       sf_c1_untitled_get_check_sum 0000000180001080 f   c1_untitled.obj
 0001:00000100       sf_c1_untitled_get_autoinheritance_info 0000000180001100 f   c1_untitled.obj
 0001:000007b0       sf_c1_untitled_third_party_uses_info 00000001800017b0 f   c1_untitled.obj
 0001:000007e0       sf_internal_get_sim_state_c1_untitled 00000001800017e0 f   c1_untitled.obj
 0001:00000b30       sf_internal_set_sim_state_c1_untitled 0000000180001b30 f   c1_untitled.obj
 0001:00000f30       c1_untitled_method_dispatcher 0000000180001f30 f   c1_untitled.obj
 0001:000030e0       sf_c2_untitled_get_eml_resolved_functions_info 00000001800040e0 f   c2_untitled.obj
 0001:000042b0       sf_c2_untitled_get_check_sum 00000001800052b0 f   c2_untitled.obj
 0001:00004330       sf_c2_untitled_get_autoinheritance_info 0000000180005330 f   c2_untitled.obj
 0001:00004c80       sf_c2_untitled_third_party_uses_info 0000000180005c80 f   c2_untitled.obj
 0001:00004cb0       sf_internal_get_sim_state_c2_untitled 0000000180005cb0 f   c2_untitled.obj
 0001:00005190       sf_internal_set_sim_state_c2_untitled 0000000180006190 f   c2_untitled.obj
 0001:00005620       c2_untitled_method_dispatcher 0000000180006620 f   c2_untitled.obj
 0001:000088c0       sf_c3_untitled_get_eml_resolved_functions_info 00000001800098c0 f   c3_untitled.obj
 0001:00008940       sf_c3_untitled_get_check_sum 0000000180009940 f   c3_untitled.obj
 0001:000089c0       sf_c3_untitled_get_autoinheritance_info 00000001800099c0 f   c3_untitled.obj
 0001:00008f30       sf_c3_untitled_third_party_uses_info 0000000180009f30 f   c3_untitled.obj
 0001:00008f60       sf_internal_get_sim_state_c3_untitled 0000000180009f60 f   c3_untitled.obj
 0001:000092b0       sf_internal_set_sim_state_c3_untitled 000000018000a2b0 f   c3_untitled.obj
 0001:000096b0       c3_untitled_method_dispatcher 000000018000a6b0 f   c3_untitled.obj
 0001:0000b560       sf_c4_untitled_get_eml_resolved_functions_info 000000018000c560 f   c4_untitled.obj
 0001:0000bf30       sf_c4_untitled_get_check_sum 000000018000cf30 f   c4_untitled.obj
 0001:0000bfb0       sf_c4_untitled_get_autoinheritance_info 000000018000cfb0 f   c4_untitled.obj
 0001:0000c3d0       sf_c4_untitled_third_party_uses_info 000000018000d3d0 f   c4_untitled.obj
 0001:0000c400       sf_internal_get_sim_state_c4_untitled 000000018000d400 f   c4_untitled.obj
 0001:0000c750       sf_internal_set_sim_state_c4_untitled 000000018000d750 f   c4_untitled.obj
 0001:0000cb50       c4_untitled_method_dispatcher 000000018000db50 f   c4_untitled.obj
 0001:0000ea40       sf_process_check_sum_call  000000018000fa40 f   untitled_sfun_registry.obj
 0001:0000ea90       sf_process_autoinheritance_call 000000018000fa90 f   untitled_sfun_registry.obj
 0001:0000ec30       sf_process_get_third_party_uses_info_call 000000018000fc30 f   untitled_sfun_registry.obj
 0001:0000edd0       sf_process_get_eml_resolved_functions_info_call 000000018000fdd0 f   untitled_sfun_registry.obj
 0001:0000ef50       sf_mex_unlock_call         000000018000ff50 f   untitled_sfun_registry.obj
 0001:0000f000       sf_machine_global_initializer_called 0000000180010000 f   untitled_sfun_registry.obj
 0001:0000f030       sf_machine_global_method_dispatcher 0000000180010030 f   untitled_sfun_registry.obj
 0001:0000f090       sf_machine_global_terminator 0000000180010090 f   untitled_sfun_registry.obj
 0001:0000f0e0       sf_register_machine_exported_symbols 00000001800100e0 f   untitled_sfun_registry.obj
 0001:0000f100       callCustomFcn              0000000180010100 f   untitled_sfun_registry.obj
 0001:0000f110       sf_machine_global_initializer 0000000180010110 f   untitled_sfun_registry.obj
 0001:0000f190       _ssSetStateAbsTol          0000000180010190 f   untitled_sfun_registry.obj
 0001:0000f270       _ssGetAbsTol               0000000180010270 f   untitled_sfun_registry.obj
 0001:0000f2e0       _ssSetInputPortMatrixDimensions 00000001800102e0 f   untitled_sfun_registry.obj
 0001:0000f3f0       _ssSetOutputPortMatrixDimensions 00000001800103f0 f   untitled_sfun_registry.obj
 0001:0000f500       _ssSetInputPortVectorDimension 0000000180010500 f   untitled_sfun_registry.obj
 0001:0000f5d0       _ssSetOutputPortVectorDimension 00000001800105d0 f   untitled_sfun_registry.obj
 0001:0000f6a0       ssIsRunTimeParamTunable    00000001800106a0 f   untitled_sfun_registry.obj
 0001:0000f710       ssGetSFuncBlockHandle      0000000180010710 f   untitled_sfun_registry.obj
 0001:0000f780       _ssGetCurrentInputPortWidth 0000000180010780 f   untitled_sfun_registry.obj
 0001:0000f8a0       _ssGetCurrentOutputPortWidth 00000001800108a0 f   untitled_sfun_registry.obj
 0001:0000f9c0       _ssGetCallSystemNumFcnCallDestinations 00000001800109c0 f   untitled_sfun_registry.obj
 0001:0000fa30       ssWarning                  0000000180010a30 f   untitled_sfun_registry.obj
 0001:0000fb40       ssGetIsZeroCrossControlDisabled 0000000180010b40 f   untitled_sfun_registry.obj
 0001:0000fbb0       ssSetIsInputPortUsedForContZcSignal 0000000180010bb0 f   untitled_sfun_registry.obj
 0001:0000fc20       ssSetZcSignalIsZcElementDisc 0000000180010c20 f   untitled_sfun_registry.obj
 0001:0000fcd0       ssSetZcSignalName          0000000180010cd0 f   untitled_sfun_registry.obj
 0001:0000fd40       ssSetZcSignalWidth         0000000180010d40 f   untitled_sfun_registry.obj
 0001:0000fdb0       ssSetZcSignalZcEventType   0000000180010db0 f   untitled_sfun_registry.obj
 0001:0000fe20       ssSetZcSignalType          0000000180010e20 f   untitled_sfun_registry.obj
 0001:0000fe90       ssSetZcSignalZcTol         0000000180010e90 f   untitled_sfun_registry.obj
 0001:0000ff00       ssSetZcSignalNeedsEventNotification 0000000180010f00 f   untitled_sfun_registry.obj
 0001:0000ff70       ssCreateAndAddZcSignalInfo 0000000180010f70 f   untitled_sfun_registry.obj
 0001:0000ffe0       ssCloneAndAddZcSignalInfo  0000000180010fe0 f   untitled_sfun_registry.obj
 0001:00010050       ssGetNumZcSignals          0000000180011050 f   untitled_sfun_registry.obj
 0001:000100c0       ssGetZcSignalVector        00000001800110c0 f   untitled_sfun_registry.obj
 0001:00010130       ssGetZcSignalZcEvents      0000000180011130 f   untitled_sfun_registry.obj
 0001:000101a0       ssGetZcSignalName          00000001800111a0 f   untitled_sfun_registry.obj
 0001:00010210       ssGetZcSignalWidth         0000000180011210 f   untitled_sfun_registry.obj
 0001:00010280       ssGetZcSignalZcEventType   0000000180011280 f   untitled_sfun_registry.obj
 0001:000102f0       ssGetZcSignalType          00000001800112f0 f   untitled_sfun_registry.obj
 0001:00010360       ssGetZcSignalZcTol         0000000180011360 f   untitled_sfun_registry.obj
 0001:000103e0       ssGetZcSignalNeedsEventNotification 00000001800113e0 f   untitled_sfun_registry.obj
 0001:00010450       ssGetZcSignalIsZcElementDisc 0000000180011450 f   untitled_sfun_registry.obj
 0001:000104f0       ssGetIsInputPortElementContinuous 00000001800114f0 f   untitled_sfun_registry.obj
 0001:00010590       _ssGetInputPortSignalPtrsFcn 0000000180011590 f   untitled_sfun_registry.obj
 0001:00010850       _ssGetInputPortSignalFcn   0000000180011850 f   untitled_sfun_registry.obj
 0001:00010a70       _ssSetInputPortDirectFeedThroughFcn 0000000180011a70 f   untitled_sfun_registry.obj
 0001:00010bd0       _ssSetInputPortReusableFcn 0000000180011bd0 f   untitled_sfun_registry.obj
 0001:00010cc0       _ssSetOutputPortReusableFcn 0000000180011cc0 f   untitled_sfun_registry.obj
 0001:00010da0       ssGetDTypeIdFromMxArray    0000000180011da0 f   untitled_sfun_registry.obj
 0001:00010ec0       ssWriteRTWStr              0000000180011ec0 f   untitled_sfun_registry.obj
 0001:00010f20       ssWriteRTWMxVectParam      0000000180011f20 f   untitled_sfun_registry.obj
 0001:00010f80       ssWriteRTWMx2dMatParam     0000000180011f80 f   untitled_sfun_registry.obj
 0001:00011000       ssWriteRTWNameValuePair    0000000180012000 f   untitled_sfun_registry.obj
 0001:000114f0       ssWriteRTWParameters       00000001800124f0 f   untitled_sfun_registry.obj
 0001:00011af0       ssWriteRTWParamSettings    0000000180012af0 f   untitled_sfun_registry.obj
 0001:000121c0       ssWriteRTWWorkVect         00000001800131c0 f   untitled_sfun_registry.obj
 0001:000126c0       mexFunction                00000001800136c0 f   untitled_sfun_registry.obj
 0001:000143f0       ProcessMexSfunctionEveryCall 00000001800153f0 f   untitled_sfun_registry.obj
 0001:00014560       untitled_initializer       0000000180015560 f   untitled_sfun.obj
 0001:00014570       untitled_terminator        0000000180015570 f   untitled_sfun.obj
 0001:00014580       sf_untitled_method_dispatcher 0000000180015580 f   untitled_sfun.obj
 0001:00014630       sf_untitled_process_check_sum_call 0000000180015630 f   untitled_sfun.obj
 0001:00014a80       sf_untitled_autoinheritance_info 0000000180015a80 f   untitled_sfun.obj
 0001:00014ce0       sf_untitled_get_eml_resolved_functions_info 0000000180015ce0 f   untitled_sfun.obj
 0001:00014ed0       sf_untitled_third_party_uses_info 0000000180015ed0 f   untitled_sfun.obj
 0001:000150c0       untitled_debug_initialize  00000001800160c0 f   untitled_sfun.obj
 0001:00015140       untitled_register_exported_symbols 0000000180016140 f   untitled_sfun.obj
 0001:00015150       load_untitled_optimization_info 0000000180016150 f   untitled_sfun.obj
 0001:000151a0       unload_untitled_optimization_info 00000001800161a0 f   untitled_sfun.obj
 0001:000152c0       sf_mex_mx_is_numeric       00000001800162c0 f   sfc_mex:sfc_mex.obj
 0001:00015300       strcmp_ignore_ws           0000000180016300 f   sfc_mex:sfc_mex.obj
 0001:00015440       sf_mex_duplicatearraysafe  0000000180016440 f   sfc_mex:sfc_mex.obj
 0001:000155a0       sf_set_error_debugger_context_message_fcn 00000001800165a0 f   sfc_mex:sfc_mex.obj
 0001:000155b0       sf_set_debugger_matlab_error_fcn 00000001800165b0 f   sfc_mex:sfc_mex.obj
 0001:000155f0       sf_set_error_prefix_string 00000001800165f0 f   sfc_mex:sfc_mex.obj
 0001:00015620       sf_get_error_prefix_string 0000000180016620 f   sfc_mex:sfc_mex.obj
 0001:00015630       sf_mex_enter_parallel_region 0000000180016630 f   sfc_mex:sfc_mex.obj
 0001:00015640       sf_mex_exit_parallel_region 0000000180016640 f   sfc_mex:sfc_mex.obj
 0001:00015650       sf_get_current_jmp_buf_ptr 0000000180016650 f   sfc_mex:sfc_mex.obj
 0001:00015660       sf_set_current_jmp_buf_ptr 0000000180016660 f   sfc_mex:sfc_mex.obj
 0001:00015670       sf_mex_set_halt_simulation 0000000180016670 f   sfc_mex:sfc_mex.obj
 0001:00015680       sf_mex_get_halt_simulation 0000000180016680 f   sfc_mex:sfc_mex.obj
 0001:00015690       sf_mex_clear_error_message 0000000180016690 f   sfc_mex:sfc_mex.obj
 0001:000156b0       sf_mex_get_error_message_for_read 00000001800166b0 f   sfc_mex:sfc_mex.obj
 0001:000156c0       sf_mex_get_error_message_buffer_length 00000001800166c0 f   sfc_mex:sfc_mex.obj
 0001:000157a0       sf_mex_warning_message     00000001800167a0 f   sfc_mex:sfc_mex.obj
 0001:00015810       sf_mex_v_errbuf_createf    0000000180016810 f   sfc_mex:sfc_mex.obj
 0001:00015820       sf_mex_errbuf_createf      0000000180016820 f   sfc_mex:sfc_mex.obj
 0001:00015850       sf_mex_v_errbuf_catf       0000000180016850 f   sfc_mex:sfc_mex.obj
 0001:00015890       sf_mex_errbuf_catf         0000000180016890 f   sfc_mex:sfc_mex.obj
 0001:000158e0       sf_mex_errbuf_copy         00000001800168e0 f   sfc_mex:sfc_mex.obj
 0001:000158f0       sf_mex_errbuf_clear        00000001800168f0 f   sfc_mex:sfc_mex.obj
 0001:00015900       sf_mex_errbuf_isempty      0000000180016900 f   sfc_mex:sfc_mex.obj
 0001:00015a00       sf_mex_set_error_status    0000000180016a00 f   sfc_mex:sfc_mex.obj
 0001:00015a50       sf_mex_error_direct_call   0000000180016a50 f   sfc_mex:sfc_mex.obj
 0001:00015a70       sf_mex_error_message_no_long_jump 0000000180016a70 f   sfc_mex:sfc_mex.obj
 0001:00015a90       sf_mex_long_jump_on_error  0000000180016a90 f   sfc_mex:sfc_mex.obj
 0001:00015ac0       sf_mex_call_matlab         0000000180016ac0 f   sfc_mex:sfc_mex.obj
 0001:00015be0       sf_mex_check_builtin       0000000180016be0 f   sfc_mex:sfc_mex.obj
 0001:00015c80       sf_mex_check_builtin_vs    0000000180016c80 f   sfc_mex:sfc_mex.obj
 0001:00015d40       sf_mex_check_enum          0000000180016d40 f   sfc_mex:sfc_mex.obj
 0001:00015dc0       sf_mex_create_enum         0000000180016dc0 f   sfc_mex:sfc_mex.obj
 0001:00015e30       sf_mex_get_enum_element    0000000180016e30 f   sfc_mex:sfc_mex.obj
 0001:00015e40       sf_mex_createcellarray     0000000180016e40 f   sfc_mex:sfc_mex.obj
 0001:00015e50       sf_mex_setcell             0000000180016e50 f   sfc_mex:sfc_mex.obj
 0001:00015e60       sf_mex_getcell             0000000180016e60 f   sfc_mex:sfc_mex.obj
 0001:00015e70       sf_mex_dup                 0000000180016e70 f   sfc_mex:sfc_mex.obj
 0001:00015e90       sf_mex_assign              0000000180016e90 f   sfc_mex:sfc_mex.obj
 0001:00015f10       sf_mex_destroy             0000000180016f10 f   sfc_mex:sfc_mex.obj
 0001:00015f40       mx_array_has_fi_type       0000000180016f40 f   sfc_mex:sfc_mex.obj
 0001:00015f70       sf_mex_convert_from_fi     0000000180016f70 f   sfc_mex:sfc_mex.obj
 0001:000160a0       sf_mex_convert_to_double   00000001800170a0 f   sfc_mex:sfc_mex.obj
 0001:000161c0       sf_mex_import_fi_vs        00000001800171c0 f   sfc_mex:sfc_mex.obj
 0001:000163f0       sf_matrix_matrix_index_ok  00000001800173f0 f   sfc_mex:sfc_mex.obj
 0001:00016480       sf_vector_vector_index_ok  0000000180017480 f   sfc_mex:sfc_mex.obj
 0001:000164b0       ssGetCurrentInputPortDimensions_wrapper 00000001800174b0 f   sfc_mex:sfc_mex.obj
 0001:000164d0       ssGetCurrentOutputPortDimensions_wrapper 00000001800174d0 f   sfc_mex:sfc_mex.obj
 0001:000164f0       sf_mex_emlrt_context_is_debug_mode 00000001800174f0 f   sfc_mex:sfc_mex.obj
 0001:00016500       sf_mex_emlrt_context_set_debug_mode 0000000180017500 f   sfc_mex:sfc_mex.obj
 0001:00016510       sf_mex_emlrtNameCapturePostProcessR2012a 0000000180017510 f   sfc_mex:sfc_mex.obj
 0001:00016580       sf_clear_error_manager_info 0000000180017580 f   sfc_mex:sfc_mex.obj
 0001:000165e0       sf_mex_stop_simulation_abruptly_wo_error 00000001800175e0 f   sfc_mex:sfc_mex.obj
 0001:00016620       sf_mex_error_message       0000000180017620 f   sfc_mex:sfc_mex.obj
 0001:00016690       sf_react_to_error_in_matlab_call 0000000180017690 f   sfc_mex:sfc_mex.obj
 0001:000166c0       sf_mex_addfield            00000001800176c0 f   sfc_mex:sfc_mex.obj
 0001:00016760       sf_mex_getfield            0000000180017760 f   sfc_mex:sfc_mex.obj
 0001:00016a60       sf_mex_check_class         0000000180017a60 f   sfc_mex:sfc_mex.obj
 0001:00016b00       sf_mex_is_real             0000000180017b00 f   sfc_mex:sfc_mex.obj
 0001:00016f70       sf_mex_decode_encoded_mx_struct_array 0000000180017f70 f   sfc_mex:sfc_mex.obj
 0001:00017260       sf_mex_lw_bounds_check     0000000180018260 f   sfc_mex:sfc_mex.obj
 0001:00017290       sf_mex_lw_size_eq_check_1d 0000000180018290 f   sfc_mex:sfc_mex.obj
 0001:000172b0       sf_mex_lw_size_eq_check_nd 00000001800182b0 f   sfc_mex:sfc_mex.obj
 0001:00017490       sf_mex_lw_dim_size_eq_check 0000000180018490 f   sfc_mex:sfc_mex.obj
 0001:000174c0       sf_mex_lw_dim_size_geq_check 00000001800184c0 f   sfc_mex:sfc_mex.obj
 0001:000174f0       sf_mex_lw_sub_assign_size_check_nd 00000001800184f0 f   sfc_mex:sfc_mex.obj
 0001:000176c0       sf_mex_lw_runtime_error_msgid 00000001800186c0 f   sfc_mex:sfc_mex.obj
 0001:000177b0       sf_mex_lw_matrix_matrix_index_check 00000001800187b0 f   sfc_mex:sfc_mex.obj
 0001:000177d0       sf_mex_lw_vector_vector_index_check 00000001800187d0 f   sfc_mex:sfc_mex.obj
 0001:00017810       sf_mex_lw_for_loop_vector_check 0000000180018810 f   sfc_mex:sfc_mex.obj
 0001:000178a0       sf_mex_lw_non_negative_check 00000001800188a0 f   sfc_mex:sfc_mex.obj
 0001:000178e0       sf_mex_overflow_error      00000001800188e0 f   sfc_mex:sfc_mex.obj
 0001:000178f0       sf_mex_dividebyzero_error  00000001800188f0 f   sfc_mex:sfc_mex.obj
 0001:00017900       sf_mex_unsafe_enum_error   0000000180018900 f   sfc_mex:sfc_mex.obj
 0001:00017910       sf_emlrtErrHandler         0000000180018910 f   sfc_mex:sfc_mex.obj
 0001:000179f0       sf_mex_size_one_check      00000001800189f0 f   sfc_mex:sfc_mex.obj
 0001:00017a10       sf_mex_printf              0000000180018a10 f   sfc_mex:sfc_mex.obj
 0001:00017be0       sf_mex_check_size          0000000180018be0 f   sfc_mex:sfc_mex.obj
 0001:00017e80       sf_mex_check_struct        0000000180018e80 f   sfc_mex:sfc_mex.obj
 0001:000180e0       sf_mex_check_struct_vs     00000001800190e0 f   sfc_mex:sfc_mex.obj
 0001:00018170       sf_mex_check_fi            0000000180019170 f   sfc_mex:sfc_mex.obj
 0001:00018270       sf_mex_check_fi_vs         0000000180019270 f   sfc_mex:sfc_mex.obj
 0001:00018310       sf_echo_expression         0000000180019310 f   sfc_mex:sfc_mex.obj
 0001:00018370       sf_assertion_failed        0000000180019370 f   sfc_mex:sfc_mex.obj
 0001:00018650       sf_mex_evalin              0000000180019650 f   sfc_mex:sfc_mex.obj
 0001:000188c0       sf_mex_export              00000001800198c0 f   sfc_mex:sfc_mex.obj
 0001:00018980       sf_mex_get_ml_var_no_error 0000000180019980 f   sfc_mex:sfc_mex.obj
 0001:00018b20       sf_mex_get_ml_var          0000000180019b20 f   sfc_mex:sfc_mex.obj
 0001:00018fb0       ml_set_element_value_in_array 0000000180019fb0 f   sfc_mex:sfc_mex.obj
 0001:0001a070       sf_mex_call_impl           000000018001b070 f   sfc_mex:sfc_mex.obj
 0001:0001a490       sf_mex_call_debug          000000018001b490 f   sfc_mex:sfc_mex.obj
 0001:0001a4c0       sf_mex_call                000000018001b4c0 f   sfc_mex:sfc_mex.obj
 0001:0001ab10       sf_mex_createstruct        000000018001bb10 f   sfc_mex:sfc_mex.obj
 0001:0001ac20       sf_mex_createstructarray   000000018001bc20 f   sfc_mex:sfc_mex.obj
 0001:0001aca0       sf_mex_get_mx_datatype_from_sf_datatype 000000018001bca0 f   sfc_mex:sfc_mex.obj
 0001:0001afb0       sf_mex_ml_var_sub          000000018001bfb0 f   sfc_mex:sfc_mex.obj
 0001:0001b190       sf_mex_ml_var_subsasgn     000000018001c190 f   sfc_mex:sfc_mex.obj
 0001:0001b590       sf_mex_sub                 000000018001c590 f   sfc_mex:sfc_mex.obj
 0001:0001b7a0       sf_mex_subsasgn            000000018001c7a0 f   sfc_mex:sfc_mex.obj
 0001:0001bcb0       sf_mex_create              000000018001ccb0 f   sfc_mex:sfc_mex.obj
 0001:0001c650       sf_mex_import_named        000000018001d650 f   sfc_mex:sfc_mex.obj
 0001:0001c6b0       sf_mex_import              000000018001d6b0 f   sfc_mex:sfc_mex.obj
 0001:0001c700       sf_mex_import_vs           000000018001d700 f   sfc_mex:sfc_mex.obj
 0001:0001c810       sf_mex_lower_fixpt_mx_array 000000018001d810 f   sfc_mex:sfc_mex.obj
 0001:0001cb10       sf_send_message_wrapper    000000018001db10 f   sfc_mex:sfc_sf.obj
 0001:0001cb40       sf_receive_message_wrapper 000000018001db40 f   sfc_mex:sfc_sf.obj
 0001:0001cb80       sf_check_out_message_wrapper 000000018001db80 f   sfc_mex:sfc_sf.obj
 0001:0001cbc0       sf_check_in_message_wrapper 000000018001dbc0 f   sfc_mex:sfc_sf.obj
 0001:0001cc00       sf_no_message_wrapper      000000018001dc00 f   sfc_mex:sfc_sf.obj
 0001:0001cf90       sim_mode_is_rtw_gen        000000018001df90 f   sfc_mex:sfc_sf.obj
 0001:0001cfc0       sim_mode_is_external       000000018001dfc0 f   sfc_mex:sfc_sf.obj
 0001:0001cfd0       sim_mode_is_modelref_sim   000000018001dfd0 f   sfc_mex:sfc_sf.obj
 0001:0001cff0       mdlInitializeSizes         000000018001dff0 f   sfc_mex:sfc_sf.obj
 0001:0001d010       mdlInitializeSampleTimes   000000018001e010 f   sfc_mex:sfc_sf.obj
 0001:0001d050       mdlZeroCrossings           000000018001e050 f   sfc_mex:sfc_sf.obj
 0001:0001d140       mdlDerivatives             000000018001e140 f   sfc_mex:sfc_sf.obj
 0001:0001d200       mdl_initialize_conditions_processing 000000018001e200 f   sfc_mex:sfc_sf.obj
 0001:0001d230       mdlInitializeConditions    000000018001e230 f   sfc_mex:sfc_sf.obj
 0001:0001d2f0       mdlGetSimState             000000018001e2f0 f   sfc_mex:sfc_sf.obj
 0001:0001d300       mdlSetSimState             000000018001e300 f   sfc_mex:sfc_sf.obj
 0001:0001d310       mdl_ext_mode_exec_processing 000000018001e310 f   sfc_mex:sfc_sf.obj
 0001:0001d330       mdlExtModeExec             000000018001e330 f   sfc_mex:sfc_sf.obj
 0001:0001d4d0       mdlTerminate               000000018001e4d0 f   sfc_mex:sfc_sf.obj
 0001:0001d540       mdlRTW                     000000018001e540 f   sfc_mex:sfc_sf.obj
 0001:0001d570       mdlSetWorkWidths           000000018001e570 f   sfc_mex:sfc_sf.obj
 0001:0001d580       mdlProcessParameters       000000018001e580 f   sfc_mex:sfc_sf.obj
 0001:0001d590       mdl_start_processing       000000018001e590 f   sfc_mex:sfc_sf.obj
 0001:0001d5f0       mdlStart                   000000018001e5f0 f   sfc_mex:sfc_sf.obj
 0001:0001d700       mdlEnable                  000000018001e700 f   sfc_mex:sfc_sf.obj
 0001:0001d7e0       mdlDisable                 000000018001e7e0 f   sfc_mex:sfc_sf.obj
 0001:0001d8a0       sf_get_chart_instance_ptr  000000018001e8a0 f   sfc_mex:sfc_sf.obj
 0001:0001d8c0       sf_load_rtw_optimization_info 000000018001e8c0 f   sfc_mex:sfc_sf.obj
 0001:0001d990       sf_update_buildInfo        000000018001e990 f   sfc_mex:sfc_sf.obj
 0001:0001da90       sf_rtw_info_uint_prop      000000018001ea90 f   sfc_mex:sfc_sf.obj
 0001:0001dbd0       sf_is_chart_inlinable      000000018001ebd0 f   sfc_mex:sfc_sf.obj
 0001:0001dbf0       sf_mark_output_events_with_multiple_callers 000000018001ebf0 f   sfc_mex:sfc_sf.obj
 0001:0001dd80       sf_mark_chart_reusable_outputs 000000018001ed80 f   sfc_mex:sfc_sf.obj
 0001:0001dfe0       sf_mark_chart_expressionable_inputs 000000018001efe0 f   sfc_mex:sfc_sf.obj
 0001:0001e240       sf_get_subchart_simstruct  000000018001f240 f   sfc_mex:sfc_sf.obj
 0001:0001e290       sf_get_fixpt_data_type_id  000000018001f290 f   sfc_mex:sfc_sf.obj
 0001:0001e2d0       sf_get_enum_data_type_id   000000018001f2d0 f   sfc_mex:sfc_sf.obj
 0001:0001e310       sf_get_param_data_type_id  000000018001f310 f   sfc_mex:sfc_sf.obj
 0001:0001e340       sf_mex_listen_for_ctrl_c_force 000000018001f340 f   sfc_mex:sfc_sf.obj
 0001:0001e450       sf_mex_draw_now            000000018001f450 f   sfc_mex:sfc_sf.obj
 0001:0001e490       sf_mex_set_debugger_sim_status_listener_fcn 000000018001f490 f   sfc_mex:sfc_sf.obj
 0001:0001e4a0       sf_mex_listen_for_ctrl_c   000000018001f4a0 f   sfc_mex:sfc_sf.obj
 0001:0001e540       sf_mex_get_sfun_param      000000018001f540 f   sfc_mex:sfc_sf.obj
 0001:0001e590       sf_get_runtime_param_data  000000018001f590 f   sfc_mex:sfc_sf.obj
 0001:0001e5d0       sf_call_output_fcn_call    000000018001f5d0 f   sfc_mex:sfc_sf.obj
 0001:0001e710       sf_call_output_fcn_enable  000000018001f710 f   sfc_mex:sfc_sf.obj
 0001:0001e7a0       sf_call_output_fcn_disable 000000018001f7a0 f   sfc_mex:sfc_sf.obj
 0001:0001e830       sf_clear_rtw_identifier    000000018001f830 f   sfc_mex:sfc_sf.obj
 0001:0001f050       sf_set_encoded_dwork_info  0000000180020050 f   sfc_mex:sfc_sf.obj
 0001:0001f0a0       sf_get_dwork_info_from_mat_file 00000001800200a0 f   sfc_mex:sfc_sf.obj
 0001:0001f260       sf_set_rtw_dwork_info      0000000180020260 f   sfc_mex:sfc_sf.obj
 0001:0001f3d0       mdlOutputs                 00000001800203d0 f   sfc_mex:sfc_sf.obj
 0001:0001f4f0       sf_debug_chart_instance_initialized_quick 00000001800204f0 f   sfc_debug:sfcdebug.obj
 0001:0001f570       sf_debug_disp              0000000180020570 f   sfc_debug:sfcdebug.obj
 0001:0001f840       sf_debug_data_runtime_size_mismatch_error_check 0000000180020840 f   sfc_debug:sfcdebug.obj
 0001:0001f8f0       sf_debug_try_loading_machine 00000001800208f0 f   sfc_debug:sfcdebug.obj
 0001:0001f9f0       sf_debug_reset_current_state_configuration 00000001800209f0 f   sfc_debug:sfcdebug.obj
 0001:0001fa70       sf_debug_store_current_state_configuration 0000000180020a70 f   sfc_debug:sfcdebug.obj
 0001:0001faf0       sf_debug_restore_previous_state_configuration 0000000180020af0 f   sfc_debug:sfcdebug.obj
 0001:0001fb70       sf_debug_restore_previous_state_configuration2 0000000180020b70 f   sfc_debug:sfcdebug.obj
 0001:0001fbf0       sf_debug_get_event_scope   0000000180020bf0 f   sfc_debug:sfcdebug.obj
 0001:0001fd60       use_debugger_step_animation 0000000180020d60 f   sfc_debug:sfcdebug.obj
 0001:0001fd80       sf_debug_get_script_id     0000000180020d80 f   sfc_debug:sfcdebug.obj
 0001:0001fe10       sf_debug_set_script_translation 0000000180020e10 f   sfc_debug:sfcdebug.obj
 0001:0001ff90       sf_debug_extract_message_post_receive_info 0000000180020f90 f   sfc_debug:sfcdebug.obj
 0001:00020150       sf_debug_get_current_machine_id 0000000180021150 f   sfc_debug:sfcdebug.obj
 0001:00020170       sf_debug_get_current_optional_integer 0000000180021170 f   sfc_debug:sfcdebug.obj
 0001:00020180       sf_debug_get_current_machine_number 0000000180021180 f   sfc_debug:sfcdebug.obj
 0001:000201a0       sf_debug_get_current_machine_name 00000001800211a0 f   sfc_debug:sfcdebug.obj
 0001:000201c0       sf_debug_get_current_chart_id 00000001800211c0 f   sfc_debug:sfcdebug.obj
 0001:00020200       sf_debug_get_current_chart_number 0000000180021200 f   sfc_debug:sfcdebug.obj
 0001:00020210       sf_debug_get_current_instance_number 0000000180021210 f   sfc_debug:sfcdebug.obj
 0001:00020220       sf_debug_get_current_is_minor_time_step 0000000180021220 f   sfc_debug:sfcdebug.obj
 0001:000202a0       sf_debug_get_current_object_type 00000001800212a0 f   sfc_debug:sfcdebug.obj
 0001:000202b0       sf_debug_get_current_instance_handle 00000001800212b0 f   sfc_debug:sfcdebug.obj
 0001:00020310       sf_debug_get_current_event_type 0000000180021310 f   sfc_debug:sfcdebug.obj
 0001:00020320       sf_debug_get_current_object_id 0000000180021320 f   sfc_debug:sfcdebug.obj
 0001:00020360       sf_debug_get_current_active_event_type 0000000180021360 f   sfc_debug:sfcdebug.obj
 0001:00020370       sf_debug_get_current_active_event_id 0000000180021370 f   sfc_debug:sfcdebug.obj
 0001:000203b0       sf_debug_get_current_tag_type 00000001800213b0 f   sfc_debug:sfcdebug.obj
 0001:000203c0       sf_debug_get_current_simulation_time 00000001800213c0 f   sfc_debug:sfcdebug.obj
 0001:000203d0       sf_debug_get_current_coverage_percentage 00000001800213d0 f   sfc_debug:sfcdebug.obj
 0001:000203e0       sf_debug_current_statement_context 00000001800213e0 f   sfc_debug:sfcdebug.obj
 0001:00020460       sf_debug_get_current_statement_info 0000000180021460 f   sfc_debug:sfcdebug.obj
 0001:00020600       sf_debug_terminate_instance 0000000180021600 f   sfc_debug:sfcdebug.obj
 0001:00020920       sf_debug_assertion_failed  0000000180021920 f   sfc_debug:sfcdebug.obj
 0001:00020af0       sf_debug_create_debug_instance_struct 0000000180021af0 f   sfc_debug:sfcdebug.obj
 0001:00020b40       sf_debug_set_number_of_data_with_change_event_for_machine 0000000180021b40 f   sfc_debug:sfcdebug.obj
 0001:00020b90       sf_debug_set_machine_event_thresholds 0000000180021b90 f   sfc_debug:sfcdebug.obj
 0001:00020bb0       sf_debug_set_machine_event_scope 0000000180021bb0 f   sfc_debug:sfcdebug.obj
 0001:00020c00       sf_debug_set_machine_data_thresholds 0000000180021c00 f   sfc_debug:sfcdebug.obj
 0001:00020c50       sf_debug_set_machine_data_scope 0000000180021c50 f   sfc_debug:sfcdebug.obj
 0001:00020cf0       sf_debug_set_machine_data_name 0000000180021cf0 f   sfc_debug:sfcdebug.obj
 0001:00020da0       sf_debug_set_machine_data_size 0000000180021da0 f   sfc_debug:sfcdebug.obj
 0001:00020ef0       sf_debug_set_machine_data_type 0000000180021ef0 f   sfc_debug:sfcdebug.obj
 0001:00021060       sf_debug_get_chart_data_number 0000000180022060 f   sfc_debug:sfcdebug.obj
 0001:00021080       sf_debug_get_chart_event_number 0000000180022080 f   sfc_debug:sfcdebug.obj
 0001:000210a0       sf_debug_set_chart_state_info 00000001800220a0 f   sfc_debug:sfcdebug.obj
 0001:00021130       sf_debug_set_chart_decomposition 0000000180022130 f   sfc_debug:sfcdebug.obj
 0001:000211a0       sf_debug_set_chart_substate_count 00000001800221a0 f   sfc_debug:sfcdebug.obj
 0001:00021280       sf_debug_set_chart_substate_index 0000000180022280 f   sfc_debug:sfcdebug.obj
 0001:00021300       sf_debug_set_chart_state_substate_count 0000000180022300 f   sfc_debug:sfcdebug.obj
 0001:00021420       sf_debug_set_chart_state_substate_index 0000000180022420 f   sfc_debug:sfcdebug.obj
 0001:000214b0       sf_debug_set_number_of_data_with_change_event_for_chart 00000001800224b0 f   sfc_debug:sfcdebug.obj
 0001:00021540       sf_debug_set_number_of_states_with_entry_event_for_chart 0000000180022540 f   sfc_debug:sfcdebug.obj
 0001:000215c0       sf_debug_set_number_of_states_with_exit_event_for_chart 00000001800225c0 f   sfc_debug:sfcdebug.obj
 0001:00021640       sf_debug_set_chart_disable_implicit_casting 0000000180022640 f   sfc_debug:sfcdebug.obj
 0001:000216b0       sf_debug_set_chart_event_thresholds 00000001800226b0 f   sfc_debug:sfcdebug.obj
 0001:00021730       sf_debug_set_chart_data_compiled_props 0000000180022730 f   sfc_debug:sfcdebug.obj
 0001:00021a70       sf_debug_set_chart_data_props 0000000180022a70 f   sfc_debug:sfcdebug.obj
 0001:00021d90       sf_debug_check_fi_license  0000000180022d90 f   sfc_debug:sfcdebug.obj
 0001:00021f50       sf_debug_symbol_scope_push 0000000180022f50 f   sfc_debug:sfcdebug.obj
 0001:00021f90       sf_debug_symbol_scope_push_eml 0000000180022f90 f   sfc_debug:sfcdebug.obj
 0001:00021fe0       sf_debug_symbol_scope_pop  0000000180022fe0 f   sfc_debug:sfcdebug.obj
 0001:00022020       sf_debug_symbol_scope_add_importable 0000000180023020 f   sfc_debug:sfcdebug.obj
 0001:000220a0       sf_debug_symbol_scope_add  00000001800230a0 f   sfc_debug:sfcdebug.obj
 0001:00022120       sf_debug_symbol_scope_add_dyn_importable 0000000180023120 f   sfc_debug:sfcdebug.obj
 0001:000221e0       sf_debug_symbol_scope_add_dyn 00000001800231e0 f   sfc_debug:sfcdebug.obj
 0001:00022220       sf_debug_symbol_scope_add_eml_importable 0000000180023220 f   sfc_debug:sfcdebug.obj
 0001:00022260       sf_debug_symbol_scope_add_eml 0000000180023260 f   sfc_debug:sfcdebug.obj
 0001:000222a0       sf_debug_symbol_scope_add_eml_dyn_importable 00000001800232a0 f   sfc_debug:sfcdebug.obj
 0001:00022300       sf_debug_symbol_scope_add_eml_dyn 0000000180023300 f   sfc_debug:sfcdebug.obj
 0001:00022360       sf_debug_symbol_switch     0000000180023360 f   sfc_debug:sfcdebug.obj
 0001:00022380       sf_debug_symbol_scope_add_verbose 0000000180023380 f   sfc_debug:sfcdebug.obj
 0001:00022450       sf_debug_set_machine_data_value_ptr 0000000180023450 f   sfc_debug:sfcdebug.obj
 0001:00022490       sf_debug_set_instance_data_value_ptr 0000000180023490 f   sfc_debug:sfcdebug.obj
 0001:00022560       sf_debug_unset_instance_data_value_ptr 0000000180023560 f   sfc_debug:sfcdebug.obj
 0001:00022610       sf_debug_set_chart_event_scope 0000000180023610 f   sfc_debug:sfcdebug.obj
 0001:00022690       sf_debug_set_chart_transition_coverage_maps 0000000180023690 f   sfc_debug:sfcdebug.obj
 0001:00022790       sf_debug_set_chart_state_coverage_maps 0000000180023790 f   sfc_debug:sfcdebug.obj
 0001:00022860       sf_debug_set_instance_transition_coverage_weights 0000000180023860 f   sfc_debug:sfcdebug.obj
 0001:000228f0       sf_debug_set_instance_state_coverage_weights 00000001800238f0 f   sfc_debug:sfcdebug.obj
 0001:00022b40       sf_debug_unload_machine    0000000180023b40 f   sfc_debug:sfcdebug.obj
 0001:00022b90       sf_debug_load_machine      0000000180023b90 f   sfc_debug:sfcdebug.obj
 0001:00022ca0       sf_debug_set_active_instance_in_data_dictionary 0000000180023ca0 f   sfc_debug:sfcdebug.obj
 0001:00022e80       sf_debug_set_active_instance 0000000180023e80 f   sfc_debug:sfcdebug.obj
 0001:00022fe0       sf_debug_chart_visiblity_change 0000000180023fe0 f   sfc_debug:sfcdebug.obj
 0001:000230d0       sf_debug_select_chart      00000001800240d0 f   sfc_debug:sfcdebug.obj
 0001:00023230       sf_debug_set_instance_cv_ids 0000000180024230 f   sfc_debug:sfcdebug.obj
 0001:00023560       sf_debug_select_charts     0000000180024560 f   sfc_debug:sfcdebug.obj
 0001:00023710       sf_debug_initialized       0000000180024710 f   sfc_debug:sfcdebug.obj
 0001:00023730       sf_debug_is_uninterruptible 0000000180024730 f   sfc_debug:sfcdebug.obj
 0001:00023760       sf_debug_initialize_debugger_gui 0000000180024760 f   sfc_debug:sfcdebug.obj
 0001:00023b40       sf_debug_resume            0000000180024b40 f   sfc_debug:sfcdebug.obj
 0001:00023b60       sf_debug_go                0000000180024b60 f   sfc_debug:sfcdebug.obj
 0001:00023b70       sf_debug_break             0000000180024b70 f   sfc_debug:sfcdebug.obj
 0001:00023b80       sf_debug_step_over         0000000180024b80 f   sfc_debug:sfcdebug.obj
 0001:00023b90       sf_debug_step_out          0000000180024b90 f   sfc_debug:sfcdebug.obj
 0001:00023ba0       sf_debug_set_disable_all_breakpoints 0000000180024ba0 f   sfc_debug:sfcdebug.obj
 0001:00023bb0       sf_debug_disable_all_breakpoints_and_go 0000000180024bb0 f   sfc_debug:sfcdebug.obj
 0001:00023bc0       sf_debug_break_on_chart_entry 0000000180024bc0 f   sfc_debug:sfcdebug.obj
 0001:00023bd0       sf_debug_break_on_event_broadcast 0000000180024bd0 f   sfc_debug:sfcdebug.obj
 0001:00023be0       sf_debug_break_on_state_entry 0000000180024be0 f   sfc_debug:sfcdebug.obj
 0001:00023bf0       sf_debug_break_between_times 0000000180024bf0 f   sfc_debug:sfcdebug.obj
 0001:00023c10       sf_debug_browse_data       0000000180024c10 f   sfc_debug:sfcdebug.obj
 0001:00023c20       sf_debug_watch_data        0000000180024c20 f   sfc_debug:sfcdebug.obj
 0001:00023c50       sf_debug_assign_data       0000000180024c50 f   sfc_debug:sfcdebug.obj
 0001:00023c60       sf_debug_whos              0000000180024c60 f   sfc_debug:sfcdebug.obj
 0001:00023c80       sf_debug_get_consistency_info 0000000180024c80 f   sfc_debug:sfcdebug.obj
 0001:00023c90       sf_debug_browse_trace      0000000180024c90 f   sfc_debug:sfcdebug.obj
 0001:00023ca0       sf_debug_set_breakpoints   0000000180024ca0 f   sfc_debug:sfcdebug.obj
 0001:00023e10       sf_debug_set_eml_breakpoints 0000000180024e10 f   sfc_debug:sfcdebug.obj
 0001:00023f70       sf_debug_set_script_breakpoints 0000000180024f70 f   sfc_debug:sfcdebug.obj
 0001:00023ff0       sf_debug_add_script_breakpoints 0000000180024ff0 f   sfc_debug:sfcdebug.obj
 0001:00024060       sf_debug_clear_script_breakpoints 0000000180025060 f   sfc_debug:sfcdebug.obj
 0001:000240d0       sf_debug_query_script_breakpoints 00000001800250d0 f   sfc_debug:sfcdebug.obj
 0001:00024180       sf_debug_get_eml_script_id 0000000180025180 f   sfc_debug:sfcdebug.obj
 0001:000241d0       sf_debug_set_watch         00000001800251d0 f   sfc_debug:sfcdebug.obj
 0001:000243f0       sf_debug_get_instance_handle 00000001800253f0 f   sfc_debug:sfcdebug.obj
 0001:00024480       sf_debug_get_active_states 0000000180025480 f   sfc_debug:sfcdebug.obj
 0001:00024490       sf_debug_set_honor_breakpoints 0000000180025490 f   sfc_debug:sfcdebug.obj
 0001:000244a0       sf_debug_get_animation     00000001800254a0 f   sfc_debug:sfcdebug.obj
 0001:000244b0       sf_debug_set_animation     00000001800254b0 f   sfc_debug:sfcdebug.obj
 0001:000244c0       sf_debug_animate           00000001800254c0 f   sfc_debug:sfcdebug.obj
 0001:000244e0       sf_debug_cycle_detection_check 00000001800254e0 f   sfc_debug:sfcdebug.obj
 0001:000244f0       sf_debug_data_range_check  00000001800254f0 f   sfc_debug:sfcdebug.obj
 0001:00024500       sf_debug_transition_conflict_check 0000000180025500 f   sfc_debug:sfcdebug.obj
 0001:00024510       sf_debug_state_consistency_check 0000000180025510 f   sfc_debug:sfcdebug.obj
 0001:00024520       sf_debug_data_range_check_enabled 0000000180025520 f   sfc_debug:sfcdebug.obj
 0001:00024540       sf_debug_transition_conflict_check_enabled 0000000180025540 f   sfc_debug:sfcdebug.obj
 0001:00024560       sf_debug_transition_conflict_check_begin 0000000180025560 f   sfc_debug:sfcdebug.obj
 0001:00024580       sf_debug_transition_conflict_check_end 0000000180025580 f   sfc_debug:sfcdebug.obj
 0001:000245a0       sf_debug_stop_debugging    00000001800255a0 f   sfc_debug:sfcdebug.obj
 0001:000245d0       sf_debug_is_cycle_detected 00000001800255d0 f   sfc_debug:sfcdebug.obj
 0001:000245e0       sf_debug_is_array_bounds_detected 00000001800255e0 f   sfc_debug:sfcdebug.obj
 0001:000245f0       sf_debug_get_state_vectors_data_size 00000001800255f0 f   sfc_debug:sfcdebug.obj
 0001:00024630       sf_debug_get_state_vectors_data 0000000180025630 f   sfc_debug:sfcdebug.obj
 0001:00024740       sf_debug_set_state_vectors_data 0000000180025740 f   sfc_debug:sfcdebug.obj
 0001:000249d0       sf_debug_get_script_index  00000001800259d0 f   sfc_debug:sfcdebug.obj
 0001:00024b60       sf_debug_add_script        0000000180025b60 f   sfc_debug:sfcdebug.obj
 0001:00024cf0       cv_eval_point              0000000180025cf0 f   sfc_debug:sfcdebug.obj
 0001:00024e60       cv_eval_testobjective      0000000180025e60 f   sfc_debug:sfcdebug.obj
 0001:00024f70       sf_debug_cv_init_state     0000000180025f70 f   sfc_debug:sfcdebug.obj
 0001:000250a0       sf_debug_cv_init_chart     00000001800260a0 f   sfc_debug:sfcdebug.obj
 0001:00025190       sf_debug_cv_init_trans     0000000180026190 f   sfc_debug:sfcdebug.obj
 0001:000252a0       sf_debug_cv_init_saturation 00000001800262a0 f   sfc_debug:sfcdebug.obj
 0001:000253a0       sf_debug_cv_init_testobjectives 00000001800263a0 f   sfc_debug:sfcdebug.obj
 0001:00025580       cv_eml_init_script         0000000180026580 f   sfc_debug:sfcdebug.obj
 0001:000256a0       cv_eml_init_fcn            00000001800266a0 f   sfc_debug:sfcdebug.obj
 0001:000257b0       cv_eml_init_testobjective  00000001800267b0 f   sfc_debug:sfcdebug.obj
 0001:00025890       cv_eml_init_saturation     0000000180026890 f   sfc_debug:sfcdebug.obj
 0001:00025960       cv_eml_init_if             0000000180026960 f   sfc_debug:sfcdebug.obj
 0001:00025a40       cv_eml_init_for            0000000180026a40 f   sfc_debug:sfcdebug.obj
 0001:00025b10       cv_eml_init_while          0000000180026b10 f   sfc_debug:sfcdebug.obj
 0001:00025be0       cv_eml_init_mcdc           0000000180026be0 f   sfc_debug:sfcdebug.obj
 0001:00025d00       cv_eml_init_switch         0000000180026d00 f   sfc_debug:sfcdebug.obj
 0001:00025e00       cv_eml_eval                0000000180026e00 f   sfc_debug:sfcdebug.obj
 0001:00025ef0       sf_debug_bm_is_a_eml_breakpoint 0000000180026ef0 f   sfc_debug:sfcdebug.obj
 0001:00026040       sf_debug_temporal_threshold 0000000180027040 f   sfc_debug:sfcdebug.obj
 0001:000263b0       sf_debug_transition_conflict_error 00000001800273b0 f   sfc_debug:sfcdebug.obj
 0001:00026710       sf_debug_state_inconsistency_error 0000000180027710 f   sfc_debug:sfcdebug.obj
 0001:00026830       sf_debug_check_for_state_inconsistency 0000000180027830 f   sfc_debug:sfcdebug.obj
 0001:00026870       sf_debug_cycle_detecton_error 0000000180027870 f   sfc_debug:sfcdebug.obj
 0001:00026fc0       sf_debug_size_eq_check_1d  0000000180027fc0 f   sfc_debug:sfcdebug.obj
 0001:00026fe0       sf_debug_size_eq_check_nd  0000000180027fe0 f   sfc_debug:sfcdebug.obj
 0001:000271e0       sf_debug_dim_size_eq_check 00000001800281e0 f   sfc_debug:sfcdebug.obj
 0001:00027210       sf_debug_dim_size_geq_check 0000000180028210 f   sfc_debug:sfcdebug.obj
 0001:00027240       sf_debug_sub_assign_size_check_nd 0000000180028240 f   sfc_debug:sfcdebug.obj
 0001:00027420       sf_debug_matrix_matrix_index_check 0000000180028420 f   sfc_debug:sfcdebug.obj
 0001:00027470       sf_debug_vector_vector_index_check 0000000180028470 f   sfc_debug:sfcdebug.obj
 0001:000274c0       sf_debug_for_loop_vector_check 00000001800284c0 f   sfc_debug:sfcdebug.obj
 0001:00027560       sf_debug_runtime_error_msgid 0000000180028560 f   sfc_debug:sfcdebug.obj
 0001:00027600       sf_debug_data_array_bounds_error_check 0000000180028600 f   sfc_debug:sfcdebug.obj
 0001:00027710       sf_debug_eml_data_array_bounds_error_check 0000000180028710 f   sfc_debug:sfcdebug.obj
 0001:00027bd0       sf_debug_integer_check     0000000180028bd0 f   sfc_debug:sfcdebug.obj
 0001:00027cc0       sf_debug_not_nan_check     0000000180028cc0 f   sfc_debug:sfcdebug.obj
 0001:00027d90       sf_debug_non_negative_check 0000000180028d90 f   sfc_debug:sfcdebug.obj
 0001:00027e60       sf_debug_overflow_detection 0000000180028e60 f   sfc_debug:sfcdebug.obj
 0001:000284c0       sf_debug_cast_to_real32_T  00000001800294c0 f   sfc_debug:sfcdebug.obj
 0001:00028590       sf_debug_cast_to_int8_T    0000000180029590 f   sfc_debug:sfcdebug.obj
 0001:00028660       sf_debug_cast_to_uint8_T   0000000180029660 f   sfc_debug:sfcdebug.obj
 0001:00028730       sf_debug_cast_to_int16_T   0000000180029730 f   sfc_debug:sfcdebug.obj
 0001:00028800       sf_debug_cast_to_uint16_T  0000000180029800 f   sfc_debug:sfcdebug.obj
 0001:000288d0       sf_debug_cast_to_int32_T   00000001800298d0 f   sfc_debug:sfcdebug.obj
 0001:000289a0       sf_debug_cast_to_uint32_T  00000001800299a0 f   sfc_debug:sfcdebug.obj
 0001:00028a70       sf_debug_data_range_error  0000000180029a70 f   sfc_debug:sfcdebug.obj
 0001:00028d80       sf_debug_read_before_write_check 0000000180029d80 f   sfc_debug:sfcdebug.obj
 0001:000291b0       sf_debug_data_range_error_wrapper_min_max 000000018002a1b0 f   sfc_debug:sfcdebug.obj
 0001:000292d0       sf_debug_data_range_error_wrapper_min 000000018002a2d0 f   sfc_debug:sfcdebug.obj
 0001:000293e0       sf_debug_data_range_error_wrapper_max 000000018002a3e0 f   sfc_debug:sfcdebug.obj
 0001:000294f0       sf_debug_data_range_wrapper 000000018002a4f0 f   sfc_debug:sfcdebug.obj
 0001:000295b0       sf_debug_set_current_status_info 000000018002a5b0 f   sfc_debug:sfcdebug.obj
 0001:00029950       sf_debug_register_message_post_receive_info 000000018002a950 f   sfc_debug:sfcdebug.obj
 0001:00029ba0       sf_debug_call              000000018002aba0 f   sfc_debug:sfcdebug.obj
 0001:0002a500       sf_debug_initialize_machine 000000018002b500 f   sfc_debug:sfcdebug.obj
 0001:0002a7b0       sf_debug_initialize_chart  000000018002b7b0 f   sfc_debug:sfcdebug.obj
 0001:0002ac00       sf_debug_ensure_script     000000018002bc00 f   sfc_debug:sfcdebug.obj
 0001:0002acb0       cv_eval_saturation         000000018002bcb0 f   sfc_debug:sfcdebug.obj
 0001:0002ae30       cv_saturation_accum        000000018002be30 f   sfc_debug:sfcdebug.obj
 0001:0002af70       cv_script_init_script      000000018002bf70 f   sfc_debug:sfcdebug.obj
 0001:0002b060       cv_script_init_fcn         000000018002c060 f   sfc_debug:sfcdebug.obj
 0001:0002b120       cv_script_init_testobjective 000000018002c120 f   sfc_debug:sfcdebug.obj
 0001:0002b1e0       cv_script_init_saturation  000000018002c1e0 f   sfc_debug:sfcdebug.obj
 0001:0002b290       cv_script_init_if          000000018002c290 f   sfc_debug:sfcdebug.obj
 0001:0002b350       cv_script_init_for         000000018002c350 f   sfc_debug:sfcdebug.obj
 0001:0002b400       cv_script_init_while       000000018002c400 f   sfc_debug:sfcdebug.obj
 0001:0002b4b0       cv_script_init_mcdc        000000018002c4b0 f   sfc_debug:sfcdebug.obj
 0001:0002b5b0       cv_script_init_switch      000000018002c5b0 f   sfc_debug:sfcdebug.obj
 0001:0002b690       cv_script_eval             000000018002c690 f   sfc_debug:sfcdebug.obj
 0001:0002b760       eml_debug_line_call        000000018002c760 f   sfc_debug:sfcdebug.obj
 0001:0002b930       sf_debug_terminate         000000018002c930 f   sfc_debug:sfcdebug.obj
 0001:0002bb40       sf_debug_set_script_cv_ids 000000018002cb40 f   sfc_debug:sfcdebug.obj
 0001:0002bc70       sf_debug_api               000000018002cc70 f   sfc_debug:sfc_api.obj
 0001:0002d560       sf_debug_sm_terminate      000000018002e560 f   sfc_debug:sfdb_animation.obj
 0001:0002d710       sf_debug_reset_path_objects 000000018002e710 f   sfc_debug:sfdb_animation.obj
 0001:0002d790       sf_debug_sm_reset_object_selection_status 000000018002e790 f   sfc_debug:sfdb_animation.obj
 0001:0002d830       sf_debug_sm_reset_state_buffer 000000018002e830 f   sfc_debug:sfdb_animation.obj
 0001:0002d900       sf_debug_sm_store_state_buffer 000000018002e900 f   sfc_debug:sfdb_animation.obj
 0001:0002d980       sf_debug_sm_restore_state_buffer1 000000018002e980 f   sfc_debug:sfdb_animation.obj
 0001:0002d9f0       sf_debug_sm_restore_state_buffer2 000000018002e9f0 f   sfc_debug:sfdb_animation.obj
 0001:0002da60       sf_debug_sm_chart_active   000000018002ea60 f   sfc_debug:sfdb_animation.obj
 0001:0002dab0       sf_debug_sm_select_active_objects 000000018002eab0 f   sfc_debug:sfdb_animation.obj
 0001:0002df80       sf_debug_sm_is_chart_active 000000018002ef80 f   sfc_debug:sfdb_animation.obj
 0001:0002dfc0       sf_debug_sm_is_state_active 000000018002efc0 f   sfc_debug:sfdb_animation.obj
 0001:0002e200       sf_debug_sm_get_active_states 000000018002f200 f   sfc_debug:sfdb_animation.obj
 0001:0002e7b0       sf_debug_sm_initialize_instance 000000018002f7b0 f   sfc_debug:sfdb_animation.obj
 0001:0002e9c0       sf_debug_sm_change_object_selection_status 000000018002f9c0 f   sfc_debug:sfdb_animation.obj
 0001:0002ec90       cv_create_interface        000000018002fc90 f   sfc_debug:cv_sfinterface.obj
 0001:0002efa0       cv_init_trans              000000018002ffa0 f   sfc_debug:cv_sfinterface.obj
 0001:0002eff0       cv_init_saturation         000000018002fff0 f   sfc_debug:cv_sfinterface.obj
 0001:0002f030       cv_init_testobjective      0000000180030030 f   sfc_debug:cv_sfinterface.obj
 0001:0002f070       cv_init_state              0000000180030070 f   sfc_debug:cv_sfinterface.obj
 0001:0002f0e0       cv_init_chart              00000001800300e0 f   sfc_debug:cv_sfinterface.obj
 0001:0002f130       cv_dec_update_call         0000000180030130 f   sfc_debug:cv_sfinterface.obj
 0001:0002f170       cv_cond_update_call        0000000180030170 f   sfc_debug:cv_sfinterface.obj
 0001:0002f1b0       cv_saturation_update_call  00000001800301b0 f   sfc_debug:cv_sfinterface.obj
 0001:0002f1f0       cv_saturation_update_accum 00000001800301f0 f   sfc_debug:cv_sfinterface.obj
 0001:0002f230       cv_testobjective_update_call 0000000180030230 f   sfc_debug:cv_sfinterface.obj
 0001:0002f270       cv_sigrange_update         0000000180030270 f   sfc_debug:cv_sfinterface.obj
 0001:0002f2b0       cvsf_eml_eval              00000001800302b0 f   sfc_debug:cv_sfinterface.obj
 0001:0002f390       cvsf_eml_init_script       0000000180030390 f   sfc_debug:cv_sfinterface.obj
 0001:0002f420       cvsf_eml_init_fcn          0000000180030420 f   sfc_debug:cv_sfinterface.obj
 0001:0002f480       cvsf_eml_init_testobjective 0000000180030480 f   sfc_debug:cv_sfinterface.obj
 0001:0002f4e0       cvsf_eml_init_saturation   00000001800304e0 f   sfc_debug:cv_sfinterface.obj
 0001:0002f530       cvsf_eml_init_if           0000000180030530 f   sfc_debug:cv_sfinterface.obj
 0001:0002f590       cvsf_eml_init_for          0000000180030590 f   sfc_debug:cv_sfinterface.obj
 0001:0002f5e0       cvsf_eml_init_while        00000001800305e0 f   sfc_debug:cv_sfinterface.obj
 0001:0002f630       cvsf_eml_init_mcdc         0000000180030630 f   sfc_debug:cv_sfinterface.obj
 0001:0002f6c0       cvsf_eml_init_switch       00000001800306c0 f   sfc_debug:cv_sfinterface.obj
 0001:0002f730       cvsf_script_eval           0000000180030730 f   sfc_debug:cv_sfinterface.obj
 0001:0002f810       cvsf_script_init_script    0000000180030810 f   sfc_debug:cv_sfinterface.obj
 0001:0002f8a0       cvsf_script_init_fcn       00000001800308a0 f   sfc_debug:cv_sfinterface.obj
 0001:0002f900       cvsf_script_init_testobjective 0000000180030900 f   sfc_debug:cv_sfinterface.obj
 0001:0002f960       cvsf_script_init_saturation 0000000180030960 f   sfc_debug:cv_sfinterface.obj
 0001:0002f9b0       cvsf_script_init_if        00000001800309b0 f   sfc_debug:cv_sfinterface.obj
 0001:0002fa10       cvsf_script_init_for       0000000180030a10 f   sfc_debug:cv_sfinterface.obj
 0001:0002fa60       cvsf_script_init_while     0000000180030a60 f   sfc_debug:cv_sfinterface.obj
 0001:0002fab0       cvsf_script_init_mcdc      0000000180030ab0 f   sfc_debug:cv_sfinterface.obj
 0001:0002fb40       cvsf_script_init_switch    0000000180030b40 f   sfc_debug:cv_sfinterface.obj
 0001:0002fbb0       cv_destroy_interface       0000000180030bb0 f   sfc_debug:cv_sfinterface.obj
 0001:0002fbd0       cv_create_instance_objects 0000000180030bd0 f   sfc_debug:cv_sfinterface.obj
 0001:00030040       cv_is_enabled              0000000180031040 f   sfc_debug:cv_sfinterface.obj
 0001:00030050       sf_debug_cv_initialize_script 0000000180031050 f   sfc_debug:cv_sfinterface.obj
 0001:000301e0       sf_debug_cv_initialize_instance 00000001800311e0 f   sfc_debug:cv_sfinterface.obj
 0001:00030570       sf_debug_cv_terminate_chart 0000000180031570 f   sfc_debug:cv_sfinterface.obj
 0001:00030690       cv_call_trans_test         0000000180031690 f   sfc_debug:cv_sfinterface.obj
 0001:000306a0       cv_call_sub_cond_test      00000001800316a0 f   sfc_debug:cv_sfinterface.obj
 0001:000306e0       sf_debug_st_initialize_machine 00000001800316e0 f   sfc_debug:sfdb_data_browse.obj
 0001:00030790       sf_debug_st_initialize_instance 0000000180031790 f   sfc_debug:sfdb_data_browse.obj
 0001:000309a0       sf_debug_st_terminate      00000001800319a0 f   sfc_debug:sfdb_data_browse.obj
 0001:00030d40       sf_debug_st_set_data_value_ptr_in_machine 0000000180031d40 f   sfc_debug:sfdb_data_browse.obj
 0001:00030dd0       sf_debug_st_set_data_value_ptr_in_instance 0000000180031dd0 f   sfc_debug:sfdb_data_browse.obj
 0001:00030eb0       sf_debug_st_unset_data_value_ptr_in_machine 0000000180031eb0 f   sfc_debug:sfdb_data_browse.obj
 0001:00030f20       sf_debug_st_unset_data_value_ptr_in_instance 0000000180031f20 f   sfc_debug:sfdb_data_browse.obj
 0001:000311e0       sf_debug_mx_value          00000001800321e0 f   sfc_debug:sfdb_data_browse.obj
 0001:00031240       sf_debug_mx_packed_vector  0000000180032240 f   sfc_debug:sfdb_data_browse.obj
 0001:00031320       sf_debug_mx_uint_vector    0000000180032320 f   sfc_debug:sfdb_data_browse.obj
 0001:000313d0       sf_debug_st_get_double_value_from_void_ptr_vector 00000001800323d0 f   sfc_debug:sfdb_data_browse.obj
 0001:00031eb0       sf_debug_st_browse_data    0000000180032eb0 f   sfc_debug:sfdb_data_browse.obj
 0001:000326f0       sf_debug_hm_initialize_instance 00000001800336f0 f   sfc_debug:sfdb_handle_management.obj
 0001:00032bd0       sf_debug_hm_get_object_id  0000000180033bd0 f   sfc_debug:sfdb_handle_management.obj
 0001:00033780       sf_debug_hm_update_chart_visibility 0000000180034780 f   sfc_debug:sfdb_handle_management.obj
 0001:00034970       sf_debug_object_is_eml_function 0000000180035970 f   sfc_debug:sfdb_handle_management.obj
 0001:000349e0       sf_debug_hm_initialize_ids_in_machine 00000001800359e0 f   sfc_debug:sfdb_handle_management.obj
 0001:00034b50       sf_debug_hm_initialize_ids_in_chart 0000000180035b50 f   sfc_debug:sfdb_handle_management.obj
 0001:00034c50       sf_debug_hm_initialize_chart 0000000180035c50 f   sfc_debug:sfdb_handle_management.obj
 0001:00035350       sf_debug_hm_terminate      0000000180036350 f   sfc_debug:sfdb_handle_management.obj
 0001:000353b0       sf_debug_hm_initialize_machine 00000001800363b0 f   sfc_debug:sfdb_handle_management.obj
 0001:00035ad0       sf_debug_ss_initialize     0000000180036ad0 f   sfc_debug:sfdb_symbol_scope.obj
 0001:00035af0       sf_debug_ss_terminate      0000000180036af0 f   sfc_debug:sfdb_symbol_scope.obj
 0001:00035b80       sf_debug_ss_push_symbol_scope 0000000180036b80 f   sfc_debug:sfdb_symbol_scope.obj
 0001:00035c80       sf_debug_ss_push_symbol_scope_eml 0000000180036c80 f   sfc_debug:sfdb_symbol_scope.obj
 0001:00035ce0       sf_debug_ss_pop_symbol_scope 0000000180036ce0 f   sfc_debug:sfdb_symbol_scope.obj
 0001:00035d90       sf_debug_ss_add_symbol     0000000180036d90 f   sfc_debug:sfdb_symbol_scope.obj
 0001:00035f00       sf_debug_ss_add_symbol_eml 0000000180036f00 f   sfc_debug:sfdb_symbol_scope.obj
 0001:00036e00       sf_debug_ss_set_data_value 0000000180037e00 f   sfc_debug:sfdb_symbol_scope.obj
 0001:00037250       getInstanceNumber          0000000180038250 f   sfc_debug:sfdb_symbol_scope.obj
 0001:00037320       sf_debug_ss_watch_data     0000000180038320 f   sfc_debug:sfdb_symbol_scope.obj
 0001:00037510       sf_debug_ss_assign_data    0000000180038510 f   sfc_debug:sfdb_symbol_scope.obj
 0001:00037f20       get_data_entry_name        0000000180038f20 f   sfc_debug:sfdb_symbol_scope.obj
 0001:00037f70       sf_debug_ss_whos           0000000180038f70 f   sfc_debug:sfdb_symbol_scope.obj
 0001:000385c0       sf_debug_cc_initialize_chart 00000001800395c0 f   sfc_debug:sfdb_coverage.obj
 0001:00038fb0       sf_debug_cc_initialize_instance 0000000180039fb0 f   sfc_debug:sfdb_coverage.obj
 0001:00039cf0       sf_debug_cc_terminate      000000018003acf0 f   sfc_debug:sfdb_coverage.obj
 0001:00039de0       sf_debug_cc_set_transition_maps 000000018003ade0 f   sfc_debug:sfdb_coverage.obj
 0001:00039f10       sf_debug_cc_set_state_maps 000000018003af10 f   sfc_debug:sfdb_coverage.obj
 0001:00039ff0       sf_debug_cc_set_transition_weights 000000018003aff0 f   sfc_debug:sfdb_coverage.obj
 0001:0003a2b0       sf_debug_cc_set_state_weights 000000018003b2b0 f   sfc_debug:sfdb_coverage.obj
 0001:0003a580       sf_debug_cc_mark_transition_guard 000000018003b580 f   sfc_debug:sfdb_coverage.obj
 0001:0003a610       sf_debug_cc_mark_transition_trigger 000000018003b610 f   sfc_debug:sfdb_coverage.obj
 0001:0003a6a0       sf_debug_cc_mark_transition_decision 000000018003b6a0 f   sfc_debug:sfdb_coverage.obj
 0001:0003a710       sf_debug_cc_mark_transition_condition_action 000000018003b710 f   sfc_debug:sfdb_coverage.obj
 0001:0003a760       sf_debug_cc_mark_transition_transition_action 000000018003b760 f   sfc_debug:sfdb_coverage.obj
 0001:0003a7b0       sf_debug_cc_mark_state_entry 000000018003b7b0 f   sfc_debug:sfdb_coverage.obj
 0001:0003a800       sf_debug_cc_mark_state_during 000000018003b800 f   sfc_debug:sfdb_coverage.obj
 0001:0003a850       sf_debug_cc_mark_state_exit 000000018003b850 f   sfc_debug:sfdb_coverage.obj
 0001:0003a8a0       sf_debug_bm_clear_script_breakpoints 000000018003b8a0 f   sfc_debug:sfdb_breakpoints.obj
 0001:0003a8d0       sf_debug_bm_set_script_breakpoint 000000018003b8d0 f   sfc_debug:sfdb_breakpoints.obj
 0001:0003a950       sf_debug_bm_clear_single_script_breakpoint 000000018003b950 f   sfc_debug:sfdb_breakpoints.obj
 0001:0003a9d0       sf_debug_bm_query_script_breakpoint 000000018003b9d0 f   sfc_debug:sfdb_breakpoints.obj
 0001:0003aa20       sf_debug_bm_initialize_scripts 000000018003ba20 f   sfc_debug:sfdb_breakpoints.obj
 0001:0003b0b0       sf_debug_bm_terminate      000000018003c0b0 f   sfc_debug:sfdb_breakpoints.obj
 0001:0003b390       sf_debug_bm_remove_all_breakpoints_in_machine 000000018003c390 f   sfc_debug:sfdb_breakpoints.obj
 0001:0003b3f0       sf_debug_bm_remove_all_breakpoints_in_chart 000000018003c3f0 f   sfc_debug:sfdb_breakpoints.obj
 0001:0003b540       sf_debug_bm_initialize_global_breakpoints 000000018003c540 f   sfc_debug:sfdb_breakpoints.obj
 0001:0003b6c0       sf_debug_bm_set_breakpoint 000000018003c6c0 f   sfc_debug:sfdb_breakpoints.obj
 0001:0003bc80       sf_debug_bm_set_eml_breakpoint 000000018003cc80 f   sfc_debug:sfdb_breakpoints.obj
 0001:0003bd10       sf_debug_bm_initialize_machine_breakpoint_map 000000018003cd10 f   sfc_debug:sfdb_breakpoints.obj
 0001:0003c130       sf_debug_bm_is_a_breakpoint 000000018003d130 f   sfc_debug:sfdb_breakpoints.obj
 0001:0003c650       sf_debug_bm_get_all_breakpoints_in_machine 000000018003d650 f   sfc_debug:sfdb_breakpoints.obj
 0001:0003c950       sf_debug_bm_get_all_breakpoints_in_chart 000000018003d950 f   sfc_debug:sfdb_breakpoints.obj
 0001:0003d4e0       sf_debug_bm_initialize_machine 000000018003e4e0 f   sfc_debug:sfdb_breakpoints.obj
 0001:0003d5b0       sf_debug_bm_initialize_chart 000000018003e5b0 f   sfc_debug:sfdb_breakpoints.obj
 0001:0003d9a0       sf_debug_sc_terminate      000000018003e9a0 f   sfc_debug:sfdb_state_consistency.obj
 0001:0003dcc0       sf_debug_sc_is_chart_consistent 000000018003ecc0 f   sfc_debug:sfdb_state_consistency.obj
 0001:0003df70       sf_debug_sc_get_consistency_error_info 000000018003ef70 f   sfc_debug:sfdb_state_consistency.obj
 0001:0003e380       sf_debug_tm_terminate      000000018003f380 f   sfc_debug:sfdb_call_stack.obj
 0001:0003e430       sf_debug_tm_push_chart_instance 000000018003f430 f   sfc_debug:sfdb_call_stack.obj
 0001:0003e570       sf_debug_tm_pop_chart_instance 000000018003f570 f   sfc_debug:sfdb_call_stack.obj
 0001:0003e5d0       sf_debug_tm_push_trace_node 000000018003f5d0 f   sfc_debug:sfdb_call_stack.obj
 0001:0003e750       sf_debug_tm_pop_trace_node 000000018003f750 f   sfc_debug:sfdb_call_stack.obj
 0001:0003e7d0       sf_debug_tm_get_current_global_trace_index 000000018003f7d0 f   sfc_debug:sfdb_call_stack.obj
 0001:0003e7e0       sf_debug_tm_get_current_local_trace_index 000000018003f7e0 f   sfc_debug:sfdb_call_stack.obj
 0001:0003e810       sf_debug_tm_set_cycle_detected_flag 000000018003f810 f   sfc_debug:sfdb_call_stack.obj
 0001:0003e850       sf_debug_tm_set_cycle_started_flag 000000018003f850 f   sfc_debug:sfdb_call_stack.obj
 0001:0003e890       sf_debug_tm_get_chart_number_from_stack 000000018003f890 f   sfc_debug:sfdb_call_stack.obj
 0001:0003ea90       sf_debug_tm_browse_trace   000000018003fa90 f   sfc_debug:sfdb_call_stack.obj
 0001:0003eda0       sf_debug_cd_initialize_instance 000000018003fda0 f   sfc_debug:sfdb_cycle_detection.obj
 0001:0003f050       sf_debug_cd_mark_processed_transition_in_instance 0000000180040050 f   sfc_debug:sfdb_cycle_detection.obj
 0001:0003f0f0       sf_debug_cd_checksum_push  00000001800400f0 f   sfc_debug:sfdb_cycle_detection.obj
 0001:0003f3a0       sf_debug_cd_checksum_pop   00000001800403a0 f   sfc_debug:sfdb_cycle_detection.obj
 0001:0003f410       sf_debug_cd_turn_off_cycle_detection 0000000180040410 f   sfc_debug:sfdb_cycle_detection.obj
 0001:0003f460       sf_debug_cd_terminate      0000000180040460 f   sfc_debug:sfdb_cycle_detection.obj
 0001:0003f690       md5_initialize_state       0000000180040690 f   sfc_debug:ckmd5.obj
 0001:00040120       md5_update_state           0000000180041120 f   sfc_debug:ckmd5.obj
 0001:00040140       md5_get_hash               0000000180041140 f   sfc_debug:ckmd5.obj
 0001:00040170       md5_get_hash_for_a_single_string 0000000180041170 f   sfc_debug:ckmd5.obj
 0001:000401d0       mxGetPr                    00000001800411d0 f   libmx:libmx.dll
 0001:000401d6       mxCreateDoubleScalar       00000001800411d6 f   libmx:libmx.dll
 0001:000401dc       mxCreateDoubleMatrix_730   00000001800411dc f   libmx:libmx.dll
 0001:000401e2       mxSetField_730             00000001800411e2 f   libmx:libmx.dll
 0001:000401e8       mxCreateString             00000001800411e8 f   libmx:libmx.dll
 0001:000401ee       mxCreateStructMatrix_730   00000001800411ee f   libmx:libmx.dll
 0001:000401f4       mxCreateCellMatrix_730     00000001800411f4 f   libmx:libmx.dll
 0001:000401fa       mxDestroyArray             00000001800411fa f   libmx:libmx.dll
 0001:00040200       mxDuplicateArray           0000000180041200 f   libmx:libmx.dll
 0001:00040206       mxGetString_730            0000000180041206 f   libmx:libmx.dll
 0001:0004020c       mxIsChar                   000000018004120c f   libmx:libmx.dll
 0001:00040212       mxGetClassID               0000000180041212 f   libmx:libmx.dll
 0001:00040218       mxIsNumeric                0000000180041218 f   libmx:libmx.dll
 0001:0004021e       mxIsComplex                000000018004121e f   libmx:libmx.dll
 0001:00040224       mxGetN                     0000000180041224 f   libmx:libmx.dll
 0001:0004022a       mxGetM                     000000018004122a f   libmx:libmx.dll
 0001:00040230       mxCalloc                   0000000180041230 f   libmx:libmx.dll
 0001:00040236       mxGetScalar                0000000180041236 f   libmx:libmx.dll
 0001:0004023c       mxIsLogical                000000018004123c f   libmx:libmx.dll
 0001:00040242       mxCreateDoubleMatrix_700   0000000180041242 f   libmx:libmx.dll
 0001:00040248       mxFree                     0000000180041248 f   libmx:libmx.dll
 0001:0004024e       mxArrayToString            000000018004124e f   libmx:libmx.dll
 0001:00040254       mxCreateCellMatrix_700     0000000180041254 f   libmx:libmx.dll
 0001:0004025a       mxSetCell_700              000000018004125a f   libmx:libmx.dll
 0001:00040260       mxGetCell_700              0000000180041260 f   libmx:libmx.dll
 0001:00040266       mxGetClassName             0000000180041266 f   libmx:libmx.dll
 0001:0004026c       mxSetField_700             000000018004126c f   libmx:libmx.dll
 0001:00040272       mxAddField                 0000000180041272 f   libmx:libmx.dll
 0001:00040278       mxGetField_700             0000000180041278 f   libmx:libmx.dll
 0001:0004027e       mxGetNumberOfElements      000000018004127e f   libmx:libmx.dll
 0001:00040284       mxIsStruct                 0000000180041284 f   libmx:libmx.dll
 0001:0004028a       mxIsA                      000000018004128a f   libmx:libmx.dll
 0001:00040290       mxIsClass                  0000000180041290 f   libmx:libmx.dll
 0001:00040296       mxGetLogicals              0000000180041296 f   libmx:libmx.dll
 0001:0004029c       mxIsSparse                 000000018004129c f   libmx:libmx.dll
 0001:000402a2       mxSetFieldByNumber_700     00000001800412a2 f   libmx:libmx.dll
 0001:000402a8       mxGetFieldByNumber_700     00000001800412a8 f   libmx:libmx.dll
 0001:000402ae       mxGetFieldNameByNumber     00000001800412ae f   libmx:libmx.dll
 0001:000402b4       mxGetNumberOfFields        00000001800412b4 f   libmx:libmx.dll
 0001:000402ba       mxCreateStructMatrix_700   00000001800412ba f   libmx:libmx.dll
 0001:000402c0       mxGetFieldNumber           00000001800412c0 f   libmx:libmx.dll
 0001:000402c6       mxIsNaN                    00000001800412c6 f   libmx:libmx.dll
 0001:000402cc       mxIsEmpty                  00000001800412cc f   libmx:libmx.dll
 0001:000402d2       mxGetData                  00000001800412d2 f   libmx:libmx.dll
 0001:000402d8       mxGetImagData              00000001800412d8 f   libmx:libmx.dll
 0001:000402de       mxArrayClassIDName         00000001800412de f   libmx:libmx.dll
 0001:000402e4       mxCreateNumericMatrix_700  00000001800412e4 f   libmx:libmx.dll
 0001:000402ea       mxCreateStructArray_700    00000001800412ea f   libmx:libmx.dll
 0001:000402f0       mxCalcSingleSubscript_700  00000001800412f0 f   libmx:libmx.dll
 0001:000402f6       mxGetDimensions_700        00000001800412f6 f   libmx:libmx.dll
 0001:000402fc       mxGetNumberOfDimensions_700 00000001800412fc f   libmx:libmx.dll
 0001:00040302       mxCreateNumericArray_700   0000000180041302 f   libmx:libmx.dll
 0001:00040308       mxGetElementSize           0000000180041308 f   libmx:libmx.dll
 0001:0004030e       mxCreateStringFromNChars_700 000000018004130e f   libmx:libmx.dll
 0001:00040314       mxGetString_700            0000000180041314 f   libmx:libmx.dll
 0001:0004031a       mxIsLogicalScalarTrue      000000018004131a f   libmx:libmx.dll
 0001:00040320       mxCreateLogicalScalar      0000000180041320 f   libmx:libmx.dll
 0001:00040326       mexUnlock                  0000000180041326 f   libmex:libmex.dll
 0001:0004032c       mexIsLocked                000000018004132c f   libmex:libmex.dll
 0001:00040332       mexWarnMsgTxt              0000000180041332 f   libmex:libmex.dll
 0001:00040338       mexCallMATLAB              0000000180041338 f   libmex:libmex.dll
 0001:0004033e       mexErrMsgTxt               000000018004133e f   libmex:libmex.dll
 0001:00040344       mexMakeArrayPersistent     0000000180041344 f   libmex:libmex.dll
 0001:0004034a       mexSetTrapFlag             000000018004134a f   libmex:libmex.dll
 0001:00040350       mexPutVariable             0000000180041350 f   libmex:libmex.dll
 0001:00040356       mexGetVariable             0000000180041356 f   libmex:libmex.dll
 0001:0004035c       mexLock                    000000018004135c f   libmex:libmex.dll
 0001:00040362       mexMakeMemoryPersistent    0000000180041362 f   libmex:libmex.dll
 0001:00040368       mexFunctionName            0000000180041368 f   libmex:libmex.dll
 0001:0004036e       ssRegisterDataTypeFxpFSlopeFixExpBias 000000018004136e f   libfixedpoint:libfixedpoint.dll
 0001:00040374       ssRegisterDataTypeFxpScaledDouble 0000000180041374 f   libfixedpoint:libfixedpoint.dll
 0001:0004037a       utMalloc                   000000018004137a f   libut:libut.dll
 0001:00040380       utFree                     0000000180041380 f   libut:libut.dll
 0001:00040386       utVSNprintf                0000000180041386 f   libut:libut.dll
 0001:0004038c       utCPUtime                  000000018004138c f   libut:libut.dll
 0001:00040392       utCalloc                   0000000180041392 f   libut:libut.dll
 0001:00040398       utRealloc                  0000000180041398 f   libut:libut.dll
 0001:0004039e       muDoubleScalarFloor        000000018004139e f   libmwmathutil:libmwmathutil.dll
 0001:000403a4       muDoubleScalarHypot        00000001800413a4 f   libmwmathutil:libmwmathutil.dll
 0001:000403aa       muDoubleScalarPower        00000001800413aa f   libmwmathutil:libmwmathutil.dll
 0001:000403b0       emlrtCreateRootTLS         00000001800413b0 f   libemlrt:libemlrt.dll
 0001:000403b6       emlrtDestroyRootTLS        00000001800413b6 f   libemlrt:libemlrt.dll
 0001:000403bc       emlrtCheckBuiltInR2012b    00000001800413bc f   libemlrt:libemlrt.dll
 0001:000403c2       emlrtCheckVsBuiltInR2012b  00000001800413c2 f   libemlrt:libemlrt.dll
 0001:000403c8       emlrtCheckEnumR2012b       00000001800413c8 f   libemlrt:libemlrt.dll
 0001:000403ce       emlrtCreateEnumR2012b      00000001800413ce f   libemlrt:libemlrt.dll
 0001:000403d4       emlrtGetEnumElementR2009a  00000001800413d4 f   libemlrt:libemlrt.dll
 0001:000403da       emlrtCreateReference       00000001800413da f   libemlrt:libemlrt.dll
 0001:000403e0       emlrtImportVsFiArrayR2009b 00000001800413e0 f   libemlrt:libemlrt.dll
 0001:000403e6       emlrtNameCapturePostProcessR2012a 00000001800413e6 f   libemlrt:libemlrt.dll
 0001:000403ec       emlrtExtractMessageId      00000001800413ec f   libemlrt:libemlrt.dll
 0001:000403f2       emlrtTranslateMessageIDtoLCPstring 00000001800413f2 f   libemlrt:libemlrt.dll
 0001:000403f8       emlrtForLoopVectorIsValidR2011b 00000001800413f8 f   libemlrt:libemlrt.dll
 0001:000403fe       emlrtTranslateUTF16MessagetoLCPstring 00000001800413fe f   libemlrt:libemlrt.dll
 0001:00040404       emlrtGetEnumUnderlyingArrayR2009a 0000000180041404 f   libemlrt:libemlrt.dll
 0001:0004040a       emlrtIsEnumR2009a          000000018004140a f   libemlrt:libemlrt.dll
 0001:00040410       memset                     0000000180041410 f   MSVCRT:MSVCR100.dll
 0001:00040418       __GSHandlerCheckCommon     0000000180041418 f   MSVCRT:gshandler.obj
 0001:0004047c       __GSHandlerCheck           000000018004147c f   MSVCRT:gshandler.obj
 0001:000404b0       __security_check_cookie    00000001800414b0 f   MSVCRT:amdsecgs.obj
 0001:000404d0       strlen                     00000001800414d0 f   MSVCRT:MSVCR100.dll
 0001:000404f0       __chkstk                   00000001800414f0 f   MSVCRT:chkstk.obj
 0001:000404f0       _alloca_probe              00000001800414f0     MSVCRT:chkstk.obj
 0001:0004053e       strcmp                     000000018004153e f   MSVCRT:MSVCR100.dll
 0001:00040544       free                       0000000180041544 f   MSVCRT:MSVCR100.dll
 0001:0004054a       sprintf                    000000018004154a f   MSVCRT:MSVCR100.dll
 0001:00040550       malloc                     0000000180041550 f   MSVCRT:MSVCR100.dll
 0001:00040556       strcat                     0000000180041556 f   MSVCRT:MSVCR100.dll
 0001:0004055c       memcpy                     000000018004155c f   MSVCRT:MSVCR100.dll
 0001:00040564       NtCurrentTeb               0000000180041564 f i MSVCRT:crtdll.obj
 0001:000405d0       _CRT_INIT                  00000001800415d0 f   MSVCRT:crtdll.obj
 0001:00040968       _DllMainCRTStartup         0000000180041968 f   MSVCRT:crtdll.obj
 0001:000409a6       strncpy                    00000001800419a6 f   MSVCRT:MSVCR100.dll
 0001:000409ac       longjmp                    00000001800419ac f   MSVCRT:MSVCR100.dll
 0001:000409b2       strncmp                    00000001800419b2 f   MSVCRT:MSVCR100.dll
 0001:000409b8       ceil                       00000001800419b8 f   MSVCRT:MSVCR100.dll
 0001:000409be       strrchr                    00000001800419be f   MSVCRT:MSVCR100.dll
 0001:000409c4       _setjmp                    00000001800419c4 f   MSVCRT:MSVCR100.dll
 0001:000409ca       ldexp                      00000001800419ca f   MSVCRT:MSVCR100.dll
 0001:000409d0       __report_gsfailure         00000001800419d0 f   MSVCRT:gs_report.obj
 0001:00040b1c       __clean_type_info_names    0000000180041b1c f   MSVCRT:tncleanup.obj
 0001:00040b28       _onexit                    0000000180041b28 f   MSVCRT:atonexit.obj
 0001:00040bd8       atexit                     0000000180041bd8 f   MSVCRT:atonexit.obj
 0001:00040bf0       _RTC_Initialize            0000000180041bf0 f   MSVCRT:_initsect_.obj
 0001:00040c28       _RTC_Terminate             0000000180041c28 f   MSVCRT:_initsect_.obj
 0001:00040c60       _malloc_crt                0000000180041c60 f   MSVCRT:MSVCR100.dll
 0001:00040c70       _ValidateImageBase         0000000180041c70 f   MSVCRT:pesect.obj
 0001:00040ca0       _FindPESection             0000000180041ca0 f   MSVCRT:pesect.obj
 0001:00040cf0       _IsNonwritableInCurrentImage 0000000180041cf0 f   MSVCRT:pesect.obj
 0001:00040d32       _initterm                  0000000180041d32 f   MSVCRT:MSVCR100.dll
 0001:00040d38       _initterm_e                0000000180041d38 f   MSVCRT:MSVCR100.dll
 0001:00040d3e       _encoded_null              0000000180041d3e f   MSVCRT:MSVCR100.dll
 0001:00040d44       _amsg_exit                 0000000180041d44 f   MSVCRT:MSVCR100.dll
 0001:00040d4a       __C_specific_handler       0000000180041d4a f   MSVCRT:MSVCR100.dll
 0001:00040d50       __CppXcptFilter            0000000180041d50 f   MSVCRT:MSVCR100.dll
 0001:00040d58       DllMain                    0000000180041d58 f   MSVCRT:dllmain.obj
 0001:00040d7c       __security_init_cookie     0000000180041d7c f   MSVCRT:gs_support.obj
 0001:00040e30       __crt_debugger_hook        0000000180041e30 f   MSVCRT:MSVCR100.dll
 0001:00040e36       __clean_type_info_names_internal 0000000180041e36 f   MSVCRT:MSVCR100.dll
 0001:00040e3c       _unlock                    0000000180041e3c f   MSVCRT:MSVCR100.dll
 0001:00040e42       __dllonexit                0000000180041e42 f   MSVCRT:MSVCR100.dll
 0001:00040e48       _lock                      0000000180041e48 f   MSVCRT:MSVCR100.dll
 0001:00040e4e       EncodePointer              0000000180041e4e f   kernel32:KERNEL32.dll
 0001:00040e54       DecodePointer              0000000180041e54 f   kernel32:KERNEL32.dll
 0001:00040e5a       Sleep                      0000000180041e5a f   kernel32:KERNEL32.dll
 0001:00040e60       TerminateProcess           0000000180041e60 f   kernel32:KERNEL32.dll
 0001:00040e66       GetCurrentProcess          0000000180041e66 f   kernel32:KERNEL32.dll
 0001:00040e6c       UnhandledExceptionFilter   0000000180041e6c f   kernel32:KERNEL32.dll
 0001:00040e72       SetUnhandledExceptionFilter 0000000180041e72 f   kernel32:KERNEL32.dll
 0001:00040e78       IsDebuggerPresent          0000000180041e78 f   kernel32:KERNEL32.dll
 0001:00040e7e       RtlVirtualUnwind           0000000180041e7e f   kernel32:KERNEL32.dll
 0001:00040e84       RtlLookupFunctionEntry     0000000180041e84 f   kernel32:KERNEL32.dll
 0001:00040e8a       RtlCaptureContext          0000000180041e8a f   kernel32:KERNEL32.dll
 0001:00040e90       DisableThreadLibraryCalls  0000000180041e90 f   kernel32:KERNEL32.dll
 0001:00040e96       QueryPerformanceCounter    0000000180041e96 f   kernel32:KERNEL32.dll
 0001:00040e9c       GetTickCount               0000000180041e9c f   kernel32:KERNEL32.dll
 0001:00040ea2       GetCurrentThreadId         0000000180041ea2 f   kernel32:KERNEL32.dll
 0001:00040ea8       GetCurrentProcessId        0000000180041ea8 f   kernel32:KERNEL32.dll
 0001:00040eae       GetSystemTimeAsFileTime    0000000180041eae f   kernel32:KERNEL32.dll
 0002:00000000       __imp_RtlLookupFunctionEntry 0000000180042000     kernel32:KERNEL32.dll
 0002:00000008       __imp_RtlVirtualUnwind     0000000180042008     kernel32:KERNEL32.dll
 0002:00000010       __imp_IsDebuggerPresent    0000000180042010     kernel32:KERNEL32.dll
 0002:00000018       __imp_SetUnhandledExceptionFilter 0000000180042018     kernel32:KERNEL32.dll
 0002:00000020       __imp_UnhandledExceptionFilter 0000000180042020     kernel32:KERNEL32.dll
 0002:00000028       __imp_GetCurrentProcess    0000000180042028     kernel32:KERNEL32.dll
 0002:00000030       __imp_TerminateProcess     0000000180042030     kernel32:KERNEL32.dll
 0002:00000038       __imp_Sleep                0000000180042038     kernel32:KERNEL32.dll
 0002:00000040       __imp_DecodePointer        0000000180042040     kernel32:KERNEL32.dll
 0002:00000048       __imp_EncodePointer        0000000180042048     kernel32:KERNEL32.dll
 0002:00000050       __imp_DisableThreadLibraryCalls 0000000180042050     kernel32:KERNEL32.dll
 0002:00000058       __imp_QueryPerformanceCounter 0000000180042058     kernel32:KERNEL32.dll
 0002:00000060       __imp_GetTickCount         0000000180042060     kernel32:KERNEL32.dll
 0002:00000068       __imp_GetCurrentThreadId   0000000180042068     kernel32:KERNEL32.dll
 0002:00000070       __imp_GetCurrentProcessId  0000000180042070     kernel32:KERNEL32.dll
 0002:00000078       __imp_GetSystemTimeAsFileTime 0000000180042078     kernel32:KERNEL32.dll
 0002:00000080       __imp_RtlCaptureContext    0000000180042080     kernel32:KERNEL32.dll
 0002:00000088       \177KERNEL32_NULL_THUNK_DATA 0000000180042088     kernel32:KERNEL32.dll
 0002:00000090       __imp__onexit              0000000180042090     MSVCRT:MSVCR100.dll
 0002:00000098       __imp__lock                0000000180042098     MSVCRT:MSVCR100.dll
 0002:000000a0       __imp___dllonexit          00000001800420a0     MSVCRT:MSVCR100.dll
 0002:000000a8       __imp__unlock              00000001800420a8     MSVCRT:MSVCR100.dll
 0002:000000b0       __imp___clean_type_info_names_internal 00000001800420b0     MSVCRT:MSVCR100.dll
 0002:000000b8       __imp___crt_debugger_hook  00000001800420b8     MSVCRT:MSVCR100.dll
 0002:000000c0       __imp___CppXcptFilter      00000001800420c0     MSVCRT:MSVCR100.dll
 0002:000000c8       __imp___C_specific_handler 00000001800420c8     MSVCRT:MSVCR100.dll
 0002:000000d0       __imp__amsg_exit           00000001800420d0     MSVCRT:MSVCR100.dll
 0002:000000d8       __imp__encoded_null        00000001800420d8     MSVCRT:MSVCR100.dll
 0002:000000e0       __imp__initterm_e          00000001800420e0     MSVCRT:MSVCR100.dll
 0002:000000e8       __imp__initterm            00000001800420e8     MSVCRT:MSVCR100.dll
 0002:000000f0       __imp__malloc_crt          00000001800420f0     MSVCRT:MSVCR100.dll
 0002:000000f8       __imp_ldexp                00000001800420f8     MSVCRT:MSVCR100.dll
 0002:00000100       __imp__setjmp              0000000180042100     MSVCRT:MSVCR100.dll
 0002:00000108       __imp_strrchr              0000000180042108     MSVCRT:MSVCR100.dll
 0002:00000110       __imp_ceil                 0000000180042110     MSVCRT:MSVCR100.dll
 0002:00000118       __imp_strncmp              0000000180042118     MSVCRT:MSVCR100.dll
 0002:00000120       __imp_longjmp              0000000180042120     MSVCRT:MSVCR100.dll
 0002:00000128       __imp_strncpy              0000000180042128     MSVCRT:MSVCR100.dll
 0002:00000130       __imp_memcpy               0000000180042130     MSVCRT:MSVCR100.dll
 0002:00000138       __imp_strcat               0000000180042138     MSVCRT:MSVCR100.dll
 0002:00000140       __imp_malloc               0000000180042140     MSVCRT:MSVCR100.dll
 0002:00000148       __imp_sprintf              0000000180042148     MSVCRT:MSVCR100.dll
 0002:00000150       __imp_free                 0000000180042150     MSVCRT:MSVCR100.dll
 0002:00000158       __imp_strcmp               0000000180042158     MSVCRT:MSVCR100.dll
 0002:00000160       __imp_strlen               0000000180042160     MSVCRT:MSVCR100.dll
 0002:00000168       __imp_memset               0000000180042168     MSVCRT:MSVCR100.dll
 0002:00000170       \177MSVCR100_NULL_THUNK_DATA 0000000180042170     MSVCRT:MSVCR100.dll
 0002:00000178       __imp_emlrtIsEnumR2009a    0000000180042178     libemlrt:libemlrt.dll
 0002:00000180       __imp_emlrtGetEnumUnderlyingArrayR2009a 0000000180042180     libemlrt:libemlrt.dll
 0002:00000188       __imp_emlrtTranslateUTF16MessagetoLCPstring 0000000180042188     libemlrt:libemlrt.dll
 0002:00000190       __imp_emlrtForLoopVectorIsValidR2011b 0000000180042190     libemlrt:libemlrt.dll
 0002:00000198       __imp_emlrtTranslateMessageIDtoLCPstring 0000000180042198     libemlrt:libemlrt.dll
 0002:000001a0       __imp_emlrtExtractMessageId 00000001800421a0     libemlrt:libemlrt.dll
 0002:000001a8       __imp_emlrtNameCapturePostProcessR2012a 00000001800421a8     libemlrt:libemlrt.dll
 0002:000001b0       __imp_emlrtImportVsFiArrayR2009b 00000001800421b0     libemlrt:libemlrt.dll
[...]
 0001:00016b60       sf_mex_check_complex       0000000180017b60 f   sfc_mex:sfc_mex.obj
 0001:00016bf0       sf_mex_check_sparse        0000000180017bf0 f   sfc_mex:sfc_mex.obj
 0001:00016c50       sf_mex_check_numerictype   0000000180017c50 f   sfc_mex:sfc_mex.obj
 0001:00016de0       sf_mex_check_fimath        0000000180017de0 f   sfc_mex:sfc_mex.obj
 0001:00017940       size_mismatch_error        0000000180018940 f   sfc_mex:sfc_mex.obj
 0001:000183b0       check_array_dimensions     00000001800193b0 f   sfc_mex:sfc_mex.obj
 0001:00018420       check_input_mxarray        0000000180019420 f   sfc_mex:sfc_mex.obj
 0001:00018b60       sf_numeric_value_to_double 0000000180019b60 f   sfc_mex:sfc_mex.obj
 0001:00018bb0       ml_generic_out_of_bounds_check 0000000180019bb0 f   sfc_mex:sfc_mex.obj
 0001:00018d70       ml_get_element_value_from_array 0000000180019d70 f   sfc_mex:sfc_mex.obj
 0001:00019110       _ml_generic_castability_check 000000018001a110 f   sfc_mex:sfc_mex.obj
 0001:00019860       ml_generic_castability_check 000000018001a860 f   sfc_mex:sfc_mex.obj
 0001:00019900       ml_check_mx_array_for_single_castability 000000018001a900 f   sfc_mex:sfc_mex.obj
 0001:000199a0       ml_check_mx_array_for_logical_castability 000000018001a9a0 f   sfc_mex:sfc_mex.obj
 0001:00019a40       ml_check_mx_array_for_int8_castability 000000018001aa40 f   sfc_mex:sfc_mex.obj
 0001:00019af0       ml_check_mx_array_for_uint8_castability 000000018001aaf0 f   sfc_mex:sfc_mex.obj
 0001:00019b50       ml_check_mx_array_for_int16_castability 000000018001ab50 f   sfc_mex:sfc_mex.obj
 0001:00019bb0       ml_check_mx_array_for_uint16_castability 000000018001abb0 f   sfc_mex:sfc_mex.obj
 0001:00019c10       ml_check_mx_array_for_int32_castability 000000018001ac10 f   sfc_mex:sfc_mex.obj
 0001:00019c70       ml_check_mx_array_for_uint32_castability 000000018001ac70 f   sfc_mex:sfc_mex.obj
 0001:00019cd0       ml_check_mx_array_for_castability 000000018001acd0 f   sfc_mex:sfc_mex.obj
 0001:0001a4f0       set_data_value             000000018001b4f0 f   sfc_mex:sfc_mex.obj
 0001:0001a860       get_data_value             000000018001b860 f   sfc_mex:sfc_mex.obj
 0001:0001a970       get_next_element_address   000000018001b970 f   sfc_mex:sfc_mex.obj
 0001:0001aa40       sf_normalize_index         000000018001ba40 f   sfc_mex:sfc_mex.obj
 0001:0001adf0       ml_array_index_bound_check 000000018001bdf0 f   sfc_mex:sfc_mex.obj
 0001:0001b970       mx_value                   000000018001c970 f   sfc_mex:sfc_mex.obj
 0001:0001b9c0       sf_create_numeric_array    000000018001c9c0 f   sfc_mex:sfc_mex.obj
 0001:0001ba60       sf_mex_assign_to_mx_array  000000018001ca60 f   sfc_mex:sfc_mex.obj
 0001:0001bdd0       assign_from_mx_array       000000018001cdd0 f   sfc_mex:sfc_mex.obj
 0001:0001c530       sf_mex_import_v            000000018001d530 f   sfc_mex:sfc_mex.obj
 0001:0001cc40       get_machine_and_chart_file_number 000000018001dc40 f   sfc_mex:sfc_sf.obj
 0001:0001cd30       get_sfun_block_specialization 000000018001dd30 f   sfc_mex:sfc_sf.obj
 0001:0001cde0       call_sf_machine_global_method_dispatcher 000000018001dde0 f   sfc_mex:sfc_sf.obj
 0001:0001d030       mdl_zeroCrossings_processing 000000018001e030 f   sfc_mex:sfc_sf.obj
 0001:0001d110       mdl_derivatives_processing 000000018001e110 f   sfc_mex:sfc_sf.obj
 0001:0001d3f0       mdl_outputs_continuous_legacy 000000018001e3f0 f   sfc_mex:sfc_sf.obj
 0001:0001d470       mdl_outputs_processing     000000018001e470 f   sfc_mex:sfc_sf.obj
 0001:0001d6e0       mdl_enable_processing      000000018001e6e0 f   sfc_mex:sfc_sf.obj
 0001:0001d7c0       mdl_disable_processing     000000018001e7c0 f   sfc_mex:sfc_sf.obj
 0001:0001e650       sf_call_output_fcn_enable_disable 000000018001f650 f   sfc_mex:sfc_sf.obj
 0001:0001e8d0       set_dwork_information_from_mx_array 000000018001f8d0 f   sfc_mex:sfc_sf.obj
 0001:0001f1c0       ptr2mxStruct               00000001800201c0 f   sfc_mex:sfc_sf.obj
 0001:0001f4d0       SNPRINTF_WRAPPER           00000001800204d0 f   sfc_debug:sfcdebug.obj
 0001:0001f500       sf_debug_chart_instance_initialized 0000000180020500 f   sfc_debug:sfcdebug.obj
 0001:0001f6a0       sfrtAddSize                00000001800206a0 f   sfc_debug:sfcdebug.obj
 0001:0001f760       sfrtGenSizeString          0000000180020760 f   sfc_debug:sfcdebug.obj
 0001:0001feb0       fill_single_message_info   0000000180020eb0 f   sfc_debug:sfcdebug.obj
 0001:00020130       sf_debug_sim_status_listener 0000000180021130 f   sfc_debug:sfcdebug.obj
 0001:000206c0       sf_debug_form_mask_bits    00000001800216c0 f   sfc_debug:sfcdebug.obj
 0001:000206e0       sf_debug_form_sf_data_type_offsets 00000001800216e0 f   sfc_debug:sfcdebug.obj
 0001:000207a0       sf_debug_free_all          00000001800217a0 f   sfc_debug:sfcdebug.obj
 0001:00020930       sf_debug_append_debugger_context 0000000180021930 f   sfc_debug:sfcdebug.obj
 0001:00020ca0       local_strdup               0000000180021ca0 f   sfc_debug:sfcdebug.obj
 0001:00021c20       sf_debug_em_terminate      0000000180022c20 f   sfc_debug:sfcdebug.obj
 0001:00021c60       sf_debug_push_eml_function 0000000180022c60 f   sfc_debug:sfcdebug.obj
 0001:00021d00       sf_debug_pop_eml_function  0000000180022d00 f   sfc_debug:sfcdebug.obj
 0001:000229a0       sf_debug_get_machine_number_from_id_or_name 00000001800239a0 f   sfc_debug:sfcdebug.obj
 0001:00022af0       sf_debug_get_chart_number_from_id 0000000180023af0 f   sfc_debug:sfcdebug.obj
 0001:000238d0       sf_debug_transfer_control_to_debugger_GUI 00000001800248d0 f   sfc_debug:sfcdebug.obj
 0001:00024840       sf_debug_scripts_rehash    0000000180025840 f   sfc_debug:sfcdebug.obj
 0001:00024a50       sf_debug_get_script_line_count 0000000180025a50 f   sfc_debug:sfcdebug.obj
 0001:000254a0       cv_eml_state_cvId          00000001800264a0 f   sfc_debug:sfcdebug.obj
 0001:00025510       cv_eml_trans_cvId          0000000180026510 f   sfc_debug:sfcdebug.obj
 0001:00026990       sf_debug_data_array_bounds_error 0000000180027990 f   sfc_debug:sfcdebug.obj
 0001:00026d40       eml_debug_runtime_error_doclink 0000000180027d40 f   sfc_debug:sfcdebug.obj
 0001:00026eb0       sf_debug_runtime_error     0000000180027eb0 f   sfc_debug:sfcdebug.obj
 0001:00026f20       sf_debug_matlab_error      0000000180027f20 f   sfc_debug:sfcdebug.obj
 0001:00027890       sf_debug_data_value_error  0000000180028890 f   sfc_debug:sfcdebug.obj
 0001:00028160       sf_debug_data_loss_error   0000000180029160 f   sfc_debug:sfcdebug.obj
 0001:00029080       call_cv_range_check        000000018002a080 f   sfc_debug:sfcdebug.obj
 0001:000298e0       sf_debug_invoke_cycle_detection_code 000000018002a8e0 f   sfc_debug:sfcdebug.obj
 0001:0002a450       sf_reset_debug_info_struct 000000018002b450 f   sfc_debug:sfcdebug.obj
 0001:0002ac40       cv_script_cvId             000000018002bc40 f   sfc_debug:sfcdebug.obj
 0001:0002be00       sfc_api_chart_visible      000000018002ce00 f   sfc_debug:sfc_api.obj
 0001:0002be90       sfc_api_active_instance    000000018002ce90 f   sfc_debug:sfc_api.obj
 0001:0002bf20       sfc_api_machine_load       000000018002cf20 f   sfc_debug:sfc_api.obj
 0001:0002c010       sfc_api_debugger_alive     000000018002d010 f   sfc_debug:sfc_api.obj
 0001:0002c020       sfc_api_go                 000000018002d020 f   sfc_debug:sfc_api.obj
 0001:0002c030       sfc_api_step_over          000000018002d030 f   sfc_debug:sfc_api.obj
 0001:0002c040       sfc_api_step_out           000000018002d040 f   sfc_debug:sfc_api.obj
 0001:0002c050       sfc_api_resume             000000018002d050 f   sfc_debug:sfc_api.obj
 0001:0002c060       sfc_api_break              000000018002d060 f   sfc_debug:sfc_api.obj
 0001:0002c070       sfc_api_stop_debugging     000000018002d070 f   sfc_debug:sfc_api.obj
 0001:0002c0d0       sfc_api_is_cycle_detected  000000018002d0d0 f   sfc_debug:sfc_api.obj
 0001:0002c130       sfc_api_is_array_bounds_detected 000000018002d130 f   sfc_debug:sfc_api.obj
 0001:0002c190       sfc_api_set_disable_all_breakpoints 000000018002d190 f   sfc_debug:sfc_api.obj
 0001:0002c210       sfc_api_disable_all_breakpoints_and_go 000000018002d210 f   sfc_debug:sfc_api.obj
 0001:0002c220       sfc_api_close              000000018002d220 f   sfc_debug:sfc_api.obj
 0001:0002c230       sfc_api_browse_data        000000018002d230 f   sfc_debug:sfc_api.obj
 0001:0002c2b0       sfc_api_watch_data         000000018002d2b0 f   sfc_debug:sfc_api.obj
 0001:0002c3c0       sfc_api_extract_message_post_receive_info 000000018002d3c0 f   sfc_debug:sfc_api.obj
 0001:0002c3e0       sfc_api_assign_data        000000018002d3e0 f   sfc_debug:sfc_api.obj
 0001:0002c490       sfc_api_whos               000000018002d490 f   sfc_debug:sfc_api.obj
 0001:0002c520       sfc_api_get_consistency_info 000000018002d520 f   sfc_debug:sfc_api.obj
 0001:0002c530       sfc_api_browse_trace       000000018002d530 f   sfc_debug:sfc_api.obj
 0001:0002c540       sfc_api_break_on_chart_entry 000000018002d540 f   sfc_debug:sfc_api.obj
 0001:0002c570       sfc_api_break_on_event_broadcast 000000018002d570 f   sfc_debug:sfc_api.obj
 0001:0002c5a0       sfc_api_break_on_state_entry 000000018002d5a0 f   sfc_debug:sfc_api.obj
 0001:0002c5d0       sfc_api_set_watch          000000018002d5d0 f   sfc_debug:sfc_api.obj
 0001:0002c680       sfc_api_set_breakpoints    000000018002d680 f   sfc_debug:sfc_api.obj
 0001:0002c740       sfc_api_set_eml_breakpoints 000000018002d740 f   sfc_debug:sfc_api.obj
 0001:0002c7e0       sfc_api_set_script_breakpoints 000000018002d7e0 f   sfc_debug:sfc_api.obj
 0001:0002c840       sfc_api_add_script_breakpoints 000000018002d840 f   sfc_debug:sfc_api.obj
 0001:0002c8a0       sfc_api_clear_script_breakpoints 000000018002d8a0 f   sfc_debug:sfc_api.obj
 0001:0002c900       sfc_api_query_script_breakpoints 000000018002d900 f   sfc_debug:sfc_api.obj
 0001:0002c970       sfc_api_get_script_id      000000018002d970 f   sfc_debug:sfc_api.obj
 0001:0002ca30       sfc_api_get_active_states  000000018002da30 f   sfc_debug:sfc_api.obj
 0001:0002cac0       sfc_api_break_between_times 000000018002dac0 f   sfc_debug:sfc_api.obj
 0001:0002cb30       sfc_api_get_instance_handle 000000018002db30 f   sfc_debug:sfc_api.obj
 0001:0002cc00       sfc_api_set_animation      000000018002dc00 f   sfc_debug:sfc_api.obj
 0001:0002cc50       sfc_api_select_chart       000000018002dc50 f   sfc_debug:sfc_api.obj
 0001:0002ccc0       sfc_api_select_charts      000000018002dcc0 f   sfc_debug:sfc_api.obj
 0001:0002ccf0       sfc_api_cycle_detection_check 000000018002dcf0 f   sfc_debug:sfc_api.obj
 0001:0002cd40       sfc_api_data_range_check   000000018002dd40 f   sfc_debug:sfc_api.obj
 0001:0002cd90       sfc_api_transition_conflict_check 000000018002dd90 f   sfc_debug:sfc_api.obj
 0001:0002cde0       sfc_api_state_consistency_check 000000018002dde0 f   sfc_debug:sfc_api.obj
 0001:0002ce30       sfc_api_set_instance_cv_ids 000000018002de30 f   sfc_debug:sfc_api.obj
 0001:0002cf60       sfc_api_set_script_cv_ids  000000018002df60 f   sfc_debug:sfc_api.obj
 0001:0002d030       sfc_api_get_current_machine_id 000000018002e030 f   sfc_debug:sfc_api.obj
 0001:0002d060       sfc_api_get_current_machine_number 000000018002e060 f   sfc_debug:sfc_api.obj
 0001:0002d090       sfc_api_get_current_chart_number 000000018002e090 f   sfc_debug:sfc_api.obj
 0001:0002d0c0       sfc_api_get_current_instance_number 000000018002e0c0 f   sfc_debug:sfc_api.obj
 0001:0002d0f0       sfc_api_get_current_instance_handle 000000018002e0f0 f   sfc_debug:sfc_api.obj
 0001:0002d110       sfc_api_get_current_is_minor_time_step 000000018002e110 f   sfc_debug:sfc_api.obj
 0001:0002d140       sfc_api_get_current_machine_name 000000018002e140 f   sfc_debug:sfc_api.obj
 0001:0002d160       sfc_api_get_current_chart_id 000000018002e160 f   sfc_debug:sfc_api.obj
 0001:0002d190       sfc_api_get_current_object_type 000000018002e190 f   sfc_debug:sfc_api.obj
 0001:0002d1c0       sfc_api_get_current_event_type 000000018002e1c0 f   sfc_debug:sfc_api.obj
 0001:0002d1f0       sfc_api_get_current_object_id 000000018002e1f0 f   sfc_debug:sfc_api.obj
 0001:0002d220       sfc_get_current_active_event_type 000000018002e220 f   sfc_debug:sfc_api.obj
 0001:0002d250       sfc_api_get_current_active_event_id 000000018002e250 f   sfc_debug:sfc_api.obj
 0001:0002d280       sfc_api_get_current_simulation_time 000000018002e280 f   sfc_debug:sfc_api.obj
 0001:0002d2a0       sfc_get_current_tag_type   000000018002e2a0 f   sfc_debug:sfc_api.obj
 0001:0002d2d0       sfc_get_current_coverage_percentage 000000018002e2d0 f   sfc_debug:sfc_api.obj
 0001:0002d2f0       sfc_get_current_statement_context 000000018002e2f0 f   sfc_debug:sfc_api.obj
 0001:0002d310       sfc_get_current_optional_integer 000000018002e310 f   sfc_debug:sfc_api.obj
 0001:0002d340       sfc_get_current_statement_info 000000018002e340 f   sfc_debug:sfc_api.obj
 0001:0002d3e0       sfc_api_get                000000018002e3e0 f   sfc_debug:sfc_api.obj
 0001:0002e040       sf_debug_sm_fill_state_activity_data 000000018002f040 f   sfc_debug:sfdb_animation.obj
 0001:00030880       void_ptr_stack_vector_free_total 0000000180031880 f   sfc_debug:sfdb_data_browse.obj
 0001:00030900       sf_debug_st_terminate_machine 0000000180031900 f   sfc_debug:sfdb_data_browse.obj
 0001:00030940       sf_debug_st_terminate_instance 0000000180031940 f   sfc_debug:sfdb_data_browse.obj
 0001:00030cf0       push_on_to_void_ptr_stack  0000000180031cf0 f   sfc_debug:sfdb_data_browse.obj
 0001:00030e80       pop_from_void_ptr_stack    0000000180031e80 f   sfc_debug:sfdb_data_browse.obj
 0001:00030fb0       sf_debug_st_get_data_value 0000000180031fb0 f   sfc_debug:sfdb_data_browse.obj
 0001:000314e0       mx_value                   00000001800324e0 f   sfc_debug:sfdb_data_browse.obj
 0001:00031520       sf_debug_st_fill_data_struct 0000000180032520 f   sfc_debug:sfdb_data_browse.obj
 0001:00031860       data_type_format_strings   0000000180032860 f   sfc_debug:sfdb_data_browse.obj
 0001:00031910       sf_debug_st_fill_data      0000000180032910 f   sfc_debug:sfdb_data_browse.obj
 0001:00032600       sf_debug_hm_get_simulink_handle 0000000180033600 f   sfc_debug:sfdb_handle_management.obj
 0001:000330b0       sf_debug_hm_initialize_globals 00000001800340b0 f   sfc_debug:sfdb_handle_management.obj
 0001:000331b0       sf_debug_hm_get_machine_debug_flag 00000001800341b0 f   sfc_debug:sfdb_handle_management.obj
 0001:00033320       sf_debug_hm_get_machine_id 0000000180034320 f   sfc_debug:sfdb_handle_management.obj
 0001:00033440       sf_debug_hm_get_chart_id   0000000180034440 f   sfc_debug:sfdb_handle_management.obj
 0001:000335e0       sf_debug_hm_register_executing_SFunction 00000001800345e0 f   sfc_debug:sfdb_handle_management.obj
 0001:00033970       sf_debug_hm_form_object_boolean_properties 0000000180034970 f   sfc_debug:sfdb_handle_management.obj
 0001:00033c40       sf_debug_hm_form_object_properties 0000000180034c40 f   sfc_debug:sfdb_handle_management.obj
 0001:00033e80       sf_debug_hm_terminate_charts 0000000180034e80 f   sfc_debug:sfdb_handle_management.obj
 0001:00034560       sf_debug_hm_terminate_machines 0000000180035560 f   sfc_debug:sfdb_handle_management.obj
 0001:00035fd0       sf_debug_ss_copy_dimension 0000000180036fd0 f   sfc_debug:sfdb_symbol_scope.obj
 0001:00036090       sf_debug_ss_get_number_elements 0000000180037090 f   sfc_debug:sfdb_symbol_scope.obj
 0001:000360b0       sf_debug_ss_fill_data_struct 00000001800370b0 f   sfc_debug:sfdb_symbol_scope.obj
 0001:00036400       sf_debug_ss_reset_data_info 0000000180037400 f   sfc_debug:sfdb_symbol_scope.obj
 0001:00036460       sf_debug_fill_data_info_by_symbol_scope_entry 0000000180037460 f   sfc_debug:sfdb_symbol_scope.obj
 0001:00036520       sf_debug_fill_data_info_by_data_vector 0000000180037520 f   sfc_debug:sfdb_symbol_scope.obj
 0001:00036770       get_data_info_helper       0000000180037770 f   sfc_debug:sfdb_symbol_scope.obj
 0001:00036a60       sf_debug_ss_get_data_info  0000000180037a60 f   sfc_debug:sfdb_symbol_scope.obj
 0001:00036c80       sf_debug_select_mex_function 0000000180037c80 f   sfc_debug:sfdb_symbol_scope.obj
 0001:00036cb0       sf_debug_is_dyn_matrix_initialized 0000000180037cb0 f   sfc_debug:sfdb_symbol_scope.obj
 0001:00036cd0       sf_debug_ss_set_data_value_try 0000000180037cd0 f   sfc_debug:sfdb_symbol_scope.obj
 0001:00036ec0       sf_debug_ss_get_data_value 0000000180037ec0 f   sfc_debug:sfdb_symbol_scope.obj
 0001:00037620       sf_debug_ss_data_bytes_string 0000000180038620 f   sfc_debug:sfdb_symbol_scope.obj
 0001:000376b0       sf_debug_ss_data_class_string 00000001800386b0 f   sfc_debug:sfdb_symbol_scope.obj
 0001:00037a30       sf_debug_ss_data_size_string 0000000180038a30 f   sfc_debug:sfdb_symbol_scope.obj
 0001:00037b10       sf_debug_ss_data_create_data_info_struct 0000000180038b10 f   sfc_debug:sfdb_symbol_scope.obj
 0001:00037dc0       sf_debug_ss_data_create_name_value_pair 0000000180038dc0 f   sfc_debug:sfdb_symbol_scope.obj
 0001:00037e60       sf_debug_ss_data_get_whos_info 0000000180038e60 f   sfc_debug:sfdb_symbol_scope.obj
 0001:00037e70       same_named_data_in_data_array 0000000180038e70 f   sfc_debug:sfdb_symbol_scope.obj
 0001:00039600       sf_debug_cc_terminate_chart 000000018003a600 f   sfc_debug:sfdb_coverage.obj
 0001:00039910       sf_debug_cc_terminate_instance 000000018003a910 f   sfc_debug:sfdb_coverage.obj
 0001:0003a4e0       sf_debug_cc_mark_object_if_needed 000000018003b4e0 f   sfc_debug:sfdb_coverage.obj
 0001:0003ad60       sf_debug_bm_initialize_eml 000000018003bd60 f   sfc_debug:sfdb_breakpoints.obj
 0001:0003be20       sf_debug_bm_map_debug_tag_to_breakpoint_tag 000000018003ce20 f   sfc_debug:sfdb_breakpoints.obj
 0001:0003bf00       sf_debug_bm_is_a_eml_breakpoint_impl 000000018003cf00 f   sfc_debug:sfdb_breakpoints.obj
 0001:0003d830       sf_debug_sc_push_on_error_stack 000000018003e830 f   sfc_debug:sfdb_state_consistency.obj
 0001:0003d950       sf_debug_sc_reset_error_stack 000000018003e950 f   sfc_debug:sfdb_state_consistency.obj
 0001:0003dae0       sf_debug_sc_is_state_inconsistent 000000018003eae0 f   sfc_debug:sfdb_state_consistency.obj
 0001:0003ddd0       sf_debug_sc_fill_consistency_info 000000018003edd0 f   sfc_debug:sfdb_state_consistency.obj
 0001:0003e370       void_assertion_fcn         000000018003f370 f   sfc_debug:sfdb_call_stack.obj
 0001:0003e8c0       sf_debug_tm_fill_local_trace 000000018003f8c0 f   sfc_debug:sfdb_call_stack.obj
 0001:0003ee60       sf_debug_cd_terminate_instance 000000018003fe60 f   sfc_debug:sfdb_cycle_detection.obj
 0001:0003eec0       sf_debug_cd_free_checksum_stack 000000018003fec0 f   sfc_debug:sfdb_cycle_detection.obj
 0001:0003ef10       sf_debug_cd_reset_pack_strings 000000018003ff10 f   sfc_debug:sfdb_cycle_detection.obj
 0001:0003f5b0       md5file_clear              00000001800405b0 f   sfc_debug:ckmd5.obj
 0001:0003f5e0       Encode                     00000001800405e0 f   sfc_debug:ckmd5.obj
 0001:0003f630       Decode                     0000000180040630 f   sfc_debug:ckmd5.obj
 0001:0003f6d0       MD5Transform               00000001800406d0 f   sfc_debug:ckmd5.obj
 0001:0003ff30       md5file_addn               0000000180040f30 f   sfc_debug:ckmd5.obj
 0001:00040000       md5file_hash               0000000180041000 f   sfc_debug:ckmd5.obj
 0001:00040570       pre_c_init                 0000000180041570 f   MSVCRT:crtdll.obj
 0001:0004082c       __DllMainCRTStartup        000000018004182c f   MSVCRT:crtdll.obj
 0001:00040ec0       __DllMainCRTStartup$filt$0 0000000180041ec0 f   MSVCRT:crtdll.obj
 0001:00040ef0       __DllMainCRTStartup$fin$1  0000000180041ef0 f   MSVCRT:crtdll.obj
 0001:00040f0a       _onexit$fin$0              0000000180041f0a f   MSVCRT:atonexit.obj
 0001:00040f30       _IsNonwritableInCurrentImage$filt$0 0000000180041f30 f   MSVCRT:pesect.obj
